02-20 09:23:36.113   893  1159 I chatty  : uid=1000(system) WifiScanningSer expire 1 line
02-20 09:23:36.124   893  2250 I chatty  : uid=1000(system) Binder:893_F expire 1 line
02-20 09:23:36.195   893  1277 I chatty  : uid=1000(system) Binder:893_6 expire 2 lines
02-20 09:23:36.770   893  1206 I chatty  : uid=1000(system) Binder:893_4 expire 3 lines
02-20 09:23:37.320   893   911 I chatty  : uid=1000(system) android.display expire 4 lines
02-20 09:23:37.342   893   919 I chatty  : uid=1000(system) ActivityManager expire 1 line
02-20 09:23:37.380   893   912 I chatty  : uid=1000(system) android.anim expire 2 lines
02-20 09:23:37.448  5429  5429 I TelecomFramework: UserCallIntentProcessor: sendIntentToDestination: trampoline to Telecom.: UCA.oC@AAA
02-20 09:23:37.460  5429  5429 I TelecomFramework: UserCallActivity: onCreate done
02-20 09:23:37.507 18987 18987 I ActivityThread: smart_link is  not supported!!!
02-20 09:23:37.596   893  1521 I chatty  : uid=1000(system) uteStateMachine expire 14 lines
02-20 09:23:37.596   893  1523 I chatty  : uid=1000(system) CallAudioModeSt expire 3 lines
02-20 09:23:37.654   893   918 I chatty  : uid=1000(system) ActivityManager expire 2 lines
02-20 09:23:37.655   893  1524 I chatty  : uid=1000(system) ConnectionSvrFo expire 2 lines
02-20 09:23:37.815   893  1523 I chatty  : uid=1000(system) CallAudioModeSt expire 5 lines
02-20 09:23:37.826   893  5505 I chatty  : uid=1000(system) Binder:893_20 expire 10 lines
02-20 09:23:37.831   893   918 I chatty  : uid=1000(system) ActivityManager expire 4 lines
02-20 09:23:37.859   893  3542 I chatty  : uid=1000(system) Binder:893_18 expire 32 lines
02-20 09:23:37.866   893  1521 I chatty  : uid=1000(system) uteStateMachine expire 17 lines
02-20 09:23:37.879   893  2250 I chatty  : uid=1000(system) Binder:893_F expire 3 lines
02-20 09:23:37.882  1220  1220 I TelecomFramework: TelephonyConnectionService: notifyCreateConnectionComplete TC@109_1: (...->CSW.hCCC)->CS.crCoC->H.CS.crCoC(cap/cast)@E-E-E-El0
02-20 09:23:37.895  1220  1220 I TelecomFramework: TelephonyConnectionService: onAudioStateChanged TC@109_1 [AudioState isMuted: false, route: SPEAKER, supportedRouteMask: SPEAKER, activeBluetoothDevice: [null], supportedBluetoothDevices: []]: (...->CSW.hCCC->CARSM.pM_UPDATE_SYSTEM_AUDIO_ROUTE)->CS.cASC->H.CS.cASC(cap/cast/cast)@E-E-E-El0
02-20 09:23:37.928   893   912 I chatty  : uid=1000(system) android.anim expire 2 lines
02-20 09:23:37.964   893   911 I chatty  : uid=1000(system) android.display expire 2 lines
02-20 09:23:38.985   893   893 I chatty  : uid=1000 system_server expire 16 lines
02-20 09:23:39.011   893   919 I chatty  : uid=1000(system) ActivityManager expire 4 lines
02-20 09:23:39.149  1220  1240 I TelecomFramework: : disconnect with sessionInfo TC@109_1 : (ICA.dC)->CS.d(caa/cast)@E-EmE
02-20 09:23:39.151  1220  1220 I TelecomFramework: TelephonyConnectionService: disconnect TC@109_1: (ICA.dC)->CS.d->H.CS.d(caa/cast)@E-EmE
02-20 09:23:39.490   893  1197 I chatty  : uid=1000(system) Binder:893_3 expire 1 line
02-20 09:23:39.685   893   914 I chatty  : uid=1000(system) watchdog expire 10 lines
02-20 09:23:39.720   893  1277 I chatty  : uid=1000(system) Binder:893_6 expire 4 lines
02-20 09:23:39.721   893  1160 I chatty  : uid=1000(system) ConnectivitySer expire 20 lines
02-20 09:23:40.024   893  1206 I chatty  : uid=1000(system) Binder:893_4 expire 6 lines
02-20 09:23:40.211   893  1128 I chatty  : uid=1000(system) AlarmManager expire 22 lines
02-20 09:23:45.004   893  2327 I chatty  : uid=1000(system) Binder:893_12 expire 1 line
02-20 09:23:45.527   893  1401 I chatty  : uid=1000(system) SSense expire 22 lines
02-20 09:23:50.883   893  3817 I chatty  : uid=1000(system) Binder:893_1B expire 4 lines
02-20 09:23:52.350   893  1139 I chatty  : uid=1000(system) RamPolicyExecut expire 2 lines
02-20 09:24:12.835   893  1167 I chatty  : uid=1000(system) DeviceStorageMo expire 2 lines
02-20 09:24:23.179   893  2249 I chatty  : uid=1000(system) Binder:893_E expire 1 line
02-20 09:26:00.351   893  3666 I chatty  : uid=1000(system) Binder:893_19 expire 2 lines
02-20 09:26:00.361   893  2249 I chatty  : uid=1000(system) Binder:893_E expire 2 lines
02-20 09:26:00.372   893   893 I chatty  : uid=1000 system_server expire 11 lines
02-20 09:26:00.382   893  2327 I chatty  : uid=1000(system) Binder:893_12 expire 8 lines
02-20 09:26:00.405   893  2246 I chatty  : uid=1000(system) Binder:893_C expire 3 lines
02-20 09:26:00.434   893  3817 I chatty  : uid=1000(system) Binder:893_1B expire 4 lines
02-20 09:26:01.655   893  1401 I chatty  : uid=1000(system) SSense expire 24 lines
02-20 09:26:05.592   893  1128 I chatty  : uid=1000(system) AlarmManager expire 15 lines
02-20 09:26:09.714   893   914 I chatty  : uid=1000(system) watchdog expire 12 lines
02-20 09:26:12.963   893  1167 I chatty  : uid=1000(system) DeviceStorageMo expire 3 lines
02-20 09:26:14.325   893   917 I chatty  : uid=1000(system) android.bg expire 5 lines
02-20 09:26:25.426   893  1397 I chatty  : uid=1000(system) PowerController expire 2 lines
02-20 09:26:25.466   893   908 I chatty  : uid=1000(system) android.fg expire 1 line
02-20 09:26:30.731   893  1160 I chatty  : uid=1000(system) ConnectivitySer expire 96 lines
02-20 09:26:36.104   893  1206 I chatty  : uid=1000(system) Binder:893_4 expire 1 line
02-20 09:26:36.124   893  1159 I chatty  : uid=1000(system) WifiScanningSer expire 1 line
02-20 09:27:52.386   893  1139 I chatty  : uid=1000(system) RamPolicyExecut expire 1 line
02-20 09:28:19.078   893   925 I chatty  : uid=1000(system) batterystats-wo expire 8 lines
02-20 09:29:00.000   893  1128 I chatty  : uid=1000(system) AlarmManager expire 45 lines
02-20 09:29:09.749   893   914 I chatty  : uid=1000(system) watchdog expire 35 lines
02-20 09:29:13.183   893  1167 I chatty  : uid=1000(system) DeviceStorageMo expire 9 lines
02-20 09:29:13.527   893  1160 I chatty  : uid=1000(system) ConnectivitySer expire 19 lines
02-20 09:29:19.875   893  1401 I chatty  : uid=1000(system) SSense expire 20 lines
02-20 09:29:36.111   893  3666 I chatty  : uid=1000(system) Binder:893_19 expire 3 lines
02-20 09:29:36.130   893  1159 I chatty  : uid=1000(system) WifiScanningSer expire 3 lines
02-20 09:29:36.757   893  2246 I chatty  : uid=1000(system) Binder:893_C expire 4 lines
02-20 09:29:36.777   893  2327 I chatty  : uid=1000(system) Binder:893_12 expire 11 lines
02-20 09:29:52.388   893  1139 I chatty  : uid=1000(system) RamPolicyExecut expire 4 lines
02-20 09:30:14.779   893   917 I chatty  : uid=1000(system) android.bg expire 5 lines
02-20 09:32:36.121   893  1206 I chatty  : uid=1000(system) Binder:893_4 expire 2 lines
02-20 09:32:36.163   893  1397 I chatty  : uid=1000(system) PowerController expire 5 lines
02-20 09:33:22.686   893  2249 I chatty  : uid=1000(system) Binder:893_E expire 7 lines
02-20 09:33:23.042   893  3817 I chatty  : uid=1000(system) Binder:893_1B expire 7 lines
02-20 09:33:23.042   893   919 I chatty  : uid=1000(system) ActivityManager expire 6 lines
02-20 09:33:23.938   893   893 I chatty  : uid=1000 system_server expire 4 lines
02-20 09:35:36.798   893  1276 I chatty  : uid=1000(system) Binder:893_5 expire 2 lines
02-20 09:37:39.849   893   914 I chatty  : uid=1000(system) watchdog expire 25 lines
02-20 09:37:52.489   893  1139 I chatty  : uid=1000(system) RamPolicyExecut expire 4 lines
02-20 09:38:00.000   893  1128 I chatty  : uid=1000(system) AlarmManager expire 34 lines
02-20 09:38:13.631   893  1167 I chatty  : uid=1000(system) DeviceStorageMo expire 6 lines
02-20 09:38:36.137   893  2246 I chatty  : uid=1000(system) Binder:893_C expire 1 line
02-20 09:38:36.141   893  1397 I chatty  : uid=1000(system) PowerController expire 1 line
02-20 09:38:36.153   893  1159 I chatty  : uid=1000(system) WifiScanningSer expire 2 lines
02-20 09:38:36.795   893  2327 I chatty  : uid=1000(system) Binder:893_12 expire 1 line
02-20 09:38:47.425   893  1401 I chatty  : uid=1000(system) SSense expire 20 lines
02-20 09:38:58.708   893  1160 I chatty  : uid=1000(system) ConnectivitySer expire 88 lines
02-20 09:39:32.401   893   925 I chatty  : uid=1000(system) batterystats-wo expire 1 line
02-20 09:39:52.641   893   910 I chatty  : uid=1000(system) android.io expire 1 line
02-20 09:39:55.429   893   917 I chatty  : uid=1000(system) android.bg expire 4 lines
02-20 09:41:36.146   893  3666 I chatty  : uid=1000(system) Binder:893_19 expire 3 lines
02-20 09:43:23.217   893   893 I chatty  : uid=1000 system_server expire 1 line
02-20 09:43:23.289   893  2758 I chatty  : uid=1000(system) Binder:893_17 expire 2 lines
02-20 09:44:06.202   893  1160 I chatty  : uid=1000(system) ConnectivitySer expire 149 lines
02-20 09:44:09.926   893   914 I chatty  : uid=1000(system) watchdog expire 12 lines
02-20 09:44:13.951   893  1167 I chatty  : uid=1000(system) DeviceStorageMo expire 3 lines
02-20 09:44:27.786   893  1401 I chatty  : uid=1000(system) SSense expire 4 lines
02-20 09:44:36.144   893  1128 I chatty  : uid=1000(system) AlarmManager expire 13 lines
02-20 09:44:36.159   893  2246 I chatty  : uid=1000(system) Binder:893_C expire 2 lines
02-20 09:44:36.164   893  1397 I chatty  : uid=1000(system) PowerController expire 1 line
02-20 09:44:36.178   893  1159 I chatty  : uid=1000(system) WifiScanningSer expire 1 line
02-20 09:44:36.240   893  2249 I chatty  : uid=1000(system) Binder:893_E expire 3 lines
02-20 09:44:36.312   893  3666 I chatty  : uid=1000(system) Binder:893_19 expire 2 lines
02-20 09:44:36.319   893   918 I chatty  : uid=1000(system) ActivityManager expire 4 lines
02-20 09:44:36.803   893  3542 I chatty  : uid=1000(system) Binder:893_18 expire 1 line
02-20 09:45:52.520   893  1139 I chatty  : uid=1000(system) RamPolicyExecut expire 4 lines
02-20 09:47:00.000   893  1128 I chatty  : uid=1000(system) AlarmManager expire 34 lines
02-20 09:47:01.473   893  1160 I chatty  : uid=1000(system) ConnectivitySer expire 105 lines
02-20 09:47:09.961   893   914 I chatty  : uid=1000(system) watchdog expire 25 lines
02-20 09:47:14.175   893  1167 I chatty  : uid=1000(system) DeviceStorageMo expire 6 lines
02-20 09:47:31.953   893  1401 I chatty  : uid=1000(system) SSense expire 20 lines
02-20 09:47:36.162   893   893 I chatty  : uid=1000 system_server expire 2 lines
02-20 09:47:36.167   893  3542 I chatty  : uid=1000(system) Binder:893_18 expire 2 lines
02-20 09:47:36.187   893  1159 I chatty  : uid=1000(system) WifiScanningSer expire 2 lines
02-20 09:47:36.328   893  2246 I chatty  : uid=1000(system) Binder:893_C expire 3 lines
02-20 09:47:36.812   893  1276 I chatty  : uid=1000(system) Binder:893_5 expire 3 lines
02-20 09:47:59.082   893   918 I chatty  : uid=1000(system) ActivityManager expire 1 line
02-20 09:50:36.174   893  1397 I chatty  : uid=1000(system) PowerController expire 1 line
02-20 09:50:36.842   893  2249 I chatty  : uid=1000(system) Binder:893_E expire 3 lines
02-20 09:53:10.032   893   914 I chatty  : uid=1000(system) watchdog expire 3 lines
02-20 09:53:14.655   893  1167 I chatty  : uid=1000(system) DeviceStorageMo expire 1 line
02-20 09:53:32.112   893   932 I chatty  : uid=1000(system) PowerManagerSer expire 10 lines
02-20 09:53:36.173   893  1128 I chatty  : uid=1000(system) AlarmManager expire 31 lines
02-20 09:53:36.190   893  2246 I chatty  : uid=1000(system) Binder:893_C expire 2 lines
02-20 09:53:36.208   893  1159 I chatty  : uid=1000(system) WifiScanningSer expire 3 lines
02-20 09:53:36.243   893  3542 I chatty  : uid=1000(system) Binder:893_18 expire 1 line
02-20 09:53:36.243   893  1160 I chatty  : uid=1000(system) ConnectivitySer expire 3 lines
02-20 09:53:36.247   893  1276 I chatty  : uid=1000(system) Binder:893_5 expire 8 lines
02-20 09:53:36.857   893  3666 I chatty  : uid=1000(system) Binder:893_19 expire 16 lines
02-20 09:53:37.063   893   917 I chatty  : uid=1000(system) android.bg expire 5 lines
02-20 09:53:39.084   893   893 I chatty  : uid=1000 system_server expire 9 lines
02-20 09:53:39.087   893  1397 I chatty  : uid=1000(system) PowerController expire 76 lines
02-20 09:53:39.217   893   918 I chatty  : uid=1000(system) ActivityManager expire 5 lines
02-20 09:53:39.262   893  1203 I chatty  : uid=1000(system) SunLightProtect expire 2 lines
02-20 09:53:39.264   893   911 I chatty  : uid=1000(system) android.display expire 4 lines
02-20 09:53:39.269   893  1189 I chatty  : uid=1000(system) SmartSS.bg expire 4 lines
02-20 09:53:39.270   893   912 I chatty  : uid=1000(system) android.anim expire 1 line
02-20 09:53:39.487   893  1127 I chatty  : uid=1000(system) PowerGuruServic expire 1 line
02-20 09:53:39.547   893  2756 I chatty  : uid=1000(system) Binder:893_15 expire 4 lines
02-20 09:53:39.603   893  3817 I chatty  : uid=1000(system) Binder:893_1B expire 8 lines
02-20 10:05:00.097   893  2250 I chatty  : uid=1000(system) Binder:893_F expire 2 lines
02-20 10:05:00.208   893   919 I chatty  : uid=1000(system) ActivityManager expire 2 lines
02-20 10:05:01.342  6025  6025 W ActivityThread: Main thread can not be idle for a long time.
02-20 10:05:01.355   893  1397 I chatty  : uid=1000(system) PowerController expire 2 lines
02-20 10:05:01.482   893   908 I chatty  : uid=1000(system) android.fg expire 2 lines
02-20 10:05:01.768   893  1397 I chatty  : uid=1000(system) PowerController expire 109 lines
02-20 10:05:03.450   893  1276 I chatty  : uid=1000(system) Binder:893_5 expire 1 line
02-20 10:05:03.551   893  3816 I chatty  : uid=1000(system) Binder:893_1A expire 1 line
02-20 10:05:03.551   893  5505 I chatty  : uid=1000(system) Binder:893_20 expire 11 lines
02-20 10:05:03.551   893  1197 I chatty  : uid=1000(system) Binder:893_3 expire 1 line
02-20 10:05:03.551   893  1160 I chatty  : uid=1000(system) ConnectivitySer expire 8 lines
02-20 10:05:03.552   893  1277 I chatty  : uid=1000(system) Binder:893_6 expire 3 lines
02-20 10:05:05.217   893   917 I chatty  : uid=1000(system) android.bg expire 3 lines
02-20 10:05:05.268   893   893 I chatty  : uid=1000 system_server expire 6 lines
02-20 10:05:20.520   893  1128 I chatty  : uid=1000(system) AlarmManager expire 30 lines
02-20 10:05:20.827   893  1140 I chatty  : uid=1000(system) Thread-6 expire 13 lines
02-20 10:15:00.023   893  2250 I chatty  : uid=1000(system) Binder:893_F expire 5 lines
02-20 10:15:00.369   893  2249 I chatty  : uid=1000(system) Binder:893_E expire 1 line
02-20 10:20:00.265   893  2246 I chatty  : uid=1000(system) Binder:893_C expire 3 lines
02-20 10:20:00.287   893   919 I chatty  : uid=1000(system) ActivityManager expire 6 lines
02-20 10:20:00.321   893  5505 I chatty  : uid=1000(system) Binder:893_20 expire 21 lines
02-20 10:20:00.342   893  2249 I chatty  : uid=1000(system) Binder:893_E expire 13 lines
02-20 10:20:00.511   893  1397 I chatty  : uid=1000(system) PowerController expire 24 lines
02-20 10:20:00.548   893   893 I chatty  : uid=1000 system_server expire 15 lines
02-20 10:20:00.555   893  2246 I chatty  : uid=1000(system) Binder:893_C expire 5 lines
02-20 10:20:00.698   893  3542 I chatty  : uid=1000(system) Binder:893_18 expire 2 lines
02-20 10:20:00.848   893  3666 I chatty  : uid=1000(system) Binder:893_19 expire 1 line
02-20 10:20:01.025   893  3816 I chatty  : uid=1000(system) Binder:893_1A expire 12 lines
02-20 10:20:01.050   893  1189 I chatty  : uid=1000(system) SmartSS.bg expire 2 lines
02-20 10:20:01.216   893   918 I chatty  : uid=1000(system) ActivityManager expire 3 lines
02-20 10:20:01.255   893  1277 I chatty  : uid=1000(system) Binder:893_6 expire 2 lines
02-20 10:20:02.261   893   914 I chatty  : uid=1000(system) watchdog expire 2 lines
02-20 10:20:05.109   893   917 I chatty  : uid=1000(system) android.bg expire 6 lines
02-20 10:22:05.524   893  1128 I chatty  : uid=1000(system) AlarmManager expire 36 lines
02-20 10:22:06.285   893  1167 I chatty  : uid=1000(system) DeviceStorageMo expire 1 line
02-20 10:30:00.599   893  1140 I chatty  : uid=1000(system) Thread-6 expire 5 lines
02-20 10:40:00.921  6232  6232 D ActivityThread: Loading provider contacts;com.android.contacts: com.android.providers.contacts.ContactsProvider2
02-20 10:40:01.103   893  1397 I chatty  : uid=1000(system) PowerController expire 14 lines
02-20 10:44:01.429   893  1128 I chatty  : uid=1000(system) AlarmManager expire 18 lines
02-20 10:44:01.491   893   925 I chatty  : uid=1000(system) batterystats-wo expire 4 lines
02-20 10:45:00.526   893  5505 I chatty  : uid=1000(system) Binder:893_20 expire 16 lines
02-20 10:54:59.519   893  1128 I chatty  : uid=1000(system) AlarmManager expire 39 lines
02-20 10:55:00.011   893  3816 I chatty  : uid=1000(system) Binder:893_1A expire 5 lines
02-20 10:55:00.014   893   917 I chatty  : uid=1000(system) android.bg expire 9 lines
02-20 10:55:01.558   893   914 I chatty  : uid=1000(system) watchdog expire 2 lines
02-20 10:55:03.275   893  1397 I chatty  : uid=1000(system) PowerController expire 67 lines
02-20 10:55:10.080   893   893 I chatty  : uid=1000 system_server expire 22 lines
02-20 10:55:10.093   893   908 I chatty  : uid=1000(system) android.fg expire 3 lines
02-20 10:55:10.167   893  1159 I chatty  : uid=1000(system) WifiScanningSer expire 1 line
02-20 10:55:10.807   893  1277 I chatty  : uid=1000(system) Binder:893_6 expire 6 lines
02-20 10:55:10.839   893  2246 I chatty  : uid=1000(system) Binder:893_C expire 5 lines
02-20 10:55:10.892   893  3542 I chatty  : uid=1000(system) Binder:893_18 expire 3 lines
02-20 10:55:14.420   893  1127 I chatty  : uid=1000(system) PowerGuruServic expire 2 lines
02-20 11:30:00.981   893  1140 I chatty  : uid=1000(system) Thread-6 expire 5 lines
02-20 11:41:14.947   893  2250 I chatty  : uid=1000(system) Binder:893_F expire 1 line
02-20 11:41:15.003   893  2249 I chatty  : uid=1000(system) Binder:893_E expire 3 lines
02-20 11:41:15.035   893   907 I chatty  : uid=1000(system) Binder:893_2 expire 2 lines
02-20 11:41:15.048   893  2221 I chatty  : uid=1000(system) Binder:893_A expire 2 lines
02-20 11:41:15.122   893  5101 I chatty  : uid=1000(system) Binder:893_1D expire 1 line
02-20 11:41:15.171   893  1206 I chatty  : uid=1000(system) Binder:893_4 expire 4 lines
02-20 11:41:15.221   893  1276 I chatty  : uid=1000(system) Binder:893_5 expire 4 lines
02-20 11:41:15.253   893  3817 I chatty  : uid=1000(system) Binder:893_1B expire 5 lines
02-20 11:41:15.268   893  2758 I chatty  : uid=1000(system) Binder:893_17 expire 6 lines
02-20 11:41:15.273   893  2258 I chatty  : uid=1000(system) Binder:893_10 expire 18 lines
02-20 11:41:15.492   893  1397 I chatty  : uid=1000(system) PowerController expire 105 lines
02-20 11:41:15.514   893  5101 I chatty  : uid=1000(system) Binder:893_1D expire 1 line
02-20 11:41:15.520   893  2233 I chatty  : uid=1000(system) Binder:893_B expire 13 lines
02-20 11:41:15.529   893  2221 I chatty  : uid=1000(system) Binder:893_A expire 7 lines
02-20 11:41:15.537   893  3666 I chatty  : uid=1000(system) Binder:893_19 expire 3 lines
02-20 11:41:15.556   893  3817 I chatty  : uid=1000(system) Binder:893_1B expire 18 lines
02-20 11:41:15.592   893   893 I chatty  : uid=1000 system_server expire 27 lines
02-20 11:41:15.653   893  2758 I chatty  : uid=1000(system) Binder:893_17 expire 4 lines
02-20 11:41:15.703   893  2250 I chatty  : uid=1000(system) Binder:893_F expire 8 lines
02-20 11:41:15.728   893  1197 I chatty  : uid=1000(system) Binder:893_3 expire 7 lines
02-20 11:41:15.874   893   914 I chatty  : uid=1000(system) watchdog expire 2 lines
02-20 11:41:16.108   893   918 I chatty  : uid=1000(system) ActivityManager expire 3 lines
02-20 11:41:16.613   893   919 I chatty  : uid=1000(system) ActivityManager expire 7 lines
02-20 11:41:16.632   893  1189 I chatty  : uid=1000(system) SmartSS.bg expire 2 lines
02-20 11:41:17.242   893  2221 I chatty  : uid=1000(system) Binder:893_A expire 3 lines
02-20 11:41:17.252   893  1140 I chatty  : uid=1000(system) Thread-6 expire 15 lines
02-20 11:41:17.333   893  1397 I chatty  : uid=1000(system) PowerController expire 84 lines
02-20 11:41:17.522   893  2233 I chatty  : uid=1000(system) Binder:893_B expire 5 lines
02-20 11:41:17.822   893   893 I chatty  : uid=1000 system_server expire 23 lines
02-20 11:41:17.823   893   919 I chatty  : uid=1000(system) ActivityManager expire 27 lines
02-20 11:41:18.755   893  3817 I chatty  : uid=1000(system) Binder:893_1B expire 4 lines
02-20 11:41:18.767   893  1160 I chatty  : uid=1000(system) ConnectivitySer expire 28 lines
02-20 11:41:18.831   893  2258 I chatty  : uid=1000(system) Binder:893_10 expire 6 lines
02-20 11:41:20.186   893   917 I chatty  : uid=1000(system) android.bg expire 2 lines
02-20 11:41:20.299   893  2250 I chatty  : uid=1000(system) Binder:893_F expire 3 lines
02-20 11:41:20.379   893  2758 I chatty  : uid=1000(system) Binder:893_17 expire 8 lines
02-20 11:41:20.632   893  1167 I chatty  : uid=1000(system) DeviceStorageMo expire 1 line
02-20 11:41:25.311   893  1128 I chatty  : uid=1000(system) AlarmManager expire 9 lines
02-20 11:41:39.089   893  2250 I chatty  : uid=1000(system) Binder:893_F expire 2 lines
02-20 11:41:39.166   893  2233 I chatty  : uid=1000(system) Binder:893_B expire 4 lines
02-20 11:41:39.166   893  2758 I chatty  : uid=1000(system) Binder:893_17 expire 4 lines
02-20 11:41:39.166   893  1160 I chatty  : uid=1000(system) ConnectivitySer expire 56 lines
02-20 11:41:39.174   893  1397 I chatty  : uid=1000(system) PowerController expire 107 lines
02-20 11:41:45.040   893   917 I chatty  : uid=1000(system) android.bg expire 2 lines
02-20 11:41:45.890   893   914 I chatty  : uid=1000(system) watchdog expire 2 lines
02-20 11:45:18.698   893  3666 I chatty  : uid=1000(system) Binder:893_19 expire 2 lines
02-20 11:45:18.698   893   906 I chatty  : uid=1000(system) Binder:893_1 expire 2 lines
02-20 11:45:18.698   893  1277 I chatty  : uid=1000(system) Binder:893_6 expire 2 lines
02-20 11:45:18.833   893  1140 I chatty  : uid=1000(system) Thread-6 expire 6 lines
02-20 12:03:01.224   893   918 I chatty  : uid=1000(system) ActivityManager expire 3 lines
02-20 12:03:01.225   893   919 I chatty  : uid=1000(system) ActivityManager expire 2 lines
02-20 12:03:01.577   893  5101 I chatty  : uid=1000(system) Binder:893_1D expire 1 line
02-20 12:03:01.577   893  1197 I chatty  : uid=1000(system) Binder:893_3 expire 1 line
02-20 12:03:05.633   893  3816 I chatty  : uid=1000(system) Binder:893_1A expire 10 lines
02-20 12:03:05.680   893  1160 I chatty  : uid=1000(system) ConnectivitySer expire 11 lines
02-20 12:05:37.509   893  1128 I chatty  : uid=1000(system) AlarmManager expire 26 lines
02-20 12:05:37.810   893  3666 I chatty  : uid=1000(system) Binder:893_19 expire 5 lines
02-20 12:17:46.529   893   925 I chatty  : uid=1000(system) batterystats-wo expire 4 lines
02-20 12:40:00.022   893  1397 I chatty  : uid=1000(system) PowerController expire 60 lines
02-20 12:40:00.025   893   893 I chatty  : uid=1000 system_server expire 12 lines
02-20 12:40:00.078   893  3817 I chatty  : uid=1000(system) Binder:893_1B expire 5 lines
02-20 12:40:00.530   893   919 I chatty  : uid=1000(system) ActivityManager expire 6 lines
02-20 12:40:00.667   893   917 I chatty  : uid=1000(system) android.bg expire 2 lines
02-20 12:40:00.674   893  1277 I chatty  : uid=1000(system) Binder:893_6 expire 4 lines
02-20 12:40:00.852   893  1127 I chatty  : uid=1000(system) PowerGuruServic expire 3 lines
02-20 12:50:40.458   893   914 I chatty  : uid=1000(system) watchdog expire 2 lines
02-20 12:58:29.739   893  1131 I chatty  : uid=1000(system) InputReader expire 5 lines
02-20 12:58:29.771   893   918 I chatty  : uid=1000(system) ActivityManager expire 8 lines
02-20 12:58:29.778   893   932 I chatty  : uid=1000(system) PowerManagerSer expire 7 lines
02-20 12:58:29.789   893  1203 I chatty  : uid=1000(system) SunLightProtect expire 2 lines
02-20 12:58:29.819   893   909 I chatty  : uid=1000(system) android.ui expire 4 lines
02-20 12:58:29.839 18987 18987 I ActivityThread: smart_link is  not supported!!!
02-20 12:58:29.841   893  2221 I chatty  : uid=1000(system) Binder:893_A expire 1 line
02-20 12:58:29.843   893   911 I chatty  : uid=1000(system) android.display expire 3 lines
02-20 12:58:29.909   893   912 I chatty  : uid=1000(system) android.anim expire 1 line
02-20 12:58:29.975   893  1139 I chatty  : uid=1000(system) RamPolicyExecut expire 1 line
02-20 12:58:30.018   893  2733 I chatty  : uid=1000(system) Binder:893_13 expire 3 lines
02-20 12:58:30.047   893  1206 I chatty  : uid=1000(system) Binder:893_4 expire 2 lines
02-20 12:58:30.052   893  1189 I chatty  : uid=1000(system) SmartSS.bg expire 2 lines
02-20 12:58:30.053   893  2233 I chatty  : uid=1000(system) Binder:893_B expire 2 lines
02-20 12:58:30.107   893  2249 I chatty  : uid=1000(system) Binder:893_E expire 1 line
02-20 12:58:30.136   893  3542 I chatty  : uid=1000(system) Binder:893_18 expire 2 lines
02-20 12:58:30.163   893  1160 I chatty  : uid=1000(system) ConnectivitySer expire 11 lines
02-20 12:58:30.361   893  1197 I chatty  : uid=1000(system) Binder:893_3 expire 1 line
02-20 12:58:30.531   893  1159 I chatty  : uid=1000(system) WifiScanningSer expire 1 line
02-20 12:58:30.691   893  5241 I chatty  : uid=1000(system) Binder:893_1F expire 2 lines
02-20 12:58:30.791   893   893 I chatty  : uid=1000 system_server expire 57 lines
02-20 12:58:30.808   893  1397 I chatty  : uid=1000(system) PowerController expire 74 lines
02-20 12:58:30.830   893  1206 I chatty  : uid=1000(system) Binder:893_4 expire 1 line
02-20 12:58:30.950   893  1299 I chatty  : uid=1000(system) Binder:893_7 expire 1 line
02-20 12:58:30.990   893  3817 I chatty  : uid=1000(system) Binder:893_1B expire 6 lines
02-20 12:58:31.065   893  3816 I chatty  : uid=1000(system) Binder:893_1A expire 3 lines
02-20 12:58:31.111   893  2258 I chatty  : uid=1000(system) Binder:893_10 expire 3 lines
02-20 12:58:31.214   893  2250 I chatty  : uid=1000(system) Binder:893_F expire 21 lines
02-20 12:58:31.222   893  1541 I chatty  : uid=1000(system) Binder:893_8 expire 5 lines
02-20 12:58:31.297   893   911 I chatty  : uid=1000(system) android.display expire 4 lines
02-20 12:58:31.309   893  2249 I chatty  : uid=1000(system) Binder:893_E expire 2 lines
02-20 12:58:31.311   893   908 I chatty  : uid=1000(system) android.fg expire 2 lines
02-20 12:58:31.318   893   919 I chatty  : uid=1000(system) ActivityManager expire 1 line
02-20 12:58:31.383   893   912 I chatty  : uid=1000(system) android.anim expire 2 lines
02-20 12:58:31.425   893  2140 I chatty  : uid=1000(system) Binder:893_9 expire 4 lines
02-20 12:58:31.461  7127  7127 I TelecomFramework: UserCallIntentProcessor: sendIntentToDestination: trampoline to Telecom.: UCA.oC@AAA
02-20 12:58:31.471  7127  7127 I TelecomFramework: UserCallActivity: onCreate done
02-20 12:58:31.529 18987 18987 I ActivityThread: smart_link is  not supported!!!
02-20 12:58:31.592   893   907 I chatty  : uid=1000(system) Binder:893_2 expire 3 lines
02-20 12:58:31.678   893  1160 I chatty  : uid=1000(system) ConnectivitySer expire 5 lines
02-20 12:58:31.943   893  1521 I chatty  : uid=1000(system) uteStateMachine expire 14 lines
02-20 12:58:31.946   893  1523 I chatty  : uid=1000(system) CallAudioModeSt expire 3 lines
02-20 12:58:32.048   893  1524 I chatty  : uid=1000(system) ConnectionSvrFo expire 2 lines
02-20 12:58:32.217   893  2250 I chatty  : uid=1000(system) Binder:893_F expire 30 lines
02-20 12:58:32.221   893  1523 I chatty  : uid=1000(system) CallAudioModeSt expire 5 lines
02-20 12:58:32.266   893  1521 I chatty  : uid=1000(system) uteStateMachine expire 17 lines
02-20 12:58:32.269   893  1541 I chatty  : uid=1000(system) Binder:893_8 expire 9 lines
02-20 12:58:32.271  1220  1220 I TelecomFramework: TelephonyConnectionService: notifyCreateConnectionComplete TC@110_1: (...->CSW.hCCC)->CS.crCoC->H.CS.crCoC(cap/cast)@E-E-E-EnY
02-20 12:58:32.283  1220  1220 I TelecomFramework: TelephonyConnectionService: onAudioStateChanged TC@110_1 [AudioState isMuted: false, route: SPEAKER, supportedRouteMask: SPEAKER, activeBluetoothDevice: [null], supportedBluetoothDevices: []]: (...->CSW.hCCC->CARSM.pM_UPDATE_SYSTEM_AUDIO_ROUTE)->CS.cASC->H.CS.cASC(cap/cast/cast)@E-E-E-EnY
02-20 12:58:32.337   893   912 I chatty  : uid=1000(system) android.anim expire 2 lines
02-20 12:58:32.341   893  2249 I chatty  : uid=1000(system) Binder:893_E expire 6 lines
02-20 12:58:32.379   893   911 I chatty  : uid=1000(system) android.display expire 2 lines
02-20 12:58:32.399   893  2140 I chatty  : uid=1000(system) Binder:893_9 expire 2 lines
02-20 12:58:32.617   893   907 I chatty  : uid=1000(system) Binder:893_2 expire 5 lines
02-20 12:58:32.668   893  1160 I chatty  : uid=1000(system) ConnectivitySer expire 35 lines
02-20 12:58:32.690   893  1397 I chatty  : uid=1000(system) PowerController expire 3 lines
02-20 12:58:32.782   893   893 I chatty  : uid=1000 system_server expire 15 lines
02-20 12:58:32.869   893  3817 I chatty  : uid=1000(system) Binder:893_1B expire 23 lines
02-20 12:58:32.928   893  1167 I chatty  : uid=1000(system) DeviceStorageMo expire 3 lines
02-20 12:58:33.063   893   918 I chatty  : uid=1000(system) ActivityManager expire 7 lines
02-20 12:58:34.418  1220  1436 I TelecomFramework: : disconnect with sessionInfo TC@110_1 : (ICA.dC)->CS.d(caa/cast)@E-Eno
02-20 12:58:34.419  1220  1220 I TelecomFramework: TelephonyConnectionService: disconnect TC@110_1: (ICA.dC)->CS.d->H.CS.d(caa/cast)@E-Eno
02-20 12:58:34.679   893   919 I chatty  : uid=1000(system) ActivityManager expire 2 lines
02-20 12:58:39.538   893  1401 I chatty  : uid=1000(system) SSense expire 21 lines
02-20 12:58:42.679   893  1128 I chatty  : uid=1000(system) AlarmManager expire 16 lines
02-20 12:58:46.324   893  1139 I chatty  : uid=1000(system) RamPolicyExecut expire 2 lines
02-20 12:58:57.986   893  5101 I chatty  : uid=1000(system) Binder:893_1D expire 1 line
02-20 12:58:57.986   893  3666 I chatty  : uid=1000(system) Binder:893_19 expire 1 line
02-20 12:58:57.987   893  2738 I chatty  : uid=1000(system) Binder:893_14 expire 1 line
02-20 12:58:58.099   893   914 I chatty  : uid=1000(system) watchdog expire 38 lines
02-20 13:00:48.640   893  1160 I chatty  : uid=1000(system) ConnectivitySer expire 65 lines
02-20 13:01:00.000   893  1128 I chatty  : uid=1000(system) AlarmManager expire 43 lines
02-20 13:01:07.963   893  5101 I chatty  : uid=1000(system) Binder:893_1D expire 5 lines
02-20 13:01:16.680   893  1401 I chatty  : uid=1000(system) SSense expire 27 lines
02-20 13:01:30.497   893  2250 I chatty  : uid=1000(system) Binder:893_F expire 2 lines
02-20 13:01:30.509   893  2249 I chatty  : uid=1000(system) Binder:893_E expire 3 lines
02-20 13:01:30.523   893  1159 I chatty  : uid=1000(system) WifiScanningSer expire 3 lines
02-20 13:01:31.158   893  1541 I chatty  : uid=1000(system) Binder:893_8 expire 5 lines
02-20 13:01:33.056   893  1167 I chatty  : uid=1000(system) DeviceStorageMo expire 7 lines
02-20 13:02:09.065   893  1397 I chatty  : uid=1000(system) PowerController expire 3 lines
02-20 13:02:09.094   893  2758 I chatty  : uid=1000(system) Binder:893_17 expire 6 lines
02-20 13:02:09.115   893   908 I chatty  : uid=1000(system) android.fg expire 1 line
02-20 13:02:09.201   893   893 I chatty  : uid=1000 system_server expire 2 lines
02-20 13:02:09.201   893   919 I chatty  : uid=1000(system) ActivityManager expire 2 lines
02-20 13:02:21.184   893   917 I chatty  : uid=1000(system) android.bg expire 8 lines
02-20 13:02:46.327   893  1139 I chatty  : uid=1000(system) RamPolicyExecut expire 3 lines
02-20 13:07:30.520   893  3817 I chatty  : uid=1000(system) Binder:893_1B expire 2 lines
02-20 13:08:07.588   893   925 I chatty  : uid=1000(system) batterystats-wo expire 5 lines
02-20 13:08:24.798   893  2327 I chatty  : uid=1000(system) Binder:893_12 expire 1 line
02-20 13:08:24.799   893  4840 I chatty  : uid=1000(system) Binder:893_1C expire 1 line
02-20 13:08:25.092   893  1401 I chatty  : uid=1000(system) SSense expire 29 lines
02-20 13:08:28.212   893   914 I chatty  : uid=1000(system) watchdog expire 34 lines
02-20 13:08:30.039   893   917 I chatty  : uid=1000(system) android.bg expire 9 lines
02-20 13:08:33.596   893  1167 I chatty  : uid=1000(system) DeviceStorageMo expire 8 lines
02-20 13:08:34.662   893  3817 I chatty  : uid=1000(system) Binder:893_1B expire 2 lines
02-20 13:08:34.663   893  1299 I chatty  : uid=1000(system) Binder:893_7 expire 1 line
02-20 13:08:34.663   893  1160 I chatty  : uid=1000(system) ConnectivitySer expire 54 lines
02-20 13:08:34.664   893  2250 I chatty  : uid=1000(system) Binder:893_F expire 2 lines
02-20 13:08:36.175   893  2738 I chatty  : uid=1000(system) Binder:893_14 expire 4 lines
02-20 13:08:36.177   893   919 I chatty  : uid=1000(system) ActivityManager expire 2 lines
02-20 13:08:46.336   893  1139 I chatty  : uid=1000(system) RamPolicyExecut expire 4 lines
02-20 13:09:00.000   893  1128 I chatty  : uid=1000(system) AlarmManager expire 44 lines
02-20 13:09:23.014   893  2327 I chatty  : uid=1000(system) Binder:893_12 expire 8 lines
02-20 13:09:23.025   893  1397 I chatty  : uid=1000(system) PowerController expire 4 lines
02-20 13:09:23.621   893   893 I chatty  : uid=1000 system_server expire 3 lines
02-20 13:09:23.621   893  1189 I chatty  : uid=1000(system) SmartSS.bg expire 2 lines
02-20 13:10:30.546   893  1159 I chatty  : uid=1000(system) WifiScanningSer expire 2 lines
02-20 13:11:50.439   893   925 I chatty  : uid=1000(system) batterystats-wo expire 1 line
02-20 13:12:53.602   893  2758 I chatty  : uid=1000(system) Binder:893_17 expire 2 lines
02-20 13:13:30.537   893  1541 I chatty  : uid=1000(system) Binder:893_8 expire 4 lines
02-20 13:15:00.449   893  1276 I chatty  : uid=1000(system) Binder:893_5 expire 3 lines
02-20 13:16:30.549   893  1128 I chatty  : uid=1000(system) AlarmManager expire 51 lines
02-20 13:16:30.551   893  1401 I chatty  : uid=1000(system) SSense expire 32 lines
02-20 13:16:30.555   893  2327 I chatty  : uid=1000(system) Binder:893_12 expire 7 lines
02-20 13:16:30.560   893  1397 I chatty  : uid=1000(system) PowerController expire 2 lines
02-20 13:16:30.573   893  1159 I chatty  : uid=1000(system) WifiScanningSer expire 4 lines
02-20 13:16:31.201   893  1541 I chatty  : uid=1000(system) Binder:893_8 expire 4 lines
02-20 13:16:31.220   893  2250 I chatty  : uid=1000(system) Binder:893_F expire 1 line
02-20 13:16:32.945   893  1160 I chatty  : uid=1000(system) ConnectivitySer expire 24 lines
02-20 13:16:34.121   893  1167 I chatty  : uid=1000(system) DeviceStorageMo expire 11 lines
02-20 13:16:46.361   893  1139 I chatty  : uid=1000(system) RamPolicyExecut expire 5 lines
02-20 13:16:58.311   893   914 I chatty  : uid=1000(system) watchdog expire 40 lines
02-20 13:19:13.504   893   893 I chatty  : uid=1000 system_server expire 4 lines
02-20 13:19:13.517   893   919 I chatty  : uid=1000(system) ActivityManager expire 2 lines
02-20 13:19:27.268   893   925 I chatty  : uid=1000(system) batterystats-wo expire 4 lines
02-20 13:19:31.213   893  2758 I chatty  : uid=1000(system) Binder:893_17 expire 8 lines
02-20 13:20:19.742   893   917 I chatty  : uid=1000(system) android.bg expire 7 lines
02-20 13:22:30.574   893  3817 I chatty  : uid=1000(system) Binder:893_1B expire 1 line
02-20 13:25:30.881   893   918 I chatty  : uid=1000(system) ActivityManager expire 4 lines
02-20 13:26:46.148   893  1401 I chatty  : uid=1000(system) SSense expire 12 lines
02-20 13:26:46.404   893  1139 I chatty  : uid=1000(system) RamPolicyExecut expire 1 line
02-20 13:26:58.430   893   914 I chatty  : uid=1000(system) watchdog expire 6 lines
02-20 13:27:00.001   893  1128 I chatty  : uid=1000(system) AlarmManager expire 8 lines
02-20 13:27:13.535   893   911 I chatty  : uid=1000(system) android.display expire 6 lines
02-20 13:27:14.637   893  2758 I chatty  : uid=1000(system) Binder:893_17 expire 7 lines
02-20 13:27:14.659   893  1189 I chatty  : uid=1000(system) SmartSS.bg expire 2 lines
02-20 13:27:14.668   893   912 I chatty  : uid=1000(system) android.anim expire 4 lines
02-20 13:27:14.684  7127  7127 I TelecomFramework: UserCallIntentProcessor: sendIntentToDestination: trampoline to Telecom.: UCA.oC@AAE
02-20 13:27:14.685   893  1541 I chatty  : uid=1000(system) Binder:893_8 expire 5 lines
02-20 13:27:14.689   893   893 I chatty  : uid=1000 system_server expire 56 lines
02-20 13:27:14.691  7127  7127 I TelecomFramework: UserCallActivity: onCreate done
02-20 13:27:14.714   893   917 I chatty  : uid=1000(system) android.bg expire 2 lines
02-20 13:27:14.719   893  1276 I chatty  : uid=1000(system) Binder:893_5 expire 32 lines
02-20 13:27:14.741 18987 18987 I ActivityThread: smart_link is  not supported!!!
02-20 13:27:14.817   893  1521 I chatty  : uid=1000(system) uteStateMachine expire 30 lines
02-20 13:27:14.817   893  1523 I chatty  : uid=1000(system) CallAudioModeSt expire 8 lines
02-20 13:27:14.905   893  1524 I chatty  : uid=1000(system) ConnectionSvrFo expire 2 lines
02-20 13:27:15.019  1220  1220 I TelecomFramework: TelephonyConnectionService: notifyCreateConnectionComplete TC@111_1: (...->CSW.hCCC)->CS.crCoC->H.CS.crCoC(cap/cast)@E-E-E-Eoo
02-20 13:27:15.026  1220  1220 I TelecomFramework: TelephonyConnectionService: onAudioStateChanged TC@111_1 [AudioState isMuted: false, route: SPEAKER, supportedRouteMask: SPEAKER, activeBluetoothDevice: [null], supportedBluetoothDevices: []]: (...->CSW.hCCC->CARSM.pM_UPDATE_SYSTEM_AUDIO_ROUTE)->CS.cASC->H.CS.cASC(cap/cast/cast)@E-E-E-Eoo
02-20 13:27:15.087   893  3817 I chatty  : uid=1000(system) Binder:893_1B expire 2 lines
02-20 13:27:16.513   893  2327 I chatty  : uid=1000(system) Binder:893_12 expire 26 lines
02-20 13:27:16.514  1220  1664 I TelecomFramework: : disconnect with sessionInfo TC@111_1 : (ICA.dC)->CS.d(caa/cast)@E-Eo4
02-20 13:27:16.514  1220  1220 I TelecomFramework: TelephonyConnectionService: disconnect TC@111_1: (ICA.dC)->CS.d->H.CS.d(caa/cast)@E-Eo4
02-20 13:27:34.621   893  1167 I chatty  : uid=1000(system) DeviceStorageMo expire 8 lines
02-20 13:28:14.747   893  1401 I chatty  : uid=1000(system) SSense expire 33 lines
02-20 13:28:26.612   893  2758 I chatty  : uid=1000(system) Binder:893_17 expire 5 lines
02-20 13:28:26.674   893  1299 I chatty  : uid=1000(system) Binder:893_7 expire 6 lines
02-20 13:28:26.674   893  1160 I chatty  : uid=1000(system) ConnectivitySer expire 26 lines
02-20 13:28:28.448   893   914 I chatty  : uid=1000(system) watchdog expire 28 lines
02-20 13:28:30.711   893  1128 I chatty  : uid=1000(system) AlarmManager expire 40 lines
02-20 13:28:30.718   893  2738 I chatty  : uid=1000(system) Binder:893_14 expire 14 lines
02-20 13:28:30.729   893   893 I chatty  : uid=1000 system_server expire 2 lines
02-20 13:28:30.731   893  1397 I chatty  : uid=1000(system) PowerController expire 8 lines
02-20 13:28:30.754   893  1159 I chatty  : uid=1000(system) WifiScanningSer expire 3 lines
02-20 13:28:46.408   893  1139 I chatty  : uid=1000(system) RamPolicyExecut expire 4 lines
02-20 13:30:33.428   893   918 I chatty  : uid=1000(system) ActivityManager expire 1 line
02-20 13:30:33.429   893   919 I chatty  : uid=1000(system) ActivityManager expire 8 lines
02-20 13:30:46.948   893   925 I chatty  : uid=1000(system) batterystats-wo expire 4 lines
02-20 13:32:26.962   893  5101 I chatty  : uid=1000(system) Binder:893_1D expire 8 lines
02-20 13:32:26.963   893  2140 I chatty  : uid=1000(system) Binder:893_9 expire 1 line
02-20 13:32:26.969   893  2327 I chatty  : uid=1000(system) Binder:893_12 expire 1 line
02-20 13:32:26.969   893  2756 I chatty  : uid=1000(system) Binder:893_15 expire 1 line
02-20 13:32:26.970   893  2221 I chatty  : uid=1000(system) Binder:893_A expire 1 line
02-20 13:32:26.970   893  5241 I chatty  : uid=1000(system) Binder:893_1F expire 1 line
02-20 13:32:26.970   893   907 I chatty  : uid=1000(system) Binder:893_2 expire 7 lines
02-20 13:32:26.973   893  1277 I chatty  : uid=1000(system) Binder:893_6 expire 1 line
02-20 13:33:25.543   893  1276 I chatty  : uid=1000(system) Binder:893_5 expire 9 lines
02-20 13:33:25.897   893   917 I chatty  : uid=1000(system) android.bg expire 1 line
02-20 13:33:26.685   893   908 I chatty  : uid=1000(system) android.fg expire 1 line
02-20 13:35:20.641   893  1160 I chatty  : uid=1000(system) ConnectivitySer expire 15 lines
02-20 13:35:21.208   893  1401 I chatty  : uid=1000(system) SSense expire 42 lines
02-20 13:35:28.531   893   914 I chatty  : uid=1000(system) watchdog expire 51 lines
02-20 13:35:35.196   893  1167 I chatty  : uid=1000(system) DeviceStorageMo expire 13 lines
02-20 13:36:00.001   893  1128 I chatty  : uid=1000(system) AlarmManager expire 60 lines
02-20 13:36:46.425   893  1139 I chatty  : uid=1000(system) RamPolicyExecut expire 6 lines
02-20 13:37:14.755   893   917 I chatty  : uid=1000(system) android.bg expire 4 lines
02-20 13:37:30.749   893  5101 I chatty  : uid=1000(system) Binder:893_1D expire 5 lines
02-20 13:37:30.766   893  1159 I chatty  : uid=1000(system) WifiScanningSer expire 4 lines
02-20 13:37:31.412   893  2258 I chatty  : uid=1000(system) Binder:893_10 expire 1 line
02-20 13:40:03.059   893  2140 I chatty  : uid=1000(system) Binder:893_9 expire 4 lines
02-20 13:40:03.067   893  1397 I chatty  : uid=1000(system) PowerController expire 3 lines
02-20 13:40:31.409   893   907 I chatty  : uid=1000(system) Binder:893_2 expire 5 lines
02-20 13:41:50.436   893   925 I chatty  : uid=1000(system) batterystats-wo expire 5 lines
02-20 13:43:30.768   893  5241 I chatty  : uid=1000(system) Binder:893_1F expire 3 lines
02-20 13:47:58.678   893   914 I chatty  : uid=1000(system) watchdog expire 37 lines
02-20 13:48:00.000   893  1128 I chatty  : uid=1000(system) AlarmManager expire 49 lines
02-20 13:48:09.607   893  1160 I chatty  : uid=1000(system) ConnectivitySer expire 32 lines
02-20 13:48:13.000   893  1401 I chatty  : uid=1000(system) SSense expire 35 lines
02-20 13:48:36.015   893  1167 I chatty  : uid=1000(system) DeviceStorageMo expire 9 lines
02-20 13:48:46.492   893  1139 I chatty  : uid=1000(system) RamPolicyExecut expire 5 lines
02-20 13:49:13.970   893  2140 I chatty  : uid=1000(system) Binder:893_9 expire 3 lines
02-20 13:49:14.017   893   907 I chatty  : uid=1000(system) Binder:893_2 expire 1 line
02-20 13:49:30.780   893  1276 I chatty  : uid=1000(system) Binder:893_5 expire 2 lines
02-20 13:49:30.799   893  1159 I chatty  : uid=1000(system) WifiScanningSer expire 3 lines
02-20 13:49:31.439   893  2258 I chatty  : uid=1000(system) Binder:893_10 expire 10 lines
02-20 13:52:30.788   893  1397 I chatty  : uid=1000(system) PowerController expire 3 lines
02-20 13:52:31.453   893  5101 I chatty  : uid=1000(system) Binder:893_1D expire 5 lines
02-20 13:55:12.036   893   925 I chatty  : uid=1000(system) batterystats-wo expire 4 lines
02-20 13:56:47.300   893   917 I chatty  : uid=1000(system) android.bg expire 1 line
02-20 13:57:09.435   893   932 I chatty  : uid=1000(system) PowerManagerSer expire 10 lines
02-20 13:57:16.434   893   893 I chatty  : uid=1000 system_server expire 2 lines
02-20 13:57:16.496   893  2738 I chatty  : uid=1000(system) Binder:893_14 expire 1 line
02-20 13:57:16.562   893   918 I chatty  : uid=1000(system) ActivityManager expire 1 line
02-20 13:57:16.601   893  1203 I chatty  : uid=1000(system) SunLightProtect expire 1 line
02-20 13:57:16.606   893   911 I chatty  : uid=1000(system) android.display expire 2 lines
02-20 13:57:16.615   893  1189 I chatty  : uid=1000(system) SmartSS.bg expire 2 lines
02-20 13:57:16.622   893   912 I chatty  : uid=1000(system) android.anim expire 7 lines
02-20 13:57:16.651   893   911 I chatty  : uid=1000(system) android.display expire 12 lines
02-20 13:57:16.803   893   893 I chatty  : uid=1000 system_server expire 10 lines
02-20 13:57:16.805   893  1127 I chatty  : uid=1000(system) PowerGuruServic expire 2 lines
02-20 13:57:16.863   893  1203 I chatty  : uid=1000(system) SunLightProtect expire 3 lines
02-20 13:57:16.870   893   907 I chatty  : uid=1000(system) Binder:893_2 expire 4 lines
02-20 13:57:16.872   893  5101 I chatty  : uid=1000(system) Binder:893_1D expire 6 lines
02-20 13:57:17.152   893  1397 I chatty  : uid=1000(system) PowerController expire 10 lines
02-20 13:57:18.581   893   918 I chatty  : uid=1000(system) ActivityManager expire 16 lines
02-20 13:57:18.650   893  5241 I chatty  : uid=1000(system) Binder:893_1F expire 2 lines
02-20 13:57:21.447   893  1128 I chatty  : uid=1000(system) AlarmManager expire 10 lines
02-20 13:58:44.569   893  1131 I chatty  : uid=1000(system) InputReader expire 6 lines
02-20 13:58:46.098   893   932 I chatty  : uid=1000(system) PowerManagerSer expire 7 lines
02-20 13:58:46.120   893   909 I chatty  : uid=1000(system) android.ui expire 4 lines
02-20 13:58:46.200 18987 18987 I ActivityThread: smart_link is  not supported!!!
02-20 13:58:46.216   893  2270 I chatty  : uid=1000(system) Binder:893_11 expire 3 lines
02-20 13:58:46.287   893  1139 I chatty  : uid=1000(system) RamPolicyExecut expire 7 lines
02-20 13:58:46.287   893  5132 I chatty  : uid=1000(system) Binder:893_1E expire 6 lines
02-20 13:58:46.292   893  1159 I chatty  : uid=1000(system) WifiScanningSer expire 1 line
02-20 13:58:46.310   893  1160 I chatty  : uid=1000(system) ConnectivitySer expire 7 lines
02-20 13:58:46.319   893   917 I chatty  : uid=1000(system) android.bg expire 3 lines
02-20 13:58:46.379   893  2738 I chatty  : uid=1000(system) Binder:893_14 expire 3 lines
02-20 13:58:46.465   893  2249 I chatty  : uid=1000(system) Binder:893_E expire 10 lines
02-20 13:58:51.596   893   914 I chatty  : uid=1000(system) watchdog expire 4 lines
02-20 13:58:56.280   893  1401 I chatty  : uid=1000(system) SSense expire 10 lines
02-20 13:58:59.442   893  1167 I chatty  : uid=1000(system) DeviceStorageMo expire 1 line
02-20 13:59:00.000   893  1128 I chatty  : uid=1000(system) AlarmManager expire 7 lines
02-20 13:59:04.740 18987 18987 F libc    : Fatal signal 11 (SIGSEGV), code 1 (SEGV_MAPERR), fault addr 0x6e006f0091 in tid 18987 (com.app.app), pid 18987 (com.app.app)
02-20 13:59:04.868  8290  8290 F DEBUG   : *** *** *** *** *** *** *** *** *** *** *** *** *** *** *** ***
02-20 13:59:04.868  8290  8290 F DEBUG   : Native Crash TIME: 112552688
02-20 13:59:04.868  8290  8290 F DEBUG   : *** *** *** *** *** *** *** *** *** *** *** *** *** *** *** ***
02-20 13:59:04.869  8290  8290 F DEBUG   : Build fingerprint: 'FEONAL/K118_EEA/K118_EEA:11/R01005/1632377861:user/release-keys'
02-20 13:59:04.869  8290  8290 F DEBUG   : Revision: '0'
02-20 13:59:04.869  8290  8290 F DEBUG   : ABI: 'arm64'
02-20 13:59:04.869  8290  8290 F DEBUG   : Timestamp: 2022-02-20 13:59:04+0100
02-20 13:59:04.869  8290  8290 F DEBUG   : pid: 18987, tid: 18987, name: com.app.app  >>> com.app.app <<<
02-20 13:59:04.869  8290  8290 F DEBUG   : uid: 10228
02-20 13:59:04.869  8290  8290 F DEBUG   : signal 11 (SIGSEGV), code 1 (SEGV_MAPERR), fault addr 0x6e006f0091
02-20 13:59:04.870  8290  8290 F DEBUG   :     x0  0000006e006f0069  x1  0000007fc1e86f64  x2  b400007a865fbad0  x3  00000000400143d5
02-20 13:59:04.870  8290  8290 F DEBUG   :     x4  0000000012ea6dfc  x5  0000007a354b4d50  x6  b400007ad6613ab0  x7  b400007ad6613ab0
02-20 13:59:04.870  8290  8290 F DEBUG   :     x8  0000006e006f0069  x9  a996b182d76eb380  x10 0000000000430000  x11 0000007a3603f40c
02-20 13:59:04.870  8290  8290 F DEBUG   :     x12 0000007a3603f454  x13 0000007a3603f49c  x14 0000007a3603f4fc  x15 0000000000000000
02-20 13:59:04.870  8290  8290 F DEBUG   :     x16 0000007cc86fa548  x17 0000007cc86d7fec  x18 0000007cccec2000  x19 b400007a865fbad0
02-20 13:59:04.870  8290  8290 F DEBUG   :     x20 0000000000000000  x21 0000000012ea6df8  x22 b400007a865fbad0  x23 b400007ba65f5868
02-20 13:59:04.870  8290  8290 F DEBUG   :     x24 00000000714f77d8  x25 0000007ccbe6d000  x26 0000000000000e3d  x27 0000000000000001
02-20 13:59:04.870  8290  8290 F DEBUG   :     x28 0000000000000004  x29 0000007fc1e86f00
02-20 13:59:04.870  8290  8290 F DEBUG   :     lr  0000007cc86bf6ac  sp  0000007fc1e86f00  pc  0000007cc86d7ffc  pst 0000000060000000
02-20 13:59:05.511  8290  8290 F DEBUG   : backtrace:
02-20 13:59:05.511  8290  8290 F DEBUG   :       #00 pc 0000000000048ffc  /system/lib64/libandroidfw.so (android::LoadedIdmap::IsUpToDate() const+16) (BuildId: 26a1fd36c1b0c2f3496b12675eb3f155)
02-20 13:59:05.511  8290  8290 F DEBUG   :       #01 pc 00000000000306a8  /system/lib64/libandroidfw.so (android::ApkAssets::IsUpToDate() const+32) (BuildId: 26a1fd36c1b0c2f3496b12675eb3f155)
02-20 13:59:05.512  8290  8290 F DEBUG   :       #02 pc 00000000001607f8  /system/lib64/libandroid_runtime.so (android::NativeIsUpToDate(_JNIEnv*, _jclass*, long)+12) (BuildId: 5ab9f55556ed364a0b76c3df5fff453e)
02-20 13:59:05.512  8290  8290 F DEBUG   :       #03 pc 00000000001fb0e8  /system/framework/arm64/boot-framework.oat (art_jni_trampoline+152) (BuildId: d93e121a174888ec3eb696c9fbfcb266b3744a30)
02-20 13:59:05.512  8290  8290 F DEBUG   :       #04 pc 0000000002066af0  /memfd:jit-cache (deleted) (offset 0x2000000) (android.content.res.ApkAssets.isUpToDate+64)
02-20 13:59:05.512  8290  8290 F DEBUG   :       #05 pc 0000000000133564  /apex/com.android.art/lib64/libart.so (art_quick_invoke_stub+548) (BuildId: cb58c47be45811a05ed04114af7740fa)
02-20 13:59:05.512  8290  8290 F DEBUG   :       #06 pc 00000000001a8a78  /apex/com.android.art/lib64/libart.so (art::ArtMethod::Invoke(art::Thread*, unsigned int*, unsigned int, art::JValue*, char const*)+200) (BuildId: cb58c47be45811a05ed04114af7740fa)
02-20 13:59:05.512  8290  8290 F DEBUG   :       #07 pc 000000000031831c  /apex/com.android.art/lib64/libart.so (art::interpreter::ArtInterpreterToCompiledCodeBridge(art::Thread*, art::ArtMethod*, art::ShadowFrame*, unsigned short, art::JValue*)+376) (BuildId: cb58c47be45811a05ed04114af7740fa)
