02-20 13:59:05.512  8290  8290 F DEBUG   :       #08 pc 000000000030e648  /apex/com.android.art/lib64/libart.so (bool art::interpreter::DoCall<false, false>(art::ArtMethod*, art::Thread*, art::ShadowFrame&, art::Instruction const*, unsigned short, art::JValue*)+996) (BuildId: cb58c47be45811a05ed04114af7740fa)
02-20 13:59:05.512  8290  8290 F DEBUG   :       #09 pc 000000000067cc28  /apex/com.android.art/lib64/libart.so (MterpInvokeVirtual+848) (BuildId: cb58c47be45811a05ed04114af7740fa)
02-20 13:59:05.512  8290  8290 F DEBUG   :       #10 pc 000000000012d814  /apex/com.android.art/lib64/libart.so (mterp_op_invoke_virtual+20) (BuildId: cb58c47be45811a05ed04114af7740fa)
02-20 13:59:05.512  8290  8290 F DEBUG   :       #11 pc 000000000037ce64  /system/framework/framework.jar (android.content.res.AssetManager.isUpToDate+32)
02-20 13:59:05.512  8290  8290 F DEBUG   :       #12 pc 0000000000305c44  /apex/com.android.art/lib64/libart.so (art::interpreter::Execute(art::Thread*, art::CodeItemDataAccessor const&, art::ShadowFrame&, art::JValue, bool, bool) (.llvm.11487796752256266877)+268) (BuildId: cb58c47be45811a05ed04114af7740fa)
02-20 13:59:05.512  8290  8290 F DEBUG   :       #13 pc 000000000030dc34  /apex/com.android.art/lib64/libart.so (art::interpreter::ArtInterpreterToInterpreterBridge(art::Thread*, art::CodeItemDataAccessor const&, art::ShadowFrame*, art::JValue*)+200) (BuildId: cb58c47be45811a05ed04114af7740fa)
02-20 13:59:05.512  8290  8290 F DEBUG   :       #14 pc 000000000030f01c  /apex/com.android.art/lib64/libart.so (bool art::interpreter::DoCall<false, true>(art::ArtMethod*, art::Thread*, art::ShadowFrame&, art::Instruction const*, unsigned short, art::JValue*)+1772) (BuildId: cb58c47be45811a05ed04114af7740fa)
02-20 13:59:05.512  8290  8290 F DEBUG   :       #15 pc 0000000000174fb8  /apex/com.android.art/lib64/libart.so (void art::interpreter::ExecuteSwitchImplCpp<true, false>(art::interpreter::SwitchImplContext*)+45680) (BuildId: cb58c47be45811a05ed04114af7740fa)
02-20 13:59:05.512  8290  8290 F DEBUG   :       #16 pc 000000000013f7d8  /apex/com.android.art/lib64/libart.so (ExecuteSwitchImplAsm+8) (BuildId: cb58c47be45811a05ed04114af7740fa)
02-20 13:59:05.512  8290  8290 F DEBUG   :       #17 pc 000000000019d070  /system/framework/framework.jar (android.app.ActivityThread.isLoadedApkResourceDirsUpToDate)
02-20 13:59:05.512  8290  8290 F DEBUG   :       #18 pc 0000000000305d4c  /apex/com.android.art/lib64/libart.so (art::interpreter::Execute(art::Thread*, art::CodeItemDataAccessor const&, art::ShadowFrame&, art::JValue, bool, bool) (.llvm.11487796752256266877)+532) (BuildId: cb58c47be45811a05ed04114af7740fa)
02-20 13:59:05.513  8290  8290 F DEBUG   :       #19 pc 000000000030dc34  /apex/com.android.art/lib64/libart.so (art::interpreter::ArtInterpreterToInterpreterBridge(art::Thread*, art::CodeItemDataAccessor const&, art::ShadowFrame*, art::JValue*)+200) (BuildId: cb58c47be45811a05ed04114af7740fa)
02-20 13:59:05.513  8290  8290 F DEBUG   :       #20 pc 000000000030f01c  /apex/com.android.art/lib64/libart.so (bool art::interpreter::DoCall<false, true>(art::ArtMethod*, art::Thread*, art::ShadowFrame&, art::Instruction const*, unsigned short, art::JValue*)+1772) (BuildId: cb58c47be45811a05ed04114af7740fa)
02-20 13:59:05.513  8290  8290 F DEBUG   :       #21 pc 0000000000177f40  /apex/com.android.art/lib64/libart.so (void art::interpreter::ExecuteSwitchImplCpp<true, false>(art::interpreter::SwitchImplContext*)+57848) (BuildId: cb58c47be45811a05ed04114af7740fa)
02-20 13:59:05.513  8290  8290 F DEBUG   :       #22 pc 000000000013f7d8  /apex/com.android.art/lib64/libart.so (ExecuteSwitchImplAsm+8) (BuildId: cb58c47be45811a05ed04114af7740fa)
02-20 13:59:05.513  8290  8290 F DEBUG   :       #23 pc 000000000019c16c  /system/framework/framework.jar (android.app.ActivityThread.getPackageInfo)
02-20 13:59:05.513  8290  8290 F DEBUG   :       #24 pc 0000000000305d4c  /apex/com.android.art/lib64/libart.so (art::interpreter::Execute(art::Thread*, art::CodeItemDataAccessor const&, art::ShadowFrame&, art::JValue, bool, bool) (.llvm.11487796752256266877)+532) (BuildId: cb58c47be45811a05ed04114af7740fa)
02-20 13:59:05.513  8290  8290 F DEBUG   :       #25 pc 000000000030dc34  /apex/com.android.art/lib64/libart.so (art::interpreter::ArtInterpreterToInterpreterBridge(art::Thread*, art::CodeItemDataAccessor const&, art::ShadowFrame*, art::JValue*)+200) (BuildId: cb58c47be45811a05ed04114af7740fa)
02-20 13:59:05.513  8290  8290 F DEBUG   :       #26 pc 000000000030ffdc  /apex/com.android.art/lib64/libart.so (bool art::interpreter::DoCall<true, true>(art::ArtMethod*, art::Thread*, art::ShadowFrame&, art::Instruction const*, unsigned short, art::JValue*)+1692) (BuildId: cb58c47be45811a05ed04114af7740fa)
02-20 13:59:05.513  8290  8290 F DEBUG   :       #27 pc 0000000000174f38  /apex/com.android.art/lib64/libart.so (void art::interpreter::ExecuteSwitchImplCpp<true, false>(art::interpreter::SwitchImplContext*)+45552) (BuildId: cb58c47be45811a05ed04114af7740fa)
02-20 13:59:05.513  8290  8290 F DEBUG   :       #28 pc 000000000013f7d8  /apex/com.android.art/lib64/libart.so (ExecuteSwitchImplAsm+8) (BuildId: cb58c47be45811a05ed04114af7740fa)
02-20 13:59:05.513  8290  8290 F DEBUG   :       #29 pc 000000000019c46c  /system/framework/framework.jar (android.app.ActivityThread.getPackageInfoNoCheck)
02-20 13:59:05.513  8290  8290 F DEBUG   :       #30 pc 0000000000305d4c  /apex/com.android.art/lib64/libart.so (art::interpreter::Execute(art::Thread*, art::CodeItemDataAccessor const&, art::ShadowFrame&, art::JValue, bool, bool) (.llvm.11487796752256266877)+532) (BuildId: cb58c47be45811a05ed04114af7740fa)
02-20 13:59:05.513  8290  8290 F DEBUG   :       #31 pc 000000000030dc34  /apex/com.android.art/lib64/libart.so (art::interpreter::ArtInterpreterToInterpreterBridge(art::Thread*, art::CodeItemDataAccessor const&, art::ShadowFrame*, art::JValue*)+200) (BuildId: cb58c47be45811a05ed04114af7740fa)
02-20 13:59:05.513  8290  8290 F DEBUG   :       #32 pc 000000000030f01c  /apex/com.android.art/lib64/libart.so (bool art::interpreter::DoCall<false, true>(art::ArtMethod*, art::Thread*, art::ShadowFrame&, art::Instruction const*, unsigned short, art::JValue*)+1772) (BuildId: cb58c47be45811a05ed04114af7740fa)
02-20 13:59:05.513  8290  8290 F DEBUG   :       #33 pc 0000000000174fb8  /apex/com.android.art/lib64/libart.so (void art::interpreter::ExecuteSwitchImplCpp<true, false>(art::interpreter::SwitchImplContext*)+45680) (BuildId: cb58c47be45811a05ed04114af7740fa)
02-20 13:59:05.513  8290  8290 F DEBUG   :       #34 pc 000000000013f7d8  /apex/com.android.art/lib64/libart.so (ExecuteSwitchImplAsm+8) (BuildId: cb58c47be45811a05ed04114af7740fa)
02-20 13:59:05.513  8290  8290 F DEBUG   :       #35 pc 00000000001a2bdc  /system/framework/framework.jar (android.app.ActivityThread.handleReceiver)
02-20 13:59:05.513  8290  8290 F DEBUG   :       #36 pc 0000000000305d4c  /apex/com.android.art/lib64/libart.so (art::interpreter::Execute(art::Thread*, art::CodeItemDataAccessor const&, art::ShadowFrame&, art::JValue, bool, bool) (.llvm.11487796752256266877)+532) (BuildId: cb58c47be45811a05ed04114af7740fa)
02-20 13:59:05.513  8290  8290 F DEBUG   :       #37 pc 000000000030dc34  /apex/com.android.art/lib64/libart.so (art::interpreter::ArtInterpreterToInterpreterBridge(art::Thread*, art::CodeItemDataAccessor const&, art::ShadowFrame*, art::JValue*)+200) (BuildId: cb58c47be45811a05ed04114af7740fa)
02-20 13:59:05.513  8290  8290 F DEBUG   :       #38 pc 000000000030f01c  /apex/com.android.art/lib64/libart.so (bool art::interpreter::DoCall<false, true>(art::ArtMethod*, art::Thread*, art::ShadowFrame&, art::Instruction const*, unsigned short, art::JValue*)+1772) (BuildId: cb58c47be45811a05ed04114af7740fa)
02-20 13:59:05.513  8290  8290 F DEBUG   :       #39 pc 0000000000174fb8  /apex/com.android.art/lib64/libart.so (void art::interpreter::ExecuteSwitchImplCpp<true, false>(art::interpreter::SwitchImplContext*)+45680) (BuildId: cb58c47be45811a05ed04114af7740fa)
02-20 13:59:05.513  8290  8290 F DEBUG   :       #40 pc 000000000013f7d8  /apex/com.android.art/lib64/libart.so (ExecuteSwitchImplAsm+8) (BuildId: cb58c47be45811a05ed04114af7740fa)
02-20 13:59:05.513  8290  8290 F DEBUG   :       #41 pc 000000000019dd20  /system/framework/framework.jar (android.app.ActivityThread.access$1400)
02-20 13:59:05.513  8290  8290 F DEBUG   :       #42 pc 0000000000305d4c  /apex/com.android.art/lib64/libart.so (art::interpreter::Execute(art::Thread*, art::CodeItemDataAccessor const&, art::ShadowFrame&, art::JValue, bool, bool) (.llvm.11487796752256266877)+532) (BuildId: cb58c47be45811a05ed04114af7740fa)
02-20 13:59:05.513  8290  8290 F DEBUG   :       #43 pc 000000000030dc34  /apex/com.android.art/lib64/libart.so (art::interpreter::ArtInterpreterToInterpreterBridge(art::Thread*, art::CodeItemDataAccessor const&, art::ShadowFrame*, art::JValue*)+200) (BuildId: cb58c47be45811a05ed04114af7740fa)
02-20 13:59:05.514  8290  8290 F DEBUG   :       #44 pc 000000000030e62c  /apex/com.android.art/lib64/libart.so (bool art::interpreter::DoCall<false, false>(art::ArtMethod*, art::Thread*, art::ShadowFrame&, art::Instruction const*, unsigned short, art::JValue*)+968) (BuildId: cb58c47be45811a05ed04114af7740fa)
02-20 13:59:05.514  8290  8290 F DEBUG   :       #45 pc 000000000067fb80  /apex/com.android.art/lib64/libart.so (MterpInvokeStatic+548) (BuildId: cb58c47be45811a05ed04114af7740fa)
02-20 13:59:05.514  8290  8290 F DEBUG   :       #46 pc 000000000012d994  /apex/com.android.art/lib64/libart.so (mterp_op_invoke_static+20) (BuildId: cb58c47be45811a05ed04114af7740fa)
02-20 13:59:05.514  8290  8290 F DEBUG   :       #47 pc 0000000000199df8  /system/framework/framework.jar (android.app.ActivityThread$H.handleMessage+1392)
02-20 13:59:05.514  8290  8290 F DEBUG   :       #48 pc 0000000000305c44  /apex/com.android.art/lib64/libart.so (art::interpreter::Execute(art::Thread*, art::CodeItemDataAccessor const&, art::ShadowFrame&, art::JValue, bool, bool) (.llvm.11487796752256266877)+268) (BuildId: cb58c47be45811a05ed04114af7740fa)
02-20 13:59:05.514  8290  8290 F DEBUG   :       #49 pc 000000000066b930  /apex/com.android.art/lib64/libart.so (artQuickToInterpreterBridge+780) (BuildId: cb58c47be45811a05ed04114af7740fa)
02-20 13:59:05.514  8290  8290 F DEBUG   :       #50 pc 000000000013cff8  /apex/com.android.art/lib64/libart.so (art_quick_to_interpreter_bridge+88) (BuildId: cb58c47be45811a05ed04114af7740fa)
02-20 13:59:05.514  8290  8290 F DEBUG   :       #51 pc 0000000002059028  /memfd:jit-cache (deleted) (offset 0x2000000) (android.os.Handler.dispatchMessage+168)
02-20 13:59:05.514  8290  8290 F DEBUG   :       #52 pc 0000000000133564  /apex/com.android.art/lib64/libart.so (art_quick_invoke_stub+548) (BuildId: cb58c47be45811a05ed04114af7740fa)
02-20 13:59:05.514  8290  8290 F DEBUG   :       #53 pc 00000000001a8a78  /apex/com.android.art/lib64/libart.so (art::ArtMethod::Invoke(art::Thread*, unsigned int*, unsigned int, art::JValue*, char const*)+200) (BuildId: cb58c47be45811a05ed04114af7740fa)
02-20 13:59:05.514  8290  8290 F DEBUG   :       #54 pc 000000000031831c  /apex/com.android.art/lib64/libart.so (art::interpreter::ArtInterpreterToCompiledCodeBridge(art::Thread*, art::ArtMethod*, art::ShadowFrame*, unsigned short, art::JValue*)+376) (BuildId: cb58c47be45811a05ed04114af7740fa)
02-20 13:59:05.514  8290  8290 F DEBUG   :       #55 pc 000000000030e648  /apex/com.android.art/lib64/libart.so (bool art::interpreter::DoCall<false, false>(art::ArtMethod*, art::Thread*, art::ShadowFrame&, art::Instruction const*, unsigned short, art::JValue*)+996) (BuildId: cb58c47be45811a05ed04114af7740fa)
02-20 13:59:05.514  8290  8290 F DEBUG   :       #56 pc 000000000067cc28  /apex/com.android.art/lib64/libart.so (MterpInvokeVirtual+848) (BuildId: cb58c47be45811a05ed04114af7740fa)
02-20 13:59:05.514  8290  8290 F DEBUG   :       #57 pc 000000000012d814  /apex/com.android.art/lib64/libart.so (mterp_op_invoke_virtual+20) (BuildId: cb58c47be45811a05ed04114af7740fa)
02-20 13:59:05.514  8290  8290 F DEBUG   :       #58 pc 000000000039b618  /system/framework/framework.jar (offset 0x926000) (android.os.Looper.loop+480)
02-20 13:59:05.514  8290  8290 F DEBUG   :       #59 pc 0000000000305c44  /apex/com.android.art/lib64/libart.so (art::interpreter::Execute(art::Thread*, art::CodeItemDataAccessor const&, art::ShadowFrame&, art::JValue, bool, bool) (.llvm.11487796752256266877)+268) (BuildId: cb58c47be45811a05ed04114af7740fa)
02-20 13:59:05.514  8290  8290 F DEBUG   :       #60 pc 000000000030dc34  /apex/com.android.art/lib64/libart.so (art::interpreter::ArtInterpreterToInterpreterBridge(art::Thread*, art::CodeItemDataAccessor const&, art::ShadowFrame*, art::JValue*)+200) (BuildId: cb58c47be45811a05ed04114af7740fa)
02-20 13:59:05.515  8290  8290 F DEBUG   :       #61 pc 000000000030f01c  /apex/com.android.art/lib64/libart.so (bool art::interpreter::DoCall<false, true>(art::ArtMethod*, art::Thread*, art::ShadowFrame&, art::Instruction const*, unsigned short, art::JValue*)+1772) (BuildId: cb58c47be45811a05ed04114af7740fa)
02-20 13:59:05.515  8290  8290 F DEBUG   :       #62 pc 0000000000177f40  /apex/com.android.art/lib64/libart.so (void art::interpreter::ExecuteSwitchImplCpp<true, false>(art::interpreter::SwitchImplContext*)+57848) (BuildId: cb58c47be45811a05ed04114af7740fa)
02-20 13:59:05.515  8290  8290 F DEBUG   :       #63 pc 000000000013f7d8  /apex/com.android.art/lib64/libart.so (ExecuteSwitchImplAsm+8) (BuildId: cb58c47be45811a05ed04114af7740fa)
02-20 13:59:05.515  8290  8290 F DEBUG   :       #64 pc 00000000001a4e3c  /system/framework/framework.jar (android.app.ActivityThread.main)
02-20 13:59:05.515  8290  8290 F DEBUG   :       #65 pc 0000000000305d4c  /apex/com.android.art/lib64/libart.so (art::interpreter::Execute(art::Thread*, art::CodeItemDataAccessor const&, art::ShadowFrame&, art::JValue, bool, bool) (.llvm.11487796752256266877)+532) (BuildId: cb58c47be45811a05ed04114af7740fa)
02-20 13:59:05.515  8290  8290 F DEBUG   :       #66 pc 000000000066b930  /apex/com.android.art/lib64/libart.so (artQuickToInterpreterBridge+780) (BuildId: cb58c47be45811a05ed04114af7740fa)
02-20 13:59:05.515  8290  8290 F DEBUG   :       #67 pc 000000000013cff8  /apex/com.android.art/lib64/libart.so (art_quick_to_interpreter_bridge+88) (BuildId: cb58c47be45811a05ed04114af7740fa)
02-20 13:59:05.515  8290  8290 F DEBUG   :       #68 pc 00000000001337e8  /apex/com.android.art/lib64/libart.so (art_quick_invoke_static_stub+568) (BuildId: cb58c47be45811a05ed04114af7740fa)
02-20 13:59:05.515  8290  8290 F DEBUG   :       #69 pc 00000000001a8a94  /apex/com.android.art/lib64/libart.so (art::ArtMethod::Invoke(art::Thread*, unsigned int*, unsigned int, art::JValue*, char const*)+228) (BuildId: cb58c47be45811a05ed04114af7740fa)
02-20 13:59:05.515  8290  8290 F DEBUG   :       #70 pc 0000000000555e2c  /apex/com.android.art/lib64/libart.so (art::InvokeMethod(art::ScopedObjectAccessAlreadyRunnable const&, _jobject*, _jobject*, _jobject*, unsigned long)+1364) (BuildId: cb58c47be45811a05ed04114af7740fa)
02-20 13:59:05.515  8290  8290 F DEBUG   :       #71 pc 00000000004d4ef0  /apex/com.android.art/lib64/libart.so (art::Method_invoke(_JNIEnv*, _jobject*, _jobject*, _jobjectArray*)+52) (BuildId: cb58c47be45811a05ed04114af7740fa)
02-20 13:59:05.515  8290  8290 F DEBUG   :       #72 pc 00000000000896f4  /apex/com.android.art/javalib/arm64/boot.oat (art_jni_trampoline+180) (BuildId: b77de09b67db1d38581389c0b201cddde04733b2)
02-20 13:59:05.515  8290  8290 F DEBUG   :       #73 pc 0000000000133564  /apex/com.android.art/lib64/libart.so (art_quick_invoke_stub+548) (BuildId: cb58c47be45811a05ed04114af7740fa)
02-20 13:59:05.515  8290  8290 F DEBUG   :       #74 pc 00000000001a8a78  /apex/com.android.art/lib64/libart.so (art::ArtMethod::Invoke(art::Thread*, unsigned int*, unsigned int, art::JValue*, char const*)+200) (BuildId: cb58c47be45811a05ed04114af7740fa)
02-20 13:59:05.515  8290  8290 F DEBUG   :       #75 pc 000000000031831c  /apex/com.android.art/lib64/libart.so (art::interpreter::ArtInterpreterToCompiledCodeBridge(art::Thread*, art::ArtMethod*, art::ShadowFrame*, unsigned short, art::JValue*)+376) (BuildId: cb58c47be45811a05ed04114af7740fa)
02-20 13:59:05.515  8290  8290 F DEBUG   :       #76 pc 000000000030e648  /apex/com.android.art/lib64/libart.so (bool art::interpreter::DoCall<false, false>(art::ArtMethod*, art::Thread*, art::ShadowFrame&, art::Instruction const*, unsigned short, art::JValue*)+996) (BuildId: cb58c47be45811a05ed04114af7740fa)
02-20 13:59:05.515  8290  8290 F DEBUG   :       #77 pc 000000000067cc28  /apex/com.android.art/lib64/libart.so (MterpInvokeVirtual+848) (BuildId: cb58c47be45811a05ed04114af7740fa)
02-20 13:59:05.515  8290  8290 F DEBUG   :       #78 pc 000000000012d814  /apex/com.android.art/lib64/libart.so (mterp_op_invoke_virtual+20) (BuildId: cb58c47be45811a05ed04114af7740fa)
02-20 13:59:05.515  8290  8290 F DEBUG   :       #79 pc 00000000004b9532  /system/framework/framework.jar (offset 0x120c000) (com.android.internal.os.RuntimeInit$MethodAndArgsCaller.run+22)
02-20 13:59:05.516  8290  8290 F DEBUG   :       #80 pc 0000000000305c44  /apex/com.android.art/lib64/libart.so (art::interpreter::Execute(art::Thread*, art::CodeItemDataAccessor const&, art::ShadowFrame&, art::JValue, bool, bool) (.llvm.11487796752256266877)+268) (BuildId: cb58c47be45811a05ed04114af7740fa)
02-20 13:59:05.516  8290  8290 F DEBUG   :       #81 pc 000000000066b930  /apex/com.android.art/lib64/libart.so (artQuickToInterpreterBridge+780) (BuildId: cb58c47be45811a05ed04114af7740fa)
02-20 13:59:05.516  8290  8290 F DEBUG   :       #82 pc 000000000013cff8  /apex/com.android.art/lib64/libart.so (art_quick_to_interpreter_bridge+88) (BuildId: cb58c47be45811a05ed04114af7740fa)
02-20 13:59:05.516  8290  8290 F DEBUG   :       #83 pc 000000000089f728  /system/framework/arm64/boot-framework.oat (com.android.internal.os.ZygoteInit.main+2280) (BuildId: d93e121a174888ec3eb696c9fbfcb266b3744a30)
02-20 13:59:05.516  8290  8290 F DEBUG   :       #84 pc 00000000001337e8  /apex/com.android.art/lib64/libart.so (art_quick_invoke_static_stub+568) (BuildId: cb58c47be45811a05ed04114af7740fa)
02-20 13:59:05.516  8290  8290 F DEBUG   :       #85 pc 00000000001a8a94  /apex/com.android.art/lib64/libart.so (art::ArtMethod::Invoke(art::Thread*, unsigned int*, unsigned int, art::JValue*, char const*)+228) (BuildId: cb58c47be45811a05ed04114af7740fa)
02-20 13:59:05.516  8290  8290 F DEBUG   :       #86 pc 0000000000554868  /apex/com.android.art/lib64/libart.so (art::JValue art::InvokeWithVarArgs<art::ArtMethod*>(art::ScopedObjectAccessAlreadyRunnable const&, _jobject*, art::ArtMethod*, std::__va_list)+448) (BuildId: cb58c47be45811a05ed04114af7740fa)
02-20 13:59:05.516  8290  8290 F DEBUG   :       #87 pc 0000000000554d1c  /apex/com.android.art/lib64/libart.so (art::JValue art::InvokeWithVarArgs<_jmethodID*>(art::ScopedObjectAccessAlreadyRunnable const&, _jobject*, _jmethodID*, std::__va_list)+92) (BuildId: cb58c47be45811a05ed04114af7740fa)
02-20 13:59:05.516  8290  8290 F DEBUG   :       #88 pc 0000000000438b08  /apex/com.android.art/lib64/libart.so (art::JNI<true>::CallStaticVoidMethodV(_JNIEnv*, _jclass*, _jmethodID*, std::__va_list)+656) (BuildId: cb58c47be45811a05ed04114af7740fa)
02-20 13:59:05.516  8290  8290 F DEBUG   :       #89 pc 0000000000099424  /system/lib64/libandroid_runtime.so (_JNIEnv::CallStaticVoidMethod(_jclass*, _jmethodID*, ...)+124) (BuildId: 5ab9f55556ed364a0b76c3df5fff453e)
02-20 13:59:05.516  8290  8290 F DEBUG   :       #90 pc 00000000000a08b0  /system/lib64/libandroid_runtime.so (android::AndroidRuntime::start(char const*, android::Vector<android::String8> const&, bool)+836) (BuildId: 5ab9f55556ed364a0b76c3df5fff453e)
02-20 13:59:05.516  8290  8290 F DEBUG   :       #91 pc 0000000000003580  /system/bin/app_process64 (main+1336) (BuildId: 3254c0fd94c1b04edc39169c6c635aac)
02-20 13:59:05.516  8290  8290 F DEBUG   :       #92 pc 000000000004988c  /apex/com.android.runtime/lib64/bionic/libc.so (__libc_init+108) (BuildId: 5a7c7a9febe88e7b41ae7b8079ed0f46)
02-20 13:59:06.786   893  8294 I chatty  : uid=1000 system_server expire 1 line
02-20 13:59:06.787   893   927 I chatty  : uid=1000(system) FileObserver expire 2 lines
02-20 13:59:06.790   893  8293 I chatty  : uid=1000 system_server expire 2 lines
02-20 13:59:06.926   893  2221 I chatty  : uid=1000(system) Binder:893_A expire 6 lines
02-20 13:59:07.042  1576  1576 I ActivityThread: smart_link is  not supported!!!
02-20 13:59:18.451   893   918 I chatty  : uid=1000(system) ActivityManager expire 2 lines
02-20 13:59:18.454   893   919 I chatty  : uid=1000(system) ActivityManager expire 2 lines
02-20 13:59:20.585  8308  8308 W ActivityThread: Main thread can not be idle for a long time.
02-20 13:59:20.616   893  1397 I chatty  : uid=1000(system) PowerController expire 3 lines
02-20 13:59:20.625   893  2733 I chatty  : uid=1000(system) Binder:893_13 expire 2 lines
02-20 13:59:20.992   893   893 I chatty  : uid=1000 system_server expire 8 lines
02-20 13:59:22.358   893  2233 I chatty  : uid=1000(system) Binder:893_B expire 6 lines
02-20 13:59:22.386   893   911 I chatty  : uid=1000(system) android.display expire 10 lines
02-20 13:59:23.131  8308  8308 I ActivityThread: smart_link is  not supported!!!
02-20 13:59:25.203   893  1276 I chatty  : uid=1000(system) Binder:893_5 expire 1 line
02-20 13:59:27.790   893  2249 I chatty  : uid=1000(system) Binder:893_E expire 5 lines
02-20 13:59:30.642   893  1401 I chatty  : uid=1000(system) SSense expire 10 lines
02-20 13:59:41.793   893   919 I chatty  : uid=1000(system) ActivityManager expire 5 lines
02-20 13:59:41.822   893  2233 I chatty  : uid=1000(system) Binder:893_B expire 4 lines
02-20 13:59:41.824   893   912 I chatty  : uid=1000(system) android.anim expire 6 lines
02-20 13:59:41.885  8376  8376 I TelecomFramework: UserCallIntentProcessor: sendIntentToDestination: trampoline to Telecom.: UCA.oC@AAA
02-20 13:59:41.886   893  2249 I chatty  : uid=1000(system) Binder:893_E expire 29 lines
02-20 13:59:41.891   893   893 I chatty  : uid=1000 system_server expire 56 lines
02-20 13:59:41.893  8376  8376 I TelecomFramework: UserCallActivity: onCreate done
02-20 13:59:41.913   893  3215 I chatty  : uid=1000(system) AsyncQueryWorke expire 2 lines
02-20 13:59:41.940  8308  8308 I ActivityThread: smart_link is  not supported!!!
02-20 13:59:41.971   893   911 I chatty  : uid=1000(system) android.display expire 5 lines
02-20 13:59:42.017   893  1521 I chatty  : uid=1000(system) uteStateMachine expire 30 lines
02-20 13:59:42.018   893  1523 I chatty  : uid=1000(system) CallAudioModeSt expire 8 lines
02-20 13:59:42.122   893  1524 I chatty  : uid=1000(system) ConnectionSvrFo expire 2 lines
02-20 13:59:42.161  8398  8398 D ActivityThread: Loading provider contacts;com.android.contacts: com.android.providers.contacts.ContactsProvider2
02-20 13:59:42.244   893  2221 I chatty  : uid=1000(system) Binder:893_A expire 29 lines
02-20 13:59:42.298  1220  1220 I TelecomFramework: TelephonyConnectionService: notifyCreateConnectionComplete TC@112_1: (...->CSW.hCCC)->CS.crCoC->H.CS.crCoC(cap/cast)@E-E-E-Eqk
02-20 13:59:42.304  1220  1220 I TelecomFramework: TelephonyConnectionService: onAudioStateChanged TC@112_1 [AudioState isMuted: false, route: SPEAKER, supportedRouteMask: SPEAKER, activeBluetoothDevice: [null], supportedBluetoothDevices: []]: (...->CSW.hCCC->CARSM.pM_UPDATE_SYSTEM_AUDIO_ROUTE)->CS.cASC->H.CS.cASC(cap/cast/cast)@E-E-E-Eqk
02-20 13:59:43.961   893  1276 I chatty  : uid=1000(system) Binder:893_5 expire 8 lines
02-20 13:59:43.962  1220  1729 I TelecomFramework: : disconnect with sessionInfo TC@112_1 : (ICA.dC)->CS.d(caa/cast)@E-Eq0
02-20 13:59:43.962  1220  1220 I TelecomFramework: TelephonyConnectionService: disconnect TC@112_1: (ICA.dC)->CS.d->H.CS.d(caa/cast)@E-Eq0
02-20 13:59:44.085   893   917 I chatty  : uid=1000(system) android.bg expire 2 lines
02-20 13:59:44.165   893   918 I chatty  : uid=1000(system) ActivityManager expire 2 lines
02-20 13:59:45.113   893  1397 I chatty  : uid=1000(system) PowerController expire 1 line
02-20 13:59:45.314   893  1160 I chatty  : uid=1000(system) ConnectivitySer expire 5 lines
02-20 13:59:51.608   893   914 I chatty  : uid=1000(system) watchdog expire 3 lines
02-20 13:59:56.803   893  1139 I chatty  : uid=1000(system) RamPolicyExecut expire 1 line
02-20 13:59:59.474   893  1167 I chatty  : uid=1000(system) DeviceStorageMo expire 1 line
02-20 14:00:00.001   893  1128 I chatty  : uid=1000(system) AlarmManager expire 41 lines
02-20 14:00:21.614   893   914 I chatty  : uid=1000(system) watchdog expire 28 lines
02-20 14:00:21.967   893  1401 I chatty  : uid=1000(system) SSense expire 33 lines
02-20 14:00:59.573   893  1167 I chatty  : uid=1000(system) DeviceStorageMo expire 7 lines
02-20 14:01:04.760   893  2249 I chatty  : uid=1000(system) Binder:893_E expire 5 lines
02-20 14:01:04.775   893  1397 I chatty  : uid=1000(system) PowerController expire 10 lines
02-20 14:01:04.789   893  2233 I chatty  : uid=1000(system) Binder:893_B expire 9 lines
02-20 14:01:07.964   893  2221 I chatty  : uid=1000(system) Binder:893_A expire 11 lines
02-20 14:01:46.494   893  1159 I chatty  : uid=1000(system) WifiScanningSer expire 2 lines
02-20 14:01:47.128   893  1276 I chatty  : uid=1000(system) Binder:893_5 expire 6 lines
02-20 14:01:56.811   893  1139 I chatty  : uid=1000(system) RamPolicyExecut expire 3 lines
02-20 14:03:11.766   893  1160 I chatty  : uid=1000(system) ConnectivitySer expire 58 lines
02-20 14:03:25.086   893   918 I chatty  : uid=1000(system) ActivityManager expire 1 line
02-20 14:03:44.224   893   917 I chatty  : uid=1000(system) android.bg expire 6 lines
02-20 14:07:21.696   893   914 I chatty  : uid=1000(system) watchdog expire 39 lines
02-20 14:07:28.242   893  1160 I chatty  : uid=1000(system) ConnectivitySer expire 41 lines
02-20 14:07:35.354   893  1401 I chatty  : uid=1000(system) SSense expire 36 lines
02-20 14:07:46.482   893  1128 I chatty  : uid=1000(system) AlarmManager expire 50 lines
02-20 14:07:46.487   893   893 I chatty  : uid=1000 system_server expire 1 line
02-20 14:07:46.490   893  1397 I chatty  : uid=1000(system) PowerController expire 2 lines
02-20 14:07:46.495   893  2140 I chatty  : uid=1000(system) Binder:893_9 expire 4 lines
02-20 14:07:46.510   893  1159 I chatty  : uid=1000(system) WifiScanningSer expire 4 lines
02-20 14:07:47.136   893  2270 I chatty  : uid=1000(system) Binder:893_11 expire 3 lines
02-20 14:07:47.154   893  1541 I chatty  : uid=1000(system) Binder:893_8 expire 7 lines
02-20 14:07:56.859   893  1139 I chatty  : uid=1000(system) RamPolicyExecut expire 5 lines
02-20 14:08:00.089   893  1167 I chatty  : uid=1000(system) DeviceStorageMo expire 9 lines
02-20 14:08:24.729   893   925 I chatty  : uid=1000(system) batterystats-wo expire 5 lines
02-20 14:10:47.169   893  3817 I chatty  : uid=1000(system) Binder:893_1B expire 1 line
02-20 14:13:46.509   893  1276 I chatty  : uid=1000(system) Binder:893_5 expire 2 lines
02-20 14:13:47.153   893  2756 I chatty  : uid=1000(system) Binder:893_15 expire 2 lines
02-20 14:16:33.015   893  3666 I chatty  : uid=1000(system) Binder:893_19 expire 12 lines
02-20 14:17:00.000   893  1128 I chatty  : uid=1000(system) AlarmManager expire 44 lines
02-20 14:17:00.713   893  1167 I chatty  : uid=1000(system) DeviceStorageMo expire 8 lines
02-20 14:17:00.911   893  1160 I chatty  : uid=1000(system) ConnectivitySer expire 25 lines
02-20 14:17:07.938   893  1401 I chatty  : uid=1000(system) SSense expire 30 lines
02-20 14:17:21.815   893   914 I chatty  : uid=1000(system) watchdog expire 32 lines
02-20 14:17:56.905   893  1139 I chatty  : uid=1000(system) RamPolicyExecut expire 4 lines
02-20 14:18:02.210   893  2270 I chatty  : uid=1000(system) Binder:893_11 expire 4 lines
02-20 14:19:44.409   893   925 I chatty  : uid=1000(system) batterystats-wo expire 4 lines
02-20 14:19:46.527   893  1397 I chatty  : uid=1000(system) PowerController expire 7 lines
02-20 14:19:46.542   893  1159 I chatty  : uid=1000(system) WifiScanningSer expire 2 lines
02-20 14:21:24.500   893  1541 I chatty  : uid=1000(system) Binder:893_8 expire 7 lines
02-20 14:21:24.572   893  2756 I chatty  : uid=1000(system) Binder:893_15 expire 8 lines
02-20 14:21:24.573   893   919 I chatty  : uid=1000(system) ActivityManager expire 6 lines
02-20 14:21:24.591   893   908 I chatty  : uid=1000(system) android.fg expire 1 line
02-20 14:21:25.082   893   917 I chatty  : uid=1000(system) android.bg expire 3 lines
02-20 14:21:25.102   893   918 I chatty  : uid=1000(system) ActivityManager expire 3 lines
02-20 14:21:25.112   893   893 I chatty  : uid=1000 system_server expire 5 lines
02-20 14:21:25.131   893  1189 I chatty  : uid=1000(system) SmartSS.bg expire 2 lines
02-20 14:21:25.258   893  1249 I chatty  : uid=1000(system) SyncManager expire 2 lines
02-20 14:21:25.490   893  2249 I chatty  : uid=1000(system) Binder:893_E expire 6 lines
02-20 14:22:47.177   893   906 I chatty  : uid=1000(system) Binder:893_1 expire 3 lines
02-20 14:25:00.002   893  1128 I chatty  : uid=1000(system) AlarmManager expire 40 lines
02-20 14:25:01.178   893  1167 I chatty  : uid=1000(system) DeviceStorageMo expire 5 lines
02-20 14:25:10.420   893  1401 I chatty  : uid=1000(system) SSense expire 16 lines
02-20 14:25:21.694   893  1160 I chatty  : uid=1000(system) ConnectivitySer expire 14 lines
02-20 14:25:21.909   893   914 I chatty  : uid=1000(system) watchdog expire 20 lines
02-20 14:25:46.541   893  3666 I chatty  : uid=1000(system) Binder:893_19 expire 9 lines
02-20 14:25:46.560   893  1159 I chatty  : uid=1000(system) WifiScanningSer expire 3 lines
02-20 14:25:56.933   893  1139 I chatty  : uid=1000(system) RamPolicyExecut expire 2 lines
02-20 14:28:41.417   893   893 I chatty  : uid=1000 system_server expire 11 lines
02-20 14:28:41.786   893  3817 I chatty  : uid=1000(system) Binder:893_1B expire 2 lines
02-20 14:28:46.375   893  1397 I chatty  : uid=1000(system) PowerController expire 52 lines
02-20 14:28:46.384   893  1299 I chatty  : uid=1000(system) Binder:893_7 expire 2 lines
02-20 14:29:39.717   893   932 I chatty  : uid=1000(system) PowerManagerSer expire 10 lines
02-20 14:29:46.822   893   918 I chatty  : uid=1000(system) ActivityManager expire 3 lines
02-20 14:29:46.874   893   911 I chatty  : uid=1000(system) android.display expire 4 lines
02-20 14:29:46.875   893  1203 I chatty  : uid=1000(system) SunLightProtect expire 2 lines
02-20 14:29:46.881   893   912 I chatty  : uid=1000(system) android.anim expire 1 line
02-20 14:29:47.088   893  1127 I chatty  : uid=1000(system) PowerGuruServic expire 1 line
02-20 14:29:47.205   893  2756 I chatty  : uid=1000(system) Binder:893_15 expire 4 lines
02-20 14:29:47.212   893  2140 I chatty  : uid=1000(system) Binder:893_9 expire 4 lines
02-20 14:35:00.565   893   917 I chatty  : uid=1000(system) android.bg expire 5 lines
02-20 14:35:01.632   893  1397 I chatty  : uid=1000(system) PowerController expire 128 lines
02-20 14:40:00.530   893  1128 I chatty  : uid=1000(system) AlarmManager expire 31 lines
02-20 14:40:00.549   893  2140 I chatty  : uid=1000(system) Binder:893_9 expire 12 lines
02-20 14:40:00.597   893   893 I chatty  : uid=1000 system_server expire 18 lines
02-20 14:40:00.616   893  2756 I chatty  : uid=1000(system) Binder:893_15 expire 2 lines
02-20 14:40:04.216   893  1167 I chatty  : uid=1000(system) DeviceStorageMo expire 1 line
02-20 14:55:00.530   893   906 I chatty  : uid=1000(system) Binder:893_1 expire 2 lines
02-20 14:55:03.590   893   919 I chatty  : uid=1000(system) ActivityManager expire 2 lines
02-20 14:55:04.641   893  1140 I chatty  : uid=1000(system) Thread-6 expire 1 line
02-20 14:55:04.862   893  2249 I chatty  : uid=1000(system) Binder:893_E expire 1 line
02-20 14:55:04.863   893  1160 I chatty  : uid=1000(system) ConnectivitySer expire 4 lines
02-20 14:55:04.950   893  1140 I chatty  : uid=1000(system) Thread-6 expire 3 lines
02-20 14:55:05.097   893   893 I chatty  : uid=1000 system_server expire 19 lines
02-20 14:55:05.109   893   906 I chatty  : uid=1000(system) Binder:893_1 expire 13 lines
02-20 14:55:05.146   893  1397 I chatty  : uid=1000(system) PowerController expire 38 lines
02-20 14:55:05.581   893   917 I chatty  : uid=1000(system) android.bg expire 9 lines
02-20 14:55:08.989   893  1128 I chatty  : uid=1000(system) AlarmManager expire 46 lines
02-20 14:57:25.573   893   914 I chatty  : uid=1000(system) watchdog expire 2 lines
02-20 14:57:25.726   893  2249 I chatty  : uid=1000(system) Binder:893_E expire 16 lines
02-20 15:00:00.535   893  2756 I chatty  : uid=1000(system) Binder:893_15 expire 6 lines
02-20 15:05:00.032   893  3666 I chatty  : uid=1000(system) Binder:893_19 expire 13 lines
02-20 15:10:00.537   893  2140 I chatty  : uid=1000(system) Binder:893_9 expire 8 lines
02-20 15:14:59.534   893   925 I chatty  : uid=1000(system) batterystats-wo expire 5 lines
02-20 15:15:00.131   893   908 I chatty  : uid=1000(system) android.fg expire 1 line
02-20 15:15:01.069   893  3817 I chatty  : uid=1000(system) Binder:893_1B expire 5 lines
02-20 15:15:01.084   893  1299 I chatty  : uid=1000(system) Binder:893_7 expire 2 lines
02-20 15:15:01.092   893   918 I chatty  : uid=1000(system) ActivityManager expire 4 lines
02-20 15:15:03.072   893   919 I chatty  : uid=1000(system) ActivityManager expire 17 lines
02-20 15:15:03.148   893  1397 I chatty  : uid=1000(system) PowerController expire 58 lines
02-20 15:15:03.435   893  2140 I chatty  : uid=1000(system) Binder:893_9 expire 4 lines
02-20 15:15:03.513   893  3666 I chatty  : uid=1000(system) Binder:893_19 expire 8 lines
02-20 15:15:03.513   893  1160 I chatty  : uid=1000(system) ConnectivitySer expire 12 lines
02-20 15:15:03.899   893  2756 I chatty  : uid=1000(system) Binder:893_15 expire 9 lines
02-20 15:15:04.313   893  1541 I chatty  : uid=1000(system) Binder:893_8 expire 7 lines
02-20 15:15:04.428   893   935 I chatty  : uid=1000(system) PackageManager expire 1 line
02-20 15:15:04.564   893  1164 I chatty  : uid=1000(system) ranker expire 2 lines
02-20 15:15:04.676   893   893 I chatty  : uid=1000 system_server expire 12 lines
02-20 15:15:04.769   893   908 I chatty  : uid=1000(system) android.fg expire 6 lines
02-20 15:15:04.777  9344  9344 D ActivityThread: Loading provider contacts;com.android.contacts: com.android.providers.contacts.ContactsProvider2
02-20 15:15:05.054   893   917 I chatty  : uid=1000(system) android.bg expire 3 lines
02-20 15:15:05.375   893  1276 I chatty  : uid=1000(system) Binder:893_5 expire 10 lines
02-20 15:15:06.072   893  1197 I chatty  : uid=1000(system) Binder:893_3 expire 10 lines
02-20 15:15:54.536   893  1128 I chatty  : uid=1000(system) AlarmManager expire 39 lines
02-20 15:30:00.354   893  1127 I chatty  : uid=1000(system) PowerGuruServic expire 3 lines
02-20 15:30:02.792   893   914 I chatty  : uid=1000(system) watchdog expire 2 lines
02-20 15:30:10.117   893  3817 I chatty  : uid=1000(system) Binder:893_1B expire 3 lines
02-20 15:30:10.175   893  1159 I chatty  : uid=1000(system) WifiScanningSer expire 1 line
02-20 15:30:10.919   893  2248 I chatty  : uid=1000(system) Binder:893_D expire 1 line
02-20 15:30:12.243   893  1167 I chatty  : uid=1000(system) DeviceStorageMo expire 1 line
02-20 16:10:00.600   893  1397 I chatty  : uid=1000(system) PowerController expire 118 lines
02-20 16:14:14.514   893  1128 I chatty  : uid=1000(system) AlarmManager expire 17 lines
02-20 16:14:14.538   893   914 I chatty  : uid=1000(system) watchdog expire 2 lines
02-20 16:26:05.523   893   893 I chatty  : uid=1000 system_server expire 5 lines
02-20 16:26:05.537   893  1197 I chatty  : uid=1000(system) Binder:893_3 expire 10 lines
02-20 16:26:05.588   893  2756 I chatty  : uid=1000(system) Binder:893_15 expire 8 lines
02-20 16:26:05.669   893  2248 I chatty  : uid=1000(system) Binder:893_D expire 7 lines
02-20 16:26:05.734   893   917 I chatty  : uid=1000(system) android.bg expire 1 line
02-20 16:26:05.975   893  3666 I chatty  : uid=1000(system) Binder:893_19 expire 6 lines
02-20 16:26:06.041   893  1276 I chatty  : uid=1000(system) Binder:893_5 expire 1 line
02-20 16:26:06.063   893  2140 I chatty  : uid=1000(system) Binder:893_9 expire 3 lines
02-20 16:26:06.110   893   906 I chatty  : uid=1000(system) Binder:893_1 expire 12 lines
02-20 16:26:06.154   893   918 I chatty  : uid=1000(system) ActivityManager expire 2 lines
02-20 16:26:06.191   893  1299 I chatty  : uid=1000(system) Binder:893_7 expire 2 lines
02-20 16:26:06.331   893   908 I chatty  : uid=1000(system) android.fg expire 1 line
02-20 16:26:06.368   893  3817 I chatty  : uid=1000(system) Binder:893_1B expire 1 line
02-20 16:26:06.394   893  1541 I chatty  : uid=1000(system) Binder:893_8 expire 4 lines
02-20 16:26:06.567   893  2248 I chatty  : uid=1000(system) Binder:893_D expire 5 lines
02-20 16:26:06.605   893  3817 I chatty  : uid=1000(system) Binder:893_1B expire 5 lines
02-20 16:26:06.665   893  1397 I chatty  : uid=1000(system) PowerController expire 146 lines
02-20 16:26:06.685   893   893 I chatty  : uid=1000 system_server expire 17 lines
02-20 16:26:06.708   893  3666 I chatty  : uid=1000(system) Binder:893_19 expire 3 lines
02-20 16:26:06.784   893  1197 I chatty  : uid=1000(system) Binder:893_3 expire 2 lines
02-20 16:26:06.794   893   906 I chatty  : uid=1000(system) Binder:893_1 expire 4 lines
02-20 16:26:06.844   893   917 I chatty  : uid=1000(system) android.bg expire 2 lines
02-20 16:26:07.210   893  1276 I chatty  : uid=1000(system) Binder:893_5 expire 4 lines
02-20 16:26:07.489   893  2140 I chatty  : uid=1000(system) Binder:893_9 expire 3 lines
02-20 16:26:07.502   893   918 I chatty  : uid=1000(system) ActivityManager expire 1 line
02-20 16:26:07.789   893  2733 I chatty  : uid=1000(system) Binder:893_13 expire 10 lines
02-20 16:26:07.824   893  1397 I chatty  : uid=1000(system) PowerController expire 76 lines
02-20 16:26:07.825   893   918 I chatty  : uid=1000(system) ActivityManager expire 4 lines
02-20 16:26:07.834   893  2140 I chatty  : uid=1000(system) Binder:893_9 expire 8 lines
02-20 16:26:07.951   893  2756 I chatty  : uid=1000(system) Binder:893_15 expire 5 lines
02-20 16:26:08.135   893  3666 I chatty  : uid=1000(system) Binder:893_19 expire 6 lines
02-20 16:26:08.231   893   906 I chatty  : uid=1000(system) Binder:893_1 expire 1 line
02-20 16:26:08.647   893   893 I chatty  : uid=1000 system_server expire 12 lines
02-20 16:26:08.653   893  1189 I chatty  : uid=1000(system) SmartSS.bg expire 2 lines
02-20 16:26:08.835   893   919 I chatty  : uid=1000(system) ActivityManager expire 4 lines
02-20 16:26:09.165   893   917 I chatty  : uid=1000(system) android.bg expire 2 lines
02-20 16:26:09.211   893  1160 I chatty  : uid=1000(system) ConnectivitySer expire 57 lines
02-20 16:26:09.861   893  2249 I chatty  : uid=1000(system) Binder:893_E expire 1 line
02-20 16:26:13.808   893  5241 I chatty  : uid=1000(system) Binder:893_1F expire 3 lines
02-20 16:26:14.272   893  3817 I chatty  : uid=1000(system) Binder:893_1B expire 4 lines
02-20 16:26:14.393   893  3816 I chatty  : uid=1000(system) Binder:893_1A expire 2 lines
02-20 16:26:16.298   893  1128 I chatty  : uid=1000(system) AlarmManager expire 1 line
02-20 16:26:33.618   893  2248 I chatty  : uid=1000(system) Binder:893_D expire 21 lines
02-20 16:26:33.618   893  1160 I chatty  : uid=1000(system) ConnectivitySer expire 8 lines
02-20 16:26:33.627   893  1397 I chatty  : uid=1000(system) PowerController expire 98 lines
02-20 16:26:33.883   893   914 I chatty  : uid=1000(system) watchdog expire 4 lines
02-20 16:26:35.553   893  2140 I chatty  : uid=1000(system) Binder:893_9 expire 8 lines
02-20 16:26:35.948   893   917 I chatty  : uid=1000(system) android.bg expire 3 lines
02-20 16:26:37.546   893  1128 I chatty  : uid=1000(system) AlarmManager expire 42 lines
02-20 16:30:06.697   893  1167 I chatty  : uid=1000(system) DeviceStorageMo expire 1 line
02-20 16:55:57.046   893  1276 I chatty  : uid=1000(system) Binder:893_5 expire 3 lines
02-20 17:25:00.544   893   893 I chatty  : uid=1000 system_server expire 2 lines
02-20 17:25:00.719   893  5132 I chatty  : uid=1000(system) Binder:893_1E expire 4 lines
02-20 17:25:01.029   893   919 I chatty  : uid=1000(system) ActivityManager expire 4 lines
02-20 17:25:01.377   893   918 I chatty  : uid=1000(system) ActivityManager expire 1 line
02-20 17:25:01.426   893  1127 I chatty  : uid=1000(system) PowerGuruServic expire 2 lines
02-20 17:38:32.556   893  5241 I chatty  : uid=1000(system) Binder:893_1F expire 6 lines
02-20 17:39:29.979   893  1397 I chatty  : uid=1000(system) PowerController expire 137 lines
02-20 17:40:00.508   893  1128 I chatty  : uid=1000(system) AlarmManager expire 45 lines
02-20 17:41:40.137   893  2140 I chatty  : uid=1000(system) Binder:893_9 expire 11 lines
02-20 17:51:13.513   893  5132 I chatty  : uid=1000(system) Binder:893_1E expire 4 lines
02-20 18:16:26.863   893  1276 I chatty  : uid=1000(system) Binder:893_5 expire 1 line
02-20 18:19:06.518   893   925 I chatty  : uid=1000(system) batterystats-wo expire 4 lines
02-20 18:19:06.617   893  2248 I chatty  : uid=1000(system) Binder:893_D expire 24 lines
02-20 18:19:06.618   893  1397 I chatty  : uid=1000(system) PowerController expire 97 lines
02-20 18:19:06.619   893   893 I chatty  : uid=1000 system_server expire 29 lines
02-20 18:19:06.635   893  5241 I chatty  : uid=1000(system) Binder:893_1F expire 24 lines
02-20 18:19:06.771   893  2140 I chatty  : uid=1000(system) Binder:893_9 expire 16 lines
02-20 18:19:06.806   893   917 I chatty  : uid=1000(system) android.bg expire 1 line
02-20 18:19:06.844   893  2733 I chatty  : uid=1000(system) Binder:893_13 expire 26 lines
02-20 18:19:06.919   893  1249 I chatty  : uid=1000(system) SyncManager expire 2 lines
02-20 18:19:06.934   893   918 I chatty  : uid=1000(system) ActivityManager expire 9 lines
02-20 18:19:06.939   893  1276 I chatty  : uid=1000(system) Binder:893_5 expire 19 lines
02-20 18:19:07.136   893  3817 I chatty  : uid=1000(system) Binder:893_1B expire 5 lines
02-20 18:19:07.206   893   908 I chatty  : uid=1000(system) android.fg expire 1 line
02-20 18:19:07.212   893  2756 I chatty  : uid=1000(system) Binder:893_15 expire 1 line
02-20 18:19:07.581   893  3816 I chatty  : uid=1000(system) Binder:893_1A expire 14 lines
02-20 18:19:08.081   893  1189 I chatty  : uid=1000(system) SmartSS.bg expire 2 lines
02-20 18:19:08.900   893  2270 I chatty  : uid=1000(system) Binder:893_11 expire 8 lines
02-20 18:19:10.406   893  3816 I chatty  : uid=1000(system) Binder:893_1A expire 30 lines
02-20 18:19:10.415   893  2733 I chatty  : uid=1000(system) Binder:893_13 expire 2 lines
02-20 18:19:10.737   893  1397 I chatty  : uid=1000(system) PowerController expire 29 lines
02-20 18:19:10.992   893   914 I chatty  : uid=1000(system) watchdog expire 4 lines
02-20 18:19:13.497   893  1128 I chatty  : uid=1000(system) AlarmManager expire 12 lines
02-20 18:19:20.541   893  1167 I chatty  : uid=1000(system) DeviceStorageMo expire 1 line
02-20 18:19:32.688   893  5132 I chatty  : uid=1000(system) Binder:893_1E expire 3 lines
02-20 18:19:36.967   893   917 I chatty  : uid=1000(system) android.bg expire 5 lines
02-20 18:19:37.028   893  2140 I chatty  : uid=1000(system) Binder:893_9 expire 4 lines
02-20 18:23:16.952   893  1140 I chatty  : uid=1000(system) Thread-6 expire 7 lines
02-20 18:26:24.955   893   908 I chatty  : uid=1000(system) android.fg expire 5 lines
02-20 18:26:25.507   893   893 I chatty  : uid=1000 system_server expire 17 lines
02-20 18:31:45.923   893  1160 I chatty  : uid=1000(system) ConnectivitySer expire 5 lines
02-20 18:37:04.116   893  1175 I chatty  : uid=1000(system) HwBinder:893_3 expire 18 lines
02-20 18:37:04.119   893  1297 I chatty  : uid=1000(system) HwBinder:893_4 expire 18 lines
02-20 18:37:06.331   893  1257 I chatty  : uid=1000(system) UsbService host expire 2 lines
02-20 18:37:06.357   893  1131 I chatty  : uid=1000(system) InputReader expire 5 lines
02-20 18:37:06.372   893  1127 I chatty  : uid=1000(system) PowerGuruServic expire 1 line
02-20 18:37:06.382   893   918 I chatty  : uid=1000(system) ActivityManager expire 4 lines
02-20 18:37:06.382   893   932 I chatty  : uid=1000(system) PowerManagerSer expire 6 lines
02-20 18:37:06.395   893  1203 I chatty  : uid=1000(system) SunLightProtect expire 1 line
02-20 18:37:06.399   893  2756 I chatty  : uid=1000(system) Binder:893_15 expire 1 line
02-20 18:37:06.399   893   909 I chatty  : uid=1000(system) android.ui expire 4 lines
02-20 18:37:06.454   893  1189 I chatty  : uid=1000(system) SmartSS.bg expire 2 lines
02-20 18:37:06.461   893  3817 I chatty  : uid=1000(system) Binder:893_1B expire 1 line
02-20 18:37:06.473   893   911 I chatty  : uid=1000(system) android.display expire 3 lines
02-20 18:37:06.489  8308  8308 I ActivityThread: smart_link is  not supported!!!
02-20 18:37:06.507   893   912 I chatty  : uid=1000(system) android.anim expire 1 line
02-20 18:37:06.543   893  1397 I chatty  : uid=1000(system) PowerController expire 41 lines
02-20 18:37:06.578   893  3816 I chatty  : uid=1000(system) Binder:893_1A expire 1 line
02-20 18:37:06.580   893  1139 I chatty  : uid=1000(system) RamPolicyExecut expire 1 line
02-20 18:37:06.601   893  1397 I chatty  : uid=1000(system) PowerController expire 77 lines
02-20 18:37:06.605   893  1160 I chatty  : uid=1000(system) ConnectivitySer expire 41 lines
02-20 18:37:06.608   893  1128 I chatty  : uid=1000(system) AlarmManager expire 13 lines
02-20 18:37:06.613   893  1203 I chatty  : uid=1000(system) SunLightProtect expire 1 line
02-20 18:37:06.630   893   932 I chatty  : uid=1000(system) PowerManagerSer expire 1 line
02-20 18:37:06.685   893  2140 I chatty  : uid=1000(system) Binder:893_9 expire 2 lines
02-20 18:37:06.693   893  3817 I chatty  : uid=1000(system) Binder:893_1B expire 5 lines
02-20 18:37:06.699   893  2270 I chatty  : uid=1000(system) Binder:893_11 expire 11 lines
02-20 18:37:06.716   893  2248 I chatty  : uid=1000(system) Binder:893_D expire 4 lines
02-20 18:37:06.718   893   893 I chatty  : uid=1000 system_server expire 6 lines
02-20 18:37:06.755   893  5132 I chatty  : uid=1000(system) Binder:893_1E expire 1 line
02-20 18:37:06.791   893  5241 I chatty  : uid=1000(system) Binder:893_1F expire 1 line
02-20 18:37:06.818   893   919 I chatty  : uid=1000(system) ActivityManager expire 7 lines
02-20 18:37:06.827   893  2756 I chatty  : uid=1000(system) Binder:893_15 expire 2 lines
02-20 18:37:06.892   893  1159 I chatty  : uid=1000(system) WifiScanningSer expire 1 line
02-20 18:37:07.008   893  2733 I chatty  : uid=1000(system) Binder:893_13 expire 5 lines
02-20 18:37:07.022   893  1276 I chatty  : uid=1000(system) Binder:893_5 expire 3 lines
02-20 18:37:07.023   893  3816 I chatty  : uid=1000(system) Binder:893_1A expire 1 line
02-20 18:37:07.643   893   911 I chatty  : uid=1000(system) android.display expire 1 line
02-20 18:37:07.712  9950  9950 W ActivityThread: Main thread can not be idle for a long time.
02-20 18:37:07.881   893   908 I chatty  : uid=1000(system) android.fg expire 2 lines
02-20 18:37:08.712   893   918 I chatty  : uid=1000(system) ActivityManager expire 3 lines
02-20 18:37:09.481   893  1175 I chatty  : uid=1000(system) HwBinder:893_3 expire 2 lines
02-20 18:37:09.484   893  1297 I chatty  : uid=1000(system) HwBinder:893_4 expire 16 lines
02-20 18:37:09.652   893  1175 I chatty  : uid=1000(system) HwBinder:893_3 expire 9 lines
02-20 18:37:09.737   893   893 I chatty  : uid=1000 system_server expire 10 lines
02-20 18:37:09.738   893   919 I chatty  : uid=1000(system) ActivityManager expire 8 lines
02-20 18:37:09.837   893  1249 I chatty  : uid=1000(system) SyncManager expire 2 lines
02-20 18:37:09.888   893   911 I chatty  : uid=1000(system) android.display expire 1 line
02-20 18:37:09.925   893   918 I chatty  : uid=1000(system) ActivityManager expire 4 lines
02-20 18:37:09.930   893  1160 I chatty  : uid=1000(system) ConnectivitySer expire 37 lines
02-20 18:37:10.087   893  2270 I chatty  : uid=1000(system) Binder:893_11 expire 4 lines
02-20 18:37:10.409   893  3816 I chatty  : uid=1000(system) Binder:893_1A expire 9 lines
02-20 18:37:10.422   893  2248 I chatty  : uid=1000(system) Binder:893_D expire 5 lines
02-20 18:37:12.188   893   908 I chatty  : uid=1000(system) android.fg expire 6 lines
02-20 18:37:12.195   893  1257 I chatty  : uid=1000(system) UsbService host expire 2 lines
02-20 18:37:16.534   893  1401 I chatty  : uid=1000(system) SSense expire 17 lines
02-20 18:37:23.417   893   914 I chatty  : uid=1000(system) watchdog expire 6 lines
02-20 18:37:25.565   893  1128 I chatty  : uid=1000(system) AlarmManager expire 9 lines
02-20 18:37:25.577   893  3817 I chatty  : uid=1000(system) Binder:893_1B expire 1 line
02-20 18:37:32.697   893  2756 I chatty  : uid=1000(system) Binder:893_15 expire 4 lines
02-20 18:37:33.049   893  1167 I chatty  : uid=1000(system) DeviceStorageMo expire 2 lines
02-20 18:37:37.635   893   910 I chatty  : uid=1000(system) android.io expire 1 line
02-20 18:37:37.636   893   932 I chatty  : uid=1000(system) PowerManagerSer expire 1 line
02-20 18:37:37.674   893  1277 I chatty  : uid=1000(system) Binder:893_6 expire 8 lines
02-20 18:37:37.738   893   925 I chatty  : uid=1000(system) batterystats-wo expire 1 line
02-20 18:37:37.871   893  1176 I chatty  : uid=1000(system) UEventObserver expire 2 lines
02-20 18:37:37.911   893  5132 I chatty  : uid=1000(system) Binder:893_1E expire 10 lines
02-20 18:37:38.174   893  2733 I chatty  : uid=1000(system) Binder:893_13 expire 7 lines
02-20 18:37:38.551 10323 10323 W ActivityThread: Main thread can not be idle for a long time.
02-20 18:37:39.770   893  1160 I chatty  : uid=1000(system) ConnectivitySer expire 11 lines
