02-20 19:17:16.449  1220  1220 I TelecomFramework: TelephonyConnectionService: onAudioStateChanged TC@113_1 [AudioState isMuted: false, route: SPEAKER, supportedRouteMask: SPEAKER, activeBluetoothDevice: [null], supportedBluetoothDevices: []]: (...->CSW.hCCC->CARSM.pM_UPDATE_SYSTEM_AUDIO_ROUTE)->CS.cASC->H.CS.cASC(cap/cast/cast)@E-E-E-Ews
02-20 19:17:16.533   893   912 I chatty  : uid=1000(system) android.anim expire 1 line
02-20 19:17:18.729   893  1160 I chatty  : uid=1000(system) ConnectivitySer expire 42 lines
02-20 19:17:22.170   893  1197 I chatty  : uid=1000(system) Binder:893_3 expire 13 lines
02-20 19:17:22.575   893  1397 I chatty  : uid=1000(system) PowerController expire 1 line
02-20 19:17:23.620   893  1197 I chatty  : uid=1000(system) Binder:893_3 expire 40 lines
02-20 19:17:23.621  1220  1837 I TelecomFramework: : disconnect with sessionInfo TC@113_1 : (ICA.dC)->CS.d(caa/cast)@E-Exk
02-20 19:17:23.621  1220  1220 I TelecomFramework: TelephonyConnectionService: disconnect TC@113_1: (ICA.dC)->CS.d->H.CS.d(caa/cast)@E-Exk
02-20 19:17:23.623   893  1523 I chatty  : uid=1000(system) CallAudioModeSt expire 4 lines
02-20 19:17:23.637   893  2757 I chatty  : uid=1000(system) Binder:893_16 expire 1 line
02-20 19:17:23.649   893   912 I chatty  : uid=1000(system) android.anim expire 1 line
02-20 19:17:23.713   893  1277 I chatty  : uid=1000(system) Binder:893_6 expire 1 line
02-20 19:17:23.727   893  1521 I chatty  : uid=1000(system) uteStateMachine expire 13 lines
02-20 19:17:23.766   893   893 I chatty  : uid=1000 system_server expire 24 lines
02-20 19:17:23.796   893   911 I chatty  : uid=1000(system) android.display expire 1 line
02-20 19:17:23.842   893   918 I chatty  : uid=1000(system) ActivityManager expire 2 lines
02-20 19:17:23.843   893   919 I chatty  : uid=1000(system) ActivityManager expire 2 lines
02-20 19:17:23.910   893   914 I chatty  : uid=1000(system) watchdog expire 2 lines
02-20 19:17:24.753   893  1160 I chatty  : uid=1000(system) ConnectivitySer expire 53 lines
02-20 19:17:24.882   893  1276 I chatty  : uid=1000(system) Binder:893_5 expire 1 line
02-20 19:17:26.130   893  1401 I chatty  : uid=1000(system) SSense expire 1 line
02-20 19:17:29.532   893 14812 I chatty  : uid=1000 system_server expire 26 lines
02-20 19:17:29.533  1220  1220 I TelecomFramework: TelephonyConnectionService: notifyCreateConnectionComplete TC@114_1: (...->CSW.hCCC)->CS.crCoC->H.CS.crCoC(cap/cast)@E-E-E-EyM
02-20 19:17:29.622   893 14813 I chatty  : uid=1000 system_server expire 1 line
02-20 19:17:29.658   893  1521 I chatty  : uid=1000(system) uteStateMachine expire 10 lines
02-20 19:17:29.659   893  1523 I chatty  : uid=1000(system) CallAudioModeSt expire 14 lines
02-20 19:17:29.686   893 14812 I chatty  : uid=1000 system_server expire 5 lines
02-20 19:17:29.690  1220  1220 I TelecomFramework: TelephonyConnectionService: onAudioStateChanged TC@114_1 [AudioState isMuted: false, route: SPEAKER, supportedRouteMask: SPEAKER, activeBluetoothDevice: [null], supportedBluetoothDevices: []]: (...->CSW.hCCC->ICFG.sF->ICFG.sF->ICFG.sF->CILH.sL->CILH.oQC->BCF.gBS->BCF.gBS->ICFG.sF->ICFG.sF->ICFG.sF->ICFG.sF->ICFG.sF->ICFG.sF->ICFG.sF->CARSM.pM_UPDATE_SYSTEM_AUDIO_ROUTE)->CS.cASC->H.CS.cASC(cap/cast/cast)@E-E-E-EyM
02-20 19:17:29.829   893   893 I chatty  : uid=1000 system_server expire 17 lines
02-20 19:17:29.941   893  1277 I chatty  : uid=1000(system) Binder:893_6 expire 2 lines
02-20 19:17:29.944   893   912 I chatty  : uid=1000(system) android.anim expire 2 lines
02-20 19:17:29.976   893   911 I chatty  : uid=1000(system) android.display expire 2 lines
02-20 19:17:30.781   893  1160 I chatty  : uid=1000(system) ConnectivitySer expire 31 lines
02-20 19:17:30.984   893  1139 I chatty  : uid=1000(system) RamPolicyExecut expire 2 lines
02-20 19:17:32.189   893  1276 I chatty  : uid=1000(system) Binder:893_5 expire 12 lines
02-20 19:17:32.191  1220  1867 I TelecomFramework: : disconnect with sessionInfo TC@114_1 : (ICA.dC)->CS.d(caa/cast)@E-Eyc
02-20 19:17:32.193  1220  1220 I TelecomFramework: TelephonyConnectionService: disconnect TC@114_1: (ICA.dC)->CS.d->H.CS.d(caa/cast)@E-Eyc
02-20 19:17:32.208   893  1197 I chatty  : uid=1000(system) Binder:893_3 expire 17 lines
02-20 19:17:32.267   893  5101 I chatty  : uid=1000(system) Binder:893_1D expire 4 lines
02-20 19:17:32.433   893   908 I chatty  : uid=1000(system) android.fg expire 2 lines
02-20 19:17:33.139   893  1401 I chatty  : uid=1000(system) SSense expire 21 lines
02-20 19:17:35.978   893  1167 I chatty  : uid=1000(system) DeviceStorageMo expire 2 lines
02-20 19:17:53.917   893   914 I chatty  : uid=1000(system) watchdog expire 8 lines
02-20 19:18:00.000   893  1128 I chatty  : uid=1000(system) AlarmManager expire 12 lines
02-20 19:19:32.007   893  1159 I chatty  : uid=1000(system) WifiScanningSer expire 1 line
02-20 19:19:32.114   893  2327 I chatty  : uid=1000(system) Binder:893_12 expire 1 line
02-20 19:19:32.202   893  2250 I chatty  : uid=1000(system) Binder:893_F expire 5 lines
02-20 19:19:32.206   893  2248 I chatty  : uid=1000(system) Binder:893_D expire 2 lines
02-20 19:19:32.809   893  2756 I chatty  : uid=1000(system) Binder:893_15 expire 1 line
02-20 19:19:33.044   893  2221 I chatty  : uid=1000(system) Binder:893_A expire 1 line
02-20 19:19:36.117   893  1167 I chatty  : uid=1000(system) DeviceStorageMo expire 2 lines
02-20 19:19:36.156   893  1401 I chatty  : uid=1000(system) SSense expire 7 lines
02-20 19:19:40.361   893  1160 I chatty  : uid=1000(system) ConnectivitySer expire 154 lines
02-20 19:19:44.897   893  2250 I chatty  : uid=1000(system) Binder:893_F expire 2 lines
02-20 19:19:44.907   893  1397 I chatty  : uid=1000(system) PowerController expire 2 lines
02-20 19:19:53.941   893   914 I chatty  : uid=1000(system) watchdog expire 6 lines
02-20 19:19:57.098   893  1128 I chatty  : uid=1000(system) AlarmManager expire 10 lines
02-20 19:19:57.115   893   893 I chatty  : uid=1000 system_server expire 3 lines
02-20 19:19:57.123   893   919 I chatty  : uid=1000(system) ActivityManager expire 6 lines
02-20 19:21:07.813   893  1160 I chatty  : uid=1000(system) ConnectivitySer expire 22 lines
02-20 19:21:20.916   893  1541 I chatty  : uid=1000(system) Binder:893_8 expire 5 lines
02-20 19:21:20.971   893   912 I chatty  : uid=1000(system) android.anim expire 12 lines
02-20 19:21:21.007   893  1139 I chatty  : uid=1000(system) RamPolicyExecut expire 11 lines
02-20 19:21:21.008   893  1189 I chatty  : uid=1000(system) SmartSS.bg expire 2 lines
02-20 19:21:21.009   893   911 I chatty  : uid=1000(system) android.display expire 19 lines
02-20 19:21:21.010  1576  1576 I ActivityThread: smart_link is  not supported!!!
02-20 19:21:21.033   893   907 I chatty  : uid=1000(system) Binder:893_2 expire 1 line
02-20 19:21:21.104   893  2270 I chatty  : uid=1000(system) Binder:893_11 expire 1 line
02-20 19:21:21.214   893  2248 I chatty  : uid=1000(system) Binder:893_D expire 3 lines
02-20 19:21:21.279   893  3817 I chatty  : uid=1000(system) Binder:893_1B expire 1 line
02-20 19:21:21.279   893  1299 I chatty  : uid=1000(system) Binder:893_7 expire 4 lines
02-20 19:21:21.561 14980 14980 E ActivityThread: Attaching agent with null failed: /data/user/0/com.app.app/code_cache/startup_agents/6a9a542f-agent-alt.so=/data/user/0/com.app.app
02-20 19:21:23.330 14980 14980 I ActivityThread: smart_link is  not supported!!!
02-20 19:21:23.422   893  1276 I chatty  : uid=1000(system) Binder:893_5 expire 4 lines
02-20 19:21:23.960   893   914 I chatty  : uid=1000(system) watchdog expire 4 lines
02-20 19:21:26.986   893  3816 I chatty  : uid=1000(system) Binder:893_1A expire 4 lines
02-20 19:21:26.996   893  1397 I chatty  : uid=1000(system) PowerController expire 5 lines
02-20 19:21:27.130 14980 14980 E AndroidRuntime: FATAL EXCEPTION: main
02-20 19:21:27.130 14980 14980 E AndroidRuntime: Process: com.app.app, PID: 14980
02-20 19:21:27.130 14980 14980 E AndroidRuntime: java.lang.NullPointerException: null cannot be cast to non-null type kotlin.Array<kotlin.String>
02-20 19:21:27.130 14980 14980 E AndroidRuntime: 	at com.app.app.activity.MainActivity.onLocationEvent$lambda-6(MainActivity.kt:294)
02-20 19:21:27.130 14980 14980 E AndroidRuntime: 	at com.app.app.activity.MainActivity.$r8$lambda$1TTIbSVe-p9m6edNC7wFHiH9R8s(Unknown Source:0)
02-20 19:21:27.130 14980 14980 E AndroidRuntime: 	at com.app.app.activity.MainActivity$$ExternalSyntheticLambda5.onSuccess(Unknown Source:6)
02-20 19:21:27.130 14980 14980 E AndroidRuntime: 	at com.google.android.gms.tasks.zzm.run(com.google.android.gms:play-services-tasks@@18.0.1:1)
02-20 19:21:27.130 14980 14980 E AndroidRuntime: 	at android.os.Handler.handleCallback(Handler.java:938)
02-20 19:21:27.130 14980 14980 E AndroidRuntime: 	at android.os.Handler.dispatchMessage(Handler.java:99)
02-20 19:21:27.130 14980 14980 E AndroidRuntime: 	at android.os.Looper.loop(Looper.java:223)
02-20 19:21:27.130 14980 14980 E AndroidRuntime: 	at android.app.ActivityThread.main(ActivityThread.java:7986)
02-20 19:21:27.130 14980 14980 E AndroidRuntime: 	at java.lang.reflect.Method.invoke(Native Method)
02-20 19:21:27.130 14980 14980 E AndroidRuntime: 	at com.android.internal.os.RuntimeInit$MethodAndArgsCaller.run(RuntimeInit.java:603)
02-20 19:21:27.130 14980 14980 E AndroidRuntime: 	at com.android.internal.os.ZygoteInit.main(ZygoteInit.java:947)
02-20 19:21:27.135   893 15029 I chatty  : uid=1000 system_server expire 1 line
02-20 19:21:27.161   893   918 I chatty  : uid=1000(system) ActivityManager expire 6 lines
02-20 19:21:27.222   893  1277 I chatty  : uid=1000(system) Binder:893_6 expire 7 lines
02-20 19:21:27.250   893  5505 I chatty  : uid=1000(system) Binder:893_20 expire 5 lines
02-20 19:21:27.325  1576  1576 I ActivityThread: smart_link is  not supported!!!
02-20 19:21:36.189   893  1167 I chatty  : uid=1000(system) DeviceStorageMo expire 1 line
02-20 19:21:37.395   893  1401 I chatty  : uid=1000(system) SSense expire 5 lines
02-20 19:21:41.627   893  1197 I chatty  : uid=1000(system) Binder:893_3 expire 2 lines
02-20 19:21:42.169 15060 15060 E ActivityThread: Attaching agent with null failed: /data/user/0/com.app.app/code_cache/startup_agents/6a9a542f-agent-alt.so=/data/user/0/com.app.app
02-20 19:21:42.286   893   911 I chatty  : uid=1000(system) android.display expire 11 lines
02-20 19:21:43.932 15060 15060 I ActivityThread: smart_link is  not supported!!!
02-20 19:21:43.934   893  1139 I chatty  : uid=1000(system) RamPolicyExecut expire 5 lines
02-20 19:21:47.161   893  5241 I chatty  : uid=1000(system) Binder:893_1F expire 4 lines
02-20 19:21:47.304 15060 15060 E AndroidRuntime: FATAL EXCEPTION: main
02-20 19:21:47.304 15060 15060 E AndroidRuntime: Process: com.app.app, PID: 15060
02-20 19:21:47.304 15060 15060 E AndroidRuntime: java.lang.NullPointerException: null cannot be cast to non-null type kotlin.Array<kotlin.String>
02-20 19:21:47.304 15060 15060 E AndroidRuntime: 	at com.app.app.activity.MainActivity.onLocationEvent$lambda-6(MainActivity.kt:295)
02-20 19:21:47.304 15060 15060 E AndroidRuntime: 	at com.app.app.activity.MainActivity.$r8$lambda$1TTIbSVe-p9m6edNC7wFHiH9R8s(Unknown Source:0)
02-20 19:21:47.304 15060 15060 E AndroidRuntime: 	at com.app.app.activity.MainActivity$$ExternalSyntheticLambda5.onSuccess(Unknown Source:6)
02-20 19:21:47.304 15060 15060 E AndroidRuntime: 	at com.google.android.gms.tasks.zzm.run(com.google.android.gms:play-services-tasks@@18.0.1:1)
02-20 19:21:47.304 15060 15060 E AndroidRuntime: 	at android.os.Handler.handleCallback(Handler.java:938)
02-20 19:21:47.304 15060 15060 E AndroidRuntime: 	at android.os.Handler.dispatchMessage(Handler.java:99)
02-20 19:21:47.304 15060 15060 E AndroidRuntime: 	at android.os.Looper.loop(Looper.java:223)
02-20 19:21:47.304 15060 15060 E AndroidRuntime: 	at android.app.ActivityThread.main(ActivityThread.java:7986)
02-20 19:21:47.304 15060 15060 E AndroidRuntime: 	at java.lang.reflect.Method.invoke(Native Method)
02-20 19:21:47.304 15060 15060 E AndroidRuntime: 	at com.android.internal.os.RuntimeInit$MethodAndArgsCaller.run(RuntimeInit.java:603)
02-20 19:21:47.304 15060 15060 E AndroidRuntime: 	at com.android.internal.os.ZygoteInit.main(ZygoteInit.java:947)
02-20 19:21:47.309   893 15112 I chatty  : uid=1000 system_server expire 1 line
02-20 19:21:47.406   893   909 I chatty  : uid=1000(system) android.ui expire 1 line
02-20 19:21:47.875  1576  1576 I ActivityThread: smart_link is  not supported!!!
02-20 19:21:57.382   893  1130 I chatty  : uid=1000(system) InputDispatcher expire 40 lines
02-20 19:21:57.644   893 15125 I chatty  : uid=1000 system_server expire 2 lines
02-20 19:22:00.000   893  1128 I chatty  : uid=1000(system) AlarmManager expire 16 lines
02-20 19:22:17.125   893  1160 I chatty  : uid=1000(system) ConnectivitySer expire 94 lines
02-20 19:22:17.971   893  1401 I chatty  : uid=1000(system) SSense expire 9 lines
02-20 19:22:23.972   893   914 I chatty  : uid=1000(system) watchdog expire 4 lines
02-20 19:22:31.998   893  1197 I chatty  : uid=1000(system) Binder:893_3 expire 5 lines
02-20 19:22:32.014   893   893 I chatty  : uid=1000 system_server expire 2 lines
02-20 19:22:32.017   893  1159 I chatty  : uid=1000(system) WifiScanningSer expire 1 line
02-20 19:22:32.055   893   908 I chatty  : uid=1000(system) android.fg expire 1 line
02-20 19:22:32.654   893  3666 I chatty  : uid=1000(system) Binder:893_19 expire 2 lines
02-20 19:22:32.697   893  2757 I chatty  : uid=1000(system) Binder:893_16 expire 7 lines
02-20 19:22:32.867   893  1276 I chatty  : uid=1000(system) Binder:893_5 expire 1 line
02-20 19:22:32.899   893  1541 I chatty  : uid=1000(system) Binder:893_8 expire 4 lines
02-20 19:22:36.217   893  1167 I chatty  : uid=1000(system) DeviceStorageMo expire 1 line
02-20 19:22:59.344   893  5241 I chatty  : uid=1000(system) Binder:893_1F expire 4 lines
02-20 19:22:59.358   893   909 I chatty  : uid=1000(system) android.ui expire 1 line
02-20 19:22:59.368   893   912 I chatty  : uid=1000(system) android.anim expire 5 lines
02-20 19:22:59.427   893   911 I chatty  : uid=1000(system) android.display expire 11 lines
02-20 19:23:03.148   893   919 I chatty  : uid=1000(system) ActivityManager expire 3 lines
02-20 19:23:03.177   893  1139 I chatty  : uid=1000(system) RamPolicyExecut expire 5 lines
02-20 19:23:03.422 15177 15177 E ActivityThread: Attaching agent with null failed: /data/user/0/com.app.app/code_cache/startup_agents/6a9a542f-agent-alt.so=/data/user/0/com.app.app
02-20 19:23:05.193 15177 15177 I ActivityThread: smart_link is  not supported!!!
02-20 19:23:05.754   893  1160 I chatty  : uid=1000(system) ConnectivitySer expire 1 line
02-20 19:23:06.940   893  1397 I chatty  : uid=1000(system) PowerController expire 4 lines
02-20 19:23:15.228   893  2327 I chatty  : uid=1000(system) Binder:893_12 expire 6 lines
02-20 19:23:20.003 15177 15177 E AndroidRuntime: FATAL EXCEPTION: main
02-20 19:23:20.003 15177 15177 E AndroidRuntime: Process: com.app.app, PID: 15177
02-20 19:23:20.003 15177 15177 E AndroidRuntime: java.lang.ClassCastException: java.lang.String cannot be cast to java.lang.String[]
02-20 19:23:20.003 15177 15177 E AndroidRuntime: 	at com.app.app.activity.MainActivity.onLocationEvent$lambda-6(MainActivity.kt:295)
02-20 19:23:20.003 15177 15177 E AndroidRuntime: 	at com.app.app.activity.MainActivity.$r8$lambda$1TTIbSVe-p9m6edNC7wFHiH9R8s(Unknown Source:0)
02-20 19:23:20.003 15177 15177 E AndroidRuntime: 	at com.app.app.activity.MainActivity$$ExternalSyntheticLambda5.onSuccess(Unknown Source:6)
02-20 19:23:20.003 15177 15177 E AndroidRuntime: 	at com.google.android.gms.tasks.zzm.run(com.google.android.gms:play-services-tasks@@18.0.1:1)
02-20 19:23:20.003 15177 15177 E AndroidRuntime: 	at android.os.Handler.handleCallback(Handler.java:938)
02-20 19:23:20.003 15177 15177 E AndroidRuntime: 	at android.os.Handler.dispatchMessage(Handler.java:99)
02-20 19:23:20.003 15177 15177 E AndroidRuntime: 	at android.os.Looper.loop(Looper.java:223)
02-20 19:23:20.003 15177 15177 E AndroidRuntime: 	at android.app.ActivityThread.main(ActivityThread.java:7986)
02-20 19:23:20.003 15177 15177 E AndroidRuntime: 	at java.lang.reflect.Method.invoke(Native Method)
02-20 19:23:20.003 15177 15177 E AndroidRuntime: 	at com.android.internal.os.RuntimeInit$MethodAndArgsCaller.run(RuntimeInit.java:603)
02-20 19:23:20.003 15177 15177 E AndroidRuntime: 	at com.android.internal.os.ZygoteInit.main(ZygoteInit.java:947)
02-20 19:23:20.009   893 15240 I chatty  : uid=1000 system_server expire 1 line
02-20 19:23:20.009   893  1277 I chatty  : uid=1000(system) Binder:893_6 expire 2 lines
02-20 19:23:20.034   893   918 I chatty  : uid=1000(system) ActivityManager expire 2 lines
02-20 19:23:20.178   893   919 I chatty  : uid=1000(system) ActivityManager expire 3 lines
02-20 19:23:20.186   893  2327 I chatty  : uid=1000(system) Binder:893_12 expire 3 lines
02-20 19:23:20.187   893  2250 I chatty  : uid=1000(system) Binder:893_F expire 4 lines
02-20 19:23:20.243   893   911 I chatty  : uid=1000(system) android.display expire 6 lines
02-20 19:23:20.259  1576  1576 I ActivityThread: smart_link is  not supported!!!
02-20 19:23:20.268   893  1139 I chatty  : uid=1000(system) RamPolicyExecut expire 2 lines
02-20 19:23:20.277   893   912 I chatty  : uid=1000(system) android.anim expire 1 line
02-20 19:23:20.445   893  2756 I chatty  : uid=1000(system) Binder:893_15 expire 4 lines
02-20 19:23:20.979   893  1197 I chatty  : uid=1000(system) Binder:893_3 expire 3 lines
02-20 19:23:20.979   893  1160 I chatty  : uid=1000(system) ConnectivitySer expire 132 lines
02-20 19:23:23.984   893   914 I chatty  : uid=1000(system) watchdog expire 6 lines
02-20 19:23:27.279   893  2270 I chatty  : uid=1000(system) Binder:893_11 expire 1 line
02-20 19:23:27.280   893  3816 I chatty  : uid=1000(system) Binder:893_1A expire 1 line
02-20 19:23:28.335   893  1401 I chatty  : uid=1000(system) SSense expire 11 lines
02-20 19:23:36.319   893  1167 I chatty  : uid=1000(system) DeviceStorageMo expire 2 lines
02-20 19:24:00.000   893  1128 I chatty  : uid=1000(system) AlarmManager expire 16 lines
02-20 19:24:39.275   893  1160 I chatty  : uid=1000(system) ConnectivitySer expire 42 lines
02-20 19:24:40.340   893  1401 I chatty  : uid=1000(system) SSense expire 16 lines
02-20 19:24:54.003   893   914 I chatty  : uid=1000(system) watchdog expire 8 lines
02-20 19:25:04.479   893   917 I chatty  : uid=1000(system) android.bg expire 5 lines
02-20 19:25:14.057   893  2250 I chatty  : uid=1000(system) Binder:893_F expire 2 lines
02-20 19:25:14.183   893  5241 I chatty  : uid=1000(system) Binder:893_1F expire 6 lines
02-20 19:25:14.298   893   911 I chatty  : uid=1000(system) android.display expire 11 lines
02-20 19:25:14.299   893   919 I chatty  : uid=1000(system) ActivityManager expire 2 lines
02-20 19:25:14.323   893   912 I chatty  : uid=1000(system) android.anim expire 3 lines
02-20 19:25:14.326   893  1139 I chatty  : uid=1000(system) RamPolicyExecut expire 5 lines
02-20 19:25:14.579 15352 15352 E ActivityThread: Attaching agent with null failed: /data/user/0/com.app.app/code_cache/startup_agents/6a9a542f-agent-alt.so=/data/user/0/com.app.app
02-20 19:25:15.452   893  1160 I chatty  : uid=1000(system) ConnectivitySer expire 13 lines
02-20 19:25:16.258   893  3666 I chatty  : uid=1000(system) Binder:893_19 expire 4 lines
02-20 19:25:16.348 15352 15352 I ActivityThread: smart_link is  not supported!!!
02-20 19:25:20.478   893  1397 I chatty  : uid=1000(system) PowerController expire 7 lines
02-20 19:25:32.010   893  1197 I chatty  : uid=1000(system) Binder:893_3 expire 4 lines
02-20 19:25:32.031   893  1159 I chatty  : uid=1000(system) WifiScanningSer expire 1 line
02-20 19:25:35.257   893  2758 I chatty  : uid=1000(system) Binder:893_17 expire 1 line
02-20 19:25:35.479   893   908 I chatty  : uid=1000(system) android.fg expire 4 lines
02-20 19:25:36.517   893  1167 I chatty  : uid=1000(system) DeviceStorageMo expire 2 lines
02-20 19:25:47.291   893   893 I chatty  : uid=1000 system_server expire 5 lines
02-20 19:26:22.262 15352 15352 I ActivityThread: smart_link is  not supported!!!
02-20 19:26:24.713   893  1401 I chatty  : uid=1000(system) SSense expire 6 lines
02-20 19:26:29.080   893  2221 I chatty  : uid=1000(system) Binder:893_A expire 2 lines
02-20 19:26:29.216   893   911 I chatty  : uid=1000(system) android.display expire 4 lines
02-20 19:26:31.659   893  2270 I chatty  : uid=1000(system) Binder:893_11 expire 4 lines
02-20 19:26:32.703   893  2756 I chatty  : uid=1000(system) Binder:893_15 expire 3 lines
02-20 19:26:38.262   893  1160 I chatty  : uid=1000(system) ConnectivitySer expire 11 lines
02-20 19:26:43.670 15352 15352 I ActivityThread: smart_link is  not supported!!!
02-20 19:26:44.335   893  1128 I chatty  : uid=1000(system) AlarmManager expire 12 lines
02-20 19:26:48.913   893  1160 I chatty  : uid=1000(system) ConnectivitySer expire 39 lines
02-20 19:26:49.743   893  1401 I chatty  : uid=1000(system) SSense expire 19 lines
02-20 19:26:50.022   893  2756 I chatty  : uid=1000(system) Binder:893_15 expire 3 lines
02-20 19:26:50.249   893   908 I chatty  : uid=1000(system) android.fg expire 12 lines
02-20 19:26:50.904   893  2250 I chatty  : uid=1000(system) Binder:893_F expire 7 lines
02-20 19:26:50.906   893   911 I chatty  : uid=1000(system) android.display expire 8 lines
02-20 19:26:54.028   893   914 I chatty  : uid=1000(system) watchdog expire 8 lines
02-20 19:26:56.509   893  3666 I chatty  : uid=1000(system) Binder:893_19 expire 9 lines
02-20 19:26:56.540   893   893 I chatty  : uid=1000 system_server expire 15 lines
02-20 19:26:56.583   893  3816 I chatty  : uid=1000(system) Binder:893_1A expire 2 lines
02-20 19:26:57.566   893  1397 I chatty  : uid=1000(system) PowerController expire 6 lines
02-20 19:27:04.641 15352 15352 I ActivityThread: smart_link is  not supported!!!
02-20 19:27:07.269   893  2758 I chatty  : uid=1000(system) Binder:893_17 expire 2 lines
02-20 19:27:12.569   893  1128 I chatty  : uid=1000(system) AlarmManager expire 16 lines
02-20 19:27:14.969   893  1297 I chatty  : uid=1000(system) HwBinder:893_4 expire 9 lines
02-20 19:27:14.992   893  1176 I chatty  : uid=1000(system) UEventObserver expire 1 line
02-20 19:27:15.006   893   918 I chatty  : uid=1000(system) ActivityManager expire 3 lines
02-20 19:27:15.010   893   932 I chatty  : uid=1000(system) PowerManagerSer expire 1 line
02-20 19:27:15.047   893   919 I chatty  : uid=1000(system) ActivityManager expire 8 lines
02-20 19:27:15.133   893   925 I chatty  : uid=1000(system) batterystats-wo expire 2 lines
02-20 19:27:15.410   893  2270 I chatty  : uid=1000(system) Binder:893_11 expire 2 lines
02-20 19:27:15.700   893   917 I chatty  : uid=1000(system) android.bg expire 3 lines
02-20 19:27:16.103   893  1175 I chatty  : uid=1000(system) HwBinder:893_3 expire 1 line
02-20 19:27:29.336   893  1139 I chatty  : uid=1000(system) RamPolicyExecut expire 1 line
02-20 19:27:36.601   893  1167 I chatty  : uid=1000(system) DeviceStorageMo expire 2 lines
02-20 19:28:09.043   893  5132 I chatty  : uid=1000(system) Binder:893_1E expire 2 lines
02-20 19:28:21.703   893  5241 I chatty  : uid=1000(system) Binder:893_1F expire 2 lines
02-20 19:28:32.043   893  1159 I chatty  : uid=1000(system) WifiScanningSer expire 1 line
02-20 19:28:32.150   893  1197 I chatty  : uid=1000(system) Binder:893_3 expire 31 lines
02-20 19:28:40.441   893  1160 I chatty  : uid=1000(system) ConnectivitySer expire 33 lines
02-20 19:28:45.846   893  1401 I chatty  : uid=1000(system) SSense expire 1 line
02-20 19:28:46.551   893  2221 I chatty  : uid=1000(system) Binder:893_A expire 11 lines
02-20 19:28:46.566   893   911 I chatty  : uid=1000(system) android.display expire 3 lines
02-20 19:28:46.579   893   912 I chatty  : uid=1000(system) android.anim expire 4 lines
02-20 19:28:46.594 14747 14747 I TelecomFramework: UserCallIntentProcessor: sendIntentToDestination: trampoline to Telecom.: UCA.oC@AAE
02-20 19:28:46.600   893   893 I chatty  : uid=1000 system_server expire 44 lines
02-20 19:28:46.603 14747 14747 I TelecomFramework: UserCallActivity: onCreate done
02-20 19:28:46.633   893   917 I chatty  : uid=1000(system) android.bg expire 2 lines
02-20 19:28:46.653 15352 15352 I ActivityThread: smart_link is  not supported!!!
02-20 19:28:46.722   893  1521 I chatty  : uid=1000(system) uteStateMachine expire 22 lines
02-20 19:28:46.723   893  1523 I chatty  : uid=1000(system) CallAudioModeSt expire 6 lines
02-20 19:28:46.791   893  5241 I chatty  : uid=1000(system) Binder:893_1F expire 3 lines
02-20 19:28:46.828   893  1524 I chatty  : uid=1000(system) ConnectionSvrFo expire 2 lines
02-20 19:28:46.962  1220  1220 I TelecomFramework: TelephonyConnectionService: notifyCreateConnectionComplete TC@115_1: (...->CSW.hCCC)->CS.crCoC->H.CS.crCoC(cap/cast)@E-E-E-E0U
02-20 19:28:46.967  1220  1220 I TelecomFramework: TelephonyConnectionService: onAudioStateChanged TC@115_1 [AudioState isMuted: false, route: SPEAKER, supportedRouteMask: SPEAKER, activeBluetoothDevice: [null], supportedBluetoothDevices: []]: (...->CSW.hCCC->CARSM.pM_UPDATE_SYSTEM_AUDIO_ROUTE)->CS.cASC->H.CS.cASC(cap/cast/cast)@E-E-E-E0U
02-20 19:28:47.038   893  1197 I chatty  : uid=1000(system) Binder:893_3 expire 29 lines
02-20 19:28:48.701  1220  1816 I TelecomFramework: : disconnect with sessionInfo TC@115_1 : (ICA.dC)->CS.d(caa/cast)@E-E0k
02-20 19:28:48.702  1220  1220 I TelecomFramework: TelephonyConnectionService: disconnect TC@115_1: (ICA.dC)->CS.d->H.CS.d(caa/cast)@E-E0k
02-20 19:28:48.819   893  1521 I chatty  : uid=1000(system) uteStateMachine expire 7 lines
02-20 19:28:48.823   893   893 I chatty  : uid=1000 system_server expire 12 lines
02-20 19:28:48.856   893  1523 I chatty  : uid=1000(system) CallAudioModeSt expire 2 lines
02-20 19:28:48.901   893   911 I chatty  : uid=1000(system) android.display expire 1 line
02-20 19:28:52.486   893  1160 I chatty  : uid=1000(system) ConnectivitySer expire 78 lines
02-20 19:28:54.052   893   914 I chatty  : uid=1000(system) watchdog expire 22 lines
02-20 19:28:54.652   893  1401 I chatty  : uid=1000(system) SSense expire 28 lines
02-20 19:29:00.001   893  1128 I chatty  : uid=1000(system) AlarmManager expire 27 lines
02-20 19:29:29.341   893  1139 I chatty  : uid=1000(system) RamPolicyExecut expire 3 lines
02-20 19:29:36.789   893  1167 I chatty  : uid=1000(system) DeviceStorageMo expire 5 lines
02-20 19:31:04.728   893  2756 I chatty  : uid=1000(system) Binder:893_15 expire 1 line
02-20 19:31:04.806   893  5241 I chatty  : uid=1000(system) Binder:893_1F expire 3 lines
02-20 19:31:04.806   893  5132 I chatty  : uid=1000(system) Binder:893_1E expire 1 line
02-20 19:31:04.806   893  2327 I chatty  : uid=1000(system) Binder:893_12 expire 2 lines
02-20 19:31:32.052   893  1159 I chatty  : uid=1000(system) WifiScanningSer expire 4 lines
02-20 19:34:24.116   893   914 I chatty  : uid=1000(system) watchdog expire 32 lines
02-20 19:34:27.471   893  1160 I chatty  : uid=1000(system) ConnectivitySer expire 51 lines
02-20 19:34:32.031   893  1128 I chatty  : uid=1000(system) AlarmManager expire 43 lines
02-20 19:34:32.039   893  1397 I chatty  : uid=1000(system) PowerController expire 2 lines
02-20 19:34:32.042   893  1197 I chatty  : uid=1000(system) Binder:893_3 expire 6 lines
02-20 19:34:32.679   893  5241 I chatty  : uid=1000(system) Binder:893_1F expire 2 lines
02-20 19:34:33.991   893  1401 I chatty  : uid=1000(system) SSense expire 24 lines
02-20 19:34:37.081   893  1167 I chatty  : uid=1000(system) DeviceStorageMo expire 8 lines
02-20 19:35:04.519   893   917 I chatty  : uid=1000(system) android.bg expire 7 lines
02-20 19:35:29.386   893  1139 I chatty  : uid=1000(system) RamPolicyExecut expire 4 lines
02-20 19:37:32.049   893  2327 I chatty  : uid=1000(system) Binder:893_12 expire 2 lines
02-20 19:38:31.677   893   925 I chatty  : uid=1000(system) batterystats-wo expire 3 lines
02-20 19:39:01.899   893   907 I chatty  : uid=1000(system) Binder:893_2 expire 1 line
02-20 19:39:01.900   893  5132 I chatty  : uid=1000(system) Binder:893_1E expire 1 line
02-20 19:40:32.699   893  1299 I chatty  : uid=1000(system) Binder:893_7 expire 1 line
02-20 19:41:37.125   893  1206 I chatty  : uid=1000(system) Binder:893_4 expire 5 lines
02-20 19:41:49.053   893  2756 I chatty  : uid=1000(system) Binder:893_15 expire 2 lines
02-20 19:41:49.060   893  1541 I chatty  : uid=1000(system) Binder:893_8 expire 6 lines
02-20 19:42:15.444   893  1401 I chatty  : uid=1000(system) SSense expire 28 lines
02-20 19:42:21.187   893  1160 I chatty  : uid=1000(system) ConnectivitySer expire 41 lines
02-20 19:42:24.209   893   914 I chatty  : uid=1000(system) watchdog expire 26 lines
02-20 19:42:37.493   893  1167 I chatty  : uid=1000(system) DeviceStorageMo expire 7 lines
02-20 19:43:00.001   893  1128 I chatty  : uid=1000(system) AlarmManager expire 32 lines
02-20 19:43:29.420   893  1139 I chatty  : uid=1000(system) RamPolicyExecut expire 3 lines
02-20 19:43:32.064   893  1299 I chatty  : uid=1000(system) Binder:893_7 expire 2 lines
02-20 19:43:32.072   893   893 I chatty  : uid=1000 system_server expire 2 lines
02-20 19:43:32.093   893  1159 I chatty  : uid=1000(system) WifiScanningSer expire 2 lines
02-20 19:43:32.679   893  1206 I chatty  : uid=1000(system) Binder:893_4 expire 12 lines
02-20 19:45:22.344   893  2248 I chatty  : uid=1000(system) Binder:893_D expire 5 lines
02-20 19:45:22.356   893  1397 I chatty  : uid=1000(system) PowerController expire 4 lines
02-20 19:45:22.373   893  2758 I chatty  : uid=1000(system) Binder:893_17 expire 5 lines
02-20 19:45:22.425   893  2756 I chatty  : uid=1000(system) Binder:893_15 expire 4 lines
02-20 19:45:22.529   893   918 I chatty  : uid=1000(system) ActivityManager expire 4 lines
02-20 19:45:22.752   893   919 I chatty  : uid=1000(system) ActivityManager expire 4 lines
02-20 19:45:22.849   893   917 I chatty  : uid=1000(system) android.bg expire 6 lines
02-20 19:45:23.401   893   908 I chatty  : uid=1000(system) android.fg expire 1 line
02-20 19:45:23.827   893  1189 I chatty  : uid=1000(system) SmartSS.bg expire 2 lines
02-20 19:46:44.419   893   925 I chatty  : uid=1000(system) batterystats-wo expire 1 line
02-20 19:47:04.657   893   910 I chatty  : uid=1000(system) android.io expire 1 line
02-20 19:48:53.870   893  1401 I chatty  : uid=1000(system) SSense expire 3 lines
02-20 19:48:54.289   893   914 I chatty  : uid=1000(system) watchdog expire 4 lines
02-20 19:48:59.144   893  1160 I chatty  : uid=1000(system) ConnectivitySer expire 7 lines
02-20 19:49:00.000   893  1128 I chatty  : uid=1000(system) AlarmManager expire 8 lines
02-20 19:49:29.434   893  1139 I chatty  : uid=1000(system) RamPolicyExecut expire 1 line
02-20 19:49:32.080   893  2250 I chatty  : uid=1000(system) Binder:893_F expire 2 lines
02-20 19:49:32.097   893  1159 I chatty  : uid=1000(system) WifiScanningSer expire 1 line
02-20 19:49:32.723   893  2758 I chatty  : uid=1000(system) Binder:893_17 expire 15 lines
02-20 19:49:35.707   893   911 I chatty  : uid=1000(system) android.display expire 6 lines
02-20 19:49:37.763   893  1206 I chatty  : uid=1000(system) Binder:893_4 expire 1 line
02-20 19:49:37.945   893  1167 I chatty  : uid=1000(system) DeviceStorageMo expire 1 line
02-20 19:49:37.986   893   908 I chatty  : uid=1000(system) android.fg expire 4 lines
02-20 19:49:42.843   893  2756 I chatty  : uid=1000(system) Binder:893_15 expire 35 lines
02-20 19:49:42.872   893   912 I chatty  : uid=1000(system) android.anim expire 3 lines
02-20 19:49:42.881 14747 14747 I TelecomFramework: UserCallIntentProcessor: sendIntentToDestination: trampoline to Telecom.: UCA.oC@AAI
02-20 19:49:42.887   893   893 I chatty  : uid=1000 system_server expire 46 lines
02-20 19:49:42.889 14747 14747 I TelecomFramework: UserCallActivity: onCreate done
02-20 19:49:42.912   893   917 I chatty  : uid=1000(system) android.bg expire 1 line
02-20 19:49:42.950 15352 15352 I ActivityThread: smart_link is  not supported!!!
02-20 19:49:43.013   893  1521 I chatty  : uid=1000(system) uteStateMachine expire 21 lines
02-20 19:49:43.014   893  1523 I chatty  : uid=1000(system) CallAudioModeSt expire 6 lines
02-20 19:49:43.074   893  1524 I chatty  : uid=1000(system) ConnectionSvrFo expire 2 lines
02-20 19:49:43.198   893  3542 I chatty  : uid=1000(system) Binder:893_18 expire 29 lines
02-20 19:49:43.200  1220  1220 I TelecomFramework: TelephonyConnectionService: notifyCreateConnectionComplete TC@116_1: (...->CSW.hCCC)->CS.crCoC->H.CS.crCoC(cap/cast)@E-E-E-E1s
02-20 19:49:43.206  1220  1220 I TelecomFramework: TelephonyConnectionService: onAudioStateChanged TC@116_1 [AudioState isMuted: false, route: SPEAKER, supportedRouteMask: SPEAKER, activeBluetoothDevice: [null], supportedBluetoothDevices: []]: (...->CSW.hCCC->CARSM.pM_UPDATE_SYSTEM_AUDIO_ROUTE)->CS.cASC->H.CS.cASC(cap/cast/cast)@E-E-E-E1s
02-20 19:49:45.860   893  1397 I chatty  : uid=1000(system) PowerController expire 3 lines
02-20 19:49:51.289   893  2758 I chatty  : uid=1000(system) Binder:893_17 expire 10 lines
02-20 19:49:51.290   893  2756 I chatty  : uid=1000(system) Binder:893_15 expire 1 line
02-20 19:49:51.301   893   912 I chatty  : uid=1000(system) android.anim expire 3 lines
02-20 19:49:51.318   893  1521 I chatty  : uid=1000(system) uteStateMachine expire 20 lines
02-20 19:49:51.330   893   893 I chatty  : uid=1000 system_server expire 40 lines
02-20 19:49:51.366   893  1523 I chatty  : uid=1000(system) CallAudioModeSt expire 14 lines
02-20 19:49:51.460   893   911 I chatty  : uid=1000(system) android.display expire 6 lines
02-20 19:49:52.939   893  1401 I chatty  : uid=1000(system) SSense expire 8 lines
02-20 19:49:54.301   893   914 I chatty  : uid=1000(system) watchdog expire 2 lines
02-20 19:49:56.268   893  1541 I chatty  : uid=1000(system) Binder:893_8 expire 18 lines
02-20 19:49:56.371   893 15925 I chatty  : uid=1000 system_server expire 31 lines
02-20 19:49:56.372  1220  1220 I TelecomFramework: TelephonyConnectionService: notifyCreateConnectionComplete TC@117_1: (...->CSW.hCCC)->CS.crCoC->H.CS.crCoC(cap/cast)@E-E-E-E3I
02-20 19:49:56.458   893 15926 I chatty  : uid=1000 system_server expire 1 line
02-20 19:49:56.535  1220  1220 I TelecomFramework: TelephonyConnectionService: onAudioStateChanged TC@117_1 [AudioState isMuted: false, route: SPEAKER, supportedRouteMask: SPEAKER, activeBluetoothDevice: [null], supportedBluetoothDevices: []]: (...->CSW.hCCC->ICFG.sF->ICFG.sF->ICFG.sF->CILH.sL->CILH.oQC->BCF.gBS->BCF.gBS->ICFG.sF->ICFG.sF->ICFG.sF->ICFG.sF->ICFG.sF->ICFG.sF->ICFG.sF->CARSM.pM_UPDATE_SYSTEM_AUDIO_ROUTE)->CS.cASC->H.CS.cASC(cap/cast/cast)@E-E-E-E3I
02-20 19:49:56.706   893   908 I chatty  : uid=1000(system) android.fg expire 6 lines
02-20 19:49:56.762   893  3542 I chatty  : uid=1000(system) Binder:893_18 expire 16 lines
02-20 19:49:58.734  1220  1237 I TelecomFramework: : disconnect with sessionInfo TC@117_1 : (ICA.dC)->CS.d(caa/cast)@E-E3Y
02-20 19:49:58.734  1220  1220 I TelecomFramework: TelephonyConnectionService: disconnect TC@117_1: (ICA.dC)->CS.d->H.CS.d(caa/cast)@E-E3Y
02-20 19:49:58.751   893  1276 I chatty  : uid=1000(system) Binder:893_5 expire 2 lines
02-20 19:49:58.759   893  1206 I chatty  : uid=1000(system) Binder:893_4 expire 2 lines
02-20 19:49:58.817   893  2250 I chatty  : uid=1000(system) Binder:893_F expire 17 lines
02-20 19:50:00.000   893  1128 I chatty  : uid=1000(system) AlarmManager expire 30 lines
02-20 19:50:22.971   893  1401 I chatty  : uid=1000(system) SSense expire 22 lines
02-20 19:50:24.306   893   914 I chatty  : uid=1000(system) watchdog expire 20 lines
02-20 19:50:28.850   893  1397 I chatty  : uid=1000(system) PowerController expire 3 lines
02-20 19:50:32.699   893   907 I chatty  : uid=1000(system) Binder:893_2 expire 5 lines
02-20 19:50:32.940   893  1541 I chatty  : uid=1000(system) Binder:893_8 expire 13 lines
02-20 19:50:33.211   893   893 I chatty  : uid=1000 system_server expire 1 line
02-20 19:50:37.954   893  1167 I chatty  : uid=1000(system) DeviceStorageMo expire 8 lines
02-20 19:51:21.171   893  1160 I chatty  : uid=1000(system) ConnectivitySer expire 23 lines
02-20 19:51:29.443   893  1139 I chatty  : uid=1000(system) RamPolicyExecut expire 4 lines
02-20 19:51:44.923   893  2250 I chatty  : uid=1000(system) Binder:893_F expire 4 lines
02-20 19:51:56.841   893  1206 I chatty  : uid=1000(system) Binder:893_4 expire 5 lines
02-20 19:52:32.104   893  1159 I chatty  : uid=1000(system) WifiScanningSer expire 3 lines
02-20 19:53:21.846   893  1197 I chatty  : uid=1000(system) Binder:893_3 expire 9 lines
02-20 19:53:43.168   893  4840 I chatty  : uid=1000(system) Binder:893_1C expire 7 lines
02-20 19:53:55.129   893  2248 I chatty  : uid=1000(system) Binder:893_D expire 1 line
02-20 19:55:02.938   893   918 I chatty  : uid=1000(system) ActivityManager expire 2 lines
02-20 19:55:02.939   893   919 I chatty  : uid=1000(system) ActivityManager expire 2 lines
02-20 19:55:03.674 15987 15987 W ActivityThread: Main thread can not be idle for a long time.
02-20 19:55:03.816   893   908 I chatty  : uid=1000(system) android.fg expire 1 line
02-20 19:55:04.879   893  1160 I chatty  : uid=1000(system) ConnectivitySer expire 14 lines
02-20 19:55:11.210   893  1401 I chatty  : uid=1000(system) SSense expire 7 lines
02-20 19:55:18.807   893  1128 I chatty  : uid=1000(system) AlarmManager expire 17 lines
02-20 19:55:22.870   893   917 I chatty  : uid=1000(system) android.bg expire 1 line
02-20 19:55:24.360   893   914 I chatty  : uid=1000(system) watchdog expire 14 lines
02-20 19:55:32.094   893  5132 I chatty  : uid=1000(system) Binder:893_1E expire 1 line
02-20 19:57:09.373   893   925 I chatty  : uid=1000(system) batterystats-wo expire 4 lines
02-20 19:57:38.013   893  2756 I chatty  : uid=1000(system) Binder:893_15 expire 1 line
02-20 19:57:38.058   893  1276 I chatty  : uid=1000(system) Binder:893_5 expire 2 lines
02-20 19:58:32.105   893  5241 I chatty  : uid=1000(system) Binder:893_1F expire 5 lines
02-20 19:58:38.313   893  1167 I chatty  : uid=1000(system) DeviceStorageMo expire 7 lines
02-20 19:58:54.402   893   914 I chatty  : uid=1000(system) watchdog expire 24 lines
02-20 19:58:56.825   893  1160 I chatty  : uid=1000(system) ConnectivitySer expire 5 lines
02-20 19:59:00.000   893  1128 I chatty  : uid=1000(system) AlarmManager expire 33 lines
02-20 19:59:15.420   893  1401 I chatty  : uid=1000(system) SSense expire 18 lines
02-20 19:59:29.494   893  1139 I chatty  : uid=1000(system) RamPolicyExecut expire 3 lines
02-20 20:01:07.959   893  1276 I chatty  : uid=1000(system) Binder:893_5 expire 14 lines
02-20 20:01:32.120   893   893 I chatty  : uid=1000 system_server expire 45 lines
02-20 20:01:32.122   893  1397 I chatty  : uid=1000(system) PowerController expire 1 line
02-20 20:01:32.134   893  1159 I chatty  : uid=1000(system) WifiScanningSer expire 2 lines
02-20 20:01:32.236   893   919 I chatty  : uid=1000(system) ActivityManager expire 2 lines
02-20 20:01:32.771   893  2756 I chatty  : uid=1000(system) Binder:893_15 expire 28 lines
02-20 20:04:32.764   893  3542 I chatty  : uid=1000(system) Binder:893_18 expire 1 line
02-20 20:04:47.511   893   911 I chatty  : uid=1000(system) android.display expire 2 lines
02-20 20:04:47.520   893  1189 I chatty  : uid=1000(system) SmartSS.bg expire 2 lines
02-20 20:04:47.525   893   912 I chatty  : uid=1000(system) android.anim expire 2 lines
02-20 20:04:47.538 14747 14747 I TelecomFramework: UserCallIntentProcessor: sendIntentToDestination: trampoline to Telecom.: UCA.oC@AAM
02-20 20:04:47.545 14747 14747 I TelecomFramework: UserCallActivity: onCreate done
02-20 20:04:47.593 15352 15352 I ActivityThread: smart_link is  not supported!!!
02-20 20:04:47.674   893  1521 I chatty  : uid=1000(system) uteStateMachine expire 12 lines
02-20 20:04:47.674   893  1523 I chatty  : uid=1000(system) CallAudioModeSt expire 4 lines
02-20 20:04:47.721   893  1541 I chatty  : uid=1000(system) Binder:893_8 expire 1 line
02-20 20:04:47.740   893  1524 I chatty  : uid=1000(system) ConnectionSvrFo expire 2 lines
02-20 20:04:47.850   893  2756 I chatty  : uid=1000(system) Binder:893_15 expire 10 lines
02-20 20:04:47.852   893  1521 I chatty  : uid=1000(system) uteStateMachine expire 17 lines
02-20 20:04:47.854  1220  1220 I TelecomFramework: TelephonyConnectionService: notifyCreateConnectionComplete TC@118_1: (...->CSW.hCCC)->CS.crCoC->H.CS.crCoC(cap/cast)@E-E-E-E4c
02-20 20:04:47.860  1220  1220 I TelecomFramework: TelephonyConnectionService: onAudioStateChanged TC@118_1 [AudioState isMuted: false, route: SPEAKER, supportedRouteMask: SPEAKER, activeBluetoothDevice: [null], supportedBluetoothDevices: []]: (...->CSW.hCCC->CARSM.pM_UPDATE_SYSTEM_AUDIO_ROUTE)->CS.cASC->H.CS.cASC(cap/cast/cast)@E-E-E-E4c
02-20 20:04:47.925   893  3542 I chatty  : uid=1000(system) Binder:893_18 expire 11 lines
02-20 20:04:47.926   893   912 I chatty  : uid=1000(system) android.anim expire 2 lines
02-20 20:04:47.962   893   911 I chatty  : uid=1000(system) android.display expire 2 lines
02-20 20:04:54.472   893   914 I chatty  : uid=1000(system) watchdog expire 22 lines
02-20 20:04:57.596   893  1401 I chatty  : uid=1000(system) SSense expire 33 lines
02-20 20:05:00.001   893  1128 I chatty  : uid=1000(system) AlarmManager expire 26 lines
02-20 20:05:11.647   893  1197 I chatty  : uid=1000(system) Binder:893_3 expire 22 lines
02-20 20:05:11.651   893  1523 I chatty  : uid=1000(system) CallAudioModeSt expire 5 lines
02-20 20:05:13.629  1220  1816 I TelecomFramework: : disconnect with sessionInfo TC@118_1 : (ICA.dC)->CS.d(caa/cast)@E-E5U
02-20 20:05:13.629   893  3542 I chatty  : uid=1000(system) Binder:893_18 expire 22 lines
02-20 20:05:13.629  1220  1220 I TelecomFramework: TelephonyConnectionService: disconnect TC@118_1: (ICA.dC)->CS.d->H.CS.d(caa/cast)@E-E5U
02-20 20:05:13.635   893  1160 I chatty  : uid=1000(system) ConnectivitySer expire 2 lines
02-20 20:05:13.710   893  1299 I chatty  : uid=1000(system) Binder:893_7 expire 1 line
02-20 20:05:13.762   893   893 I chatty  : uid=1000 system_server expire 12 lines
02-20 20:05:29.576   893  1139 I chatty  : uid=1000(system) RamPolicyExecut expire 3 lines
02-20 20:05:38.864   893  1167 I chatty  : uid=1000(system) DeviceStorageMo expire 5 lines
02-20 20:06:43.325   893   925 I chatty  : uid=1000(system) batterystats-wo expire 4 lines
02-20 20:07:15.847   893   917 I chatty  : uid=1000(system) android.bg expire 1 line
02-20 20:07:32.131   893  1397 I chatty  : uid=1000(system) PowerController expire 1 line
02-20 20:07:32.147   893  1159 I chatty  : uid=1000(system) WifiScanningSer expire 1 line
02-20 20:07:32.791   893  2756 I chatty  : uid=1000(system) Binder:893_15 expire 1 line
02-20 20:10:00.000   893  1128 I chatty  : uid=1000(system) AlarmManager expire 51 lines
02-20 20:10:06.914   893  1401 I chatty  : uid=1000(system) SSense expire 30 lines
02-20 20:10:24.537   893   914 I chatty  : uid=1000(system) watchdog expire 36 lines
02-20 20:10:32.137   893  1299 I chatty  : uid=1000(system) Binder:893_7 expire 3 lines
02-20 20:10:32.155   893  1159 I chatty  : uid=1000(system) WifiScanningSer expire 3 lines
02-20 20:10:39.285   893  1167 I chatty  : uid=1000(system) DeviceStorageMo expire 9 lines
02-20 20:11:29.654   893  1139 I chatty  : uid=1000(system) RamPolicyExecut expire 4 lines
02-20 20:12:40.199   893  1160 I chatty  : uid=1000(system) ConnectivitySer expire 28 lines
02-20 20:13:16.030   893   925 I chatty  : uid=1000(system) batterystats-wo expire 5 lines
02-20 20:13:32.144   893  1197 I chatty  : uid=1000(system) Binder:893_3 expire 2 lines
02-20 20:13:32.146   893  1397 I chatty  : uid=1000(system) PowerController expire 1 line
02-20 20:13:32.796   893  5241 I chatty  : uid=1000(system) Binder:893_1F expire 2 lines
02-20 20:14:47.612   893   917 I chatty  : uid=1000(system) android.bg expire 4 lines
02-20 20:15:26.010   893  3542 I chatty  : uid=1000(system) Binder:893_18 expire 4 lines
02-20 20:15:26.077   893  1276 I chatty  : uid=1000(system) Binder:893_5 expire 1 line
02-20 20:16:32.152   893  2258 I chatty  : uid=1000(system) Binder:893_10 expire 2 lines
02-20 20:16:32.810   893  2738 I chatty  : uid=1000(system) Binder:893_14 expire 1 line
02-20 20:19:07.211   893  3666 I chatty  : uid=1000(system) Binder:893_19 expire 9 lines
02-20 20:19:07.474   893   919 I chatty  : uid=1000(system) ActivityManager expire 6 lines
02-20 20:19:12.210   893  1160 I chatty  : uid=1000(system) ConnectivitySer expire 25 lines
02-20 20:19:12.310   893  3666 I chatty  : uid=1000(system) Binder:893_19 expire 12 lines
02-20 20:19:12.343   893  1397 I chatty  : uid=1000(system) PowerController expire 5 lines
02-20 20:19:12.415   893  2738 I chatty  : uid=1000(system) Binder:893_14 expire 5 lines
02-20 20:19:12.427   893  2258 I chatty  : uid=1000(system) Binder:893_10 expire 3 lines
02-20 20:19:12.494   893  3542 I chatty  : uid=1000(system) Binder:893_18 expire 4 lines
02-20 20:19:12.530   893   918 I chatty  : uid=1000(system) ActivityManager expire 3 lines
02-20 20:19:12.533   893  1197 I chatty  : uid=1000(system) Binder:893_3 expire 4 lines
02-20 20:19:24.642   893   914 I chatty  : uid=1000(system) watchdog expire 26 lines
02-20 20:19:29.691   893  1139 I chatty  : uid=1000(system) RamPolicyExecut expire 4 lines
02-20 20:19:32.151   893  1128 I chatty  : uid=1000(system) AlarmManager expire 38 lines
02-20 20:19:32.185   893  1159 I chatty  : uid=1000(system) WifiScanningSer expire 3 lines
02-20 20:19:37.445   893  1401 I chatty  : uid=1000(system) SSense expire 24 lines
02-20 20:19:39.957   893  1167 I chatty  : uid=1000(system) DeviceStorageMo expire 7 lines
02-20 20:19:57.204   893   893 I chatty  : uid=1000 system_server expire 6 lines
02-20 20:19:58.563   893   917 I chatty  : uid=1000(system) android.bg expire 1 line
02-20 20:21:23.135   893   908 I chatty  : uid=1000(system) android.fg expire 1 line
02-20 20:21:23.351   893  2758 I chatty  : uid=1000(system) Binder:893_17 expire 1 line
02-20 20:21:23.551   893  1189 I chatty  : uid=1000(system) SmartSS.bg expire 2 lines
02-20 20:22:32.819   893  2246 I chatty  : uid=1000(system) Binder:893_C expire 3 lines
02-20 20:25:32.279   893   907 I chatty  : uid=1000(system) Binder:893_2 expire 1 line
02-20 20:25:32.281   893  4840 I chatty  : uid=1000(system) Binder:893_1C expire 2 lines
02-20 20:25:44.382   893  5241 I chatty  : uid=1000(system) Binder:893_1F expire 1 line
02-20 20:25:51.230   893   925 I chatty  : uid=1000(system) batterystats-wo expire 4 lines
02-20 20:25:54.718   893   914 I chatty  : uid=1000(system) watchdog expire 36 lines
02-20 20:25:59.999   893  1128 I chatty  : uid=1000(system) AlarmManager expire 47 lines
02-20 20:26:15.856   893  1401 I chatty  : uid=1000(system) SSense expire 24 lines
02-20 20:26:40.395   893  1167 I chatty  : uid=1000(system) DeviceStorageMo expire 8 lines
02-20 20:27:15.923   893   917 I chatty  : uid=1000(system) android.bg expire 5 lines
02-20 20:27:29.726   893  1139 I chatty  : uid=1000(system) RamPolicyExecut expire 4 lines
02-20 20:28:32.195   893  1397 I chatty  : uid=1000(system) PowerController expire 2 lines
02-20 20:28:32.197   893  4840 I chatty  : uid=1000(system) Binder:893_1C expire 2 lines
02-20 20:28:32.213   893  1159 I chatty  : uid=1000(system) WifiScanningSer expire 2 lines
02-20 20:28:32.838   893  1197 I chatty  : uid=1000(system) Binder:893_3 expire 3 lines
02-20 20:29:42.968   893  1160 I chatty  : uid=1000(system) ConnectivitySer expire 15 lines
02-20 20:29:58.612   893   893 I chatty  : uid=1000 system_server expire 8 lines
02-20 20:29:58.613   893   919 I chatty  : uid=1000(system) ActivityManager expire 4 lines
02-20 20:29:59.307   893  5241 I chatty  : uid=1000(system) Binder:893_1F expire 3 lines
02-20 20:29:59.878   893   935 I chatty  : uid=1000(system) PackageManager expire 1 line
02-20 20:29:59.941   893  2246 I chatty  : uid=1000(system) Binder:893_C expire 3 lines
02-20 20:30:00.179   893   908 I chatty  : uid=1000(system) android.fg expire 4 lines
02-20 20:31:22.968   893  3817 I chatty  : uid=1000(system) Binder:893_1B expire 7 lines
02-20 20:34:32.213   893  5241 I chatty  : uid=1000(system) Binder:893_1F expire 1 line
02-20 20:34:32.230   893  1159 I chatty  : uid=1000(system) WifiScanningSer expire 2 lines
02-20 20:34:32.855   893  1197 I chatty  : uid=1000(system) Binder:893_3 expire 7 lines
02-20 20:34:32.875   893  2246 I chatty  : uid=1000(system) Binder:893_C expire 4 lines
02-20 20:34:35.825   893  1160 I chatty  : uid=1000(system) ConnectivitySer expire 15 lines
02-20 20:34:41.002   893  1167 I chatty  : uid=1000(system) DeviceStorageMo expire 1 line
02-20 20:34:54.824   893   914 I chatty  : uid=1000(system) watchdog expire 4 lines
02-20 20:35:00.000   893  1128 I chatty  : uid=1000(system) AlarmManager expire 32 lines
02-20 20:35:06.567   893   932 I chatty  : uid=1000(system) PowerManagerSer expire 10 lines
02-20 20:35:13.562   893  1397 I chatty  : uid=1000(system) PowerController expire 65 lines
02-20 20:35:13.566   893   893 I chatty  : uid=1000 system_server expire 5 lines
02-20 20:35:13.572   893  2250 I chatty  : uid=1000(system) Binder:893_F expire 2 lines
02-20 20:35:13.718   893   918 I chatty  : uid=1000(system) ActivityManager expire 5 lines
02-20 20:35:13.758   893   911 I chatty  : uid=1000(system) android.display expire 4 lines
02-20 20:35:13.763   893  1203 I chatty  : uid=1000(system) SunLightProtect expire 2 lines
02-20 20:35:13.765   893   912 I chatty  : uid=1000(system) android.anim expire 1 line
02-20 20:35:13.825   893  1299 I chatty  : uid=1000(system) Binder:893_7 expire 6 lines
02-20 20:35:13.869   893   907 I chatty  : uid=1000(system) Binder:893_2 expire 4 lines
02-20 20:35:13.969   893  1127 I chatty  : uid=1000(system) PowerGuruServic expire 1 line
02-20 20:35:14.084   893  2758 I chatty  : uid=1000(system) Binder:893_17 expire 1 line
