02-20 22:02:04.917   893  1160 D ConnectivityService: releasing NetworkRequest [ TRACK_DEFAULT id=1683, [ Capabilities: INTERNET&NOT_RESTRICTED&TRUSTED Uid: 10161 AdministratorUids: [] RequestorUid: 10161 RequestorPackageName: com.google.android.calendar] ] (release request)
02-20 22:02:04.917   893  4840 V ActivityManager: Clean up application record for ProcessRecord{3a4c360 20349:com.google.android.calendar/u0a161} restarting=false allowRestart=true index=-1 replacingPid=false
02-20 22:02:04.917   893  1160 D ConnectivityService:  Removing from current network [163 WIFI], leaving 33 requests.
02-20 22:02:12.328   893  4840 I WindowManager: Input focus has changed to null
02-20 22:02:12.340   893   912 D WindowManager: update input focus to null , run:true
02-20 22:02:12.364   893   911 I ActivityManager: Killing 19753:com.android.vending/u0a157 (adj 985): empty #17
02-20 22:02:12.369 21348 21348 I ActivityThread: smart_link is  not supported!!!
02-20 22:02:12.397   893  4840 I WindowManager: Input focus has changed to Window{5a2e5e0 u0 com.android.settings.intelligence/com.android.settings.intelligence.search.SearchActivity}
02-20 22:02:12.399   893   912 D WindowManager: update input focus to Window{5a2e5e0 u0 com.android.settings.intelligence/com.android.settings.intelligence.search.SearchActivity} , run:true
02-20 22:02:12.423   893  1401 D SSense  : onTouchRateChanged: rate:12.875
02-20 22:02:12.460   893  1139 D performance: LRU skip force stop: {com.android.settings.intelligence=focus, com.app.app=favorite}, swapKill: -1
02-20 22:02:12.501   893  3817 D ConnectivityService: ConnectivityService NetworkRequestInfo binderDied(NetworkRequest [ LISTEN id=1681, [ Capabilities: INTERNET&NOT_RESTRICTED&TRUSTED Uid: 10157 AdministratorUids: [] RequestorUid: 10157 RequestorPackageName: com.android.vending] ], android.os.BinderProxy@282cb5e)
02-20 22:02:12.501   893  4840 D ConnectivityService: ConnectivityService NetworkRequestInfo binderDied(NetworkRequest [ TRACK_DEFAULT id=1680, [ Capabilities: INTERNET&NOT_RESTRICTED&TRUSTED Uid: 10157 AdministratorUids: [] RequestorUid: 10157 RequestorPackageName: com.android.vending] ], android.os.BinderProxy@45b6b3f)
02-20 22:02:12.501   893  3542 V ActivityManager: Clean up application record for ProcessRecord{678c27d 19753:com.android.vending/u0a157} restarting=false allowRestart=true index=-1 replacingPid=false
02-20 22:02:12.502   893  1160 D ConnectivityService: releasing NetworkRequest [ TRACK_DEFAULT id=1680, [ Capabilities: INTERNET&NOT_RESTRICTED&TRUSTED Uid: 10157 AdministratorUids: [] RequestorUid: 10157 RequestorPackageName: com.android.vending] ] (release request)
02-20 22:02:12.502   893  1160 D ConnectivityService:  Removing from current network [163 WIFI], leaving 31 requests.
02-20 22:02:12.643   893  1167 D DeviceStorageMonitorService: updateStateEx oldLevel = 0, newLevel = 0
02-20 22:02:12.858   893   911 D SSense  : windowsChanged
02-20 22:02:12.902   893   911 D SSense  : windowsChanged
02-20 22:02:12.905 17055 17055 E ActivityThread: Activity com.android.settings.SubSettings has leaked ServiceConnection android.bluetooth.BluetoothProfileConnector$2@4d16c72 that was originally bound here
02-20 22:02:12.905 17055 17055 E ActivityThread: android.app.ServiceConnectionLeaked: Activity com.android.settings.SubSettings has leaked ServiceConnection android.bluetooth.BluetoothProfileConnector$2@4d16c72 that was originally bound here
02-20 22:02:12.905 17055 17055 E ActivityThread: 	at android.app.LoadedApk$ServiceDispatcher.<init>(LoadedApk.java:1876)
02-20 22:02:12.905 17055 17055 E ActivityThread: 	at android.app.LoadedApk.getServiceDispatcherCommon(LoadedApk.java:1744)
02-20 22:02:12.905 17055 17055 E ActivityThread: 	at android.app.LoadedApk.getServiceDispatcher(LoadedApk.java:1721)
02-20 22:02:12.905 17055 17055 E ActivityThread: 	at android.app.ContextImpl.bindServiceCommon(ContextImpl.java:1820)
02-20 22:02:12.905 17055 17055 E ActivityThread: 	at android.app.ContextImpl.bindServiceAsUser(ContextImpl.java:1774)
02-20 22:02:12.905 17055 17055 E ActivityThread: 	at android.content.ContextWrapper.bindServiceAsUser(ContextWrapper.java:775)
02-20 22:02:12.905 17055 17055 E ActivityThread: 	at android.bluetooth.BluetoothProfileConnector.doBind(BluetoothProfileConnector.java:90)
02-20 22:02:12.905 17055 17055 E ActivityThread: 	at android.bluetooth.BluetoothProfileConnector.connect(BluetoothProfileConnector.java:130)
02-20 22:02:12.905 17055 17055 E ActivityThread: 	at android.bluetooth.BluetoothA2dp.<init>(BluetoothA2dp.java:244)
02-20 22:02:12.905 17055 17055 E ActivityThread: 	at android.bluetooth.BluetoothAdapter.getProfileProxy(BluetoothAdapter.java:2843)
02-20 22:02:12.905 17055 17055 E ActivityThread: 	at com.android.settings.development.DevelopmentSettingsDashboardFragment.onCreateView(DevelopmentSettingsDashboardFragment.java:214)
02-20 22:02:12.905 17055 17055 E ActivityThread: 	at androidx.fragment.app.Fragment.performCreateView(Fragment.java:2897)
02-20 22:02:12.905 17055 17055 E ActivityThread: 	at androidx.fragment.app.FragmentStateManager.createView(FragmentStateManager.java:527)
02-20 22:02:12.905 17055 17055 E ActivityThread: 	at androidx.fragment.app.FragmentManager.moveToState(FragmentManager.java:1324)
02-20 22:02:12.905 17055 17055 E ActivityThread: 	at androidx.fragment.app.FragmentManager.moveToState(FragmentManager.java:1477)
02-20 22:02:12.905 17055 17055 E ActivityThread: 	at androidx.fragment.app.FragmentManager.moveFragmentToExpectedState(FragmentManager.java:1555)
02-20 22:02:12.905 17055 17055 E ActivityThread: 	at androidx.fragment.app.FragmentManager.moveToState(FragmentManager.java:1608)
02-20 22:02:12.905 17055 17055 E ActivityThread: 	at androidx.fragment.app.FragmentManager.dispatchStateChange(FragmentManager.java:3046)
02-20 22:02:12.905 17055 17055 E ActivityThread: 	at androidx.fragment.app.FragmentManager.dispatchActivityCreated(FragmentManager.java:2990)
02-20 22:02:12.905 17055 17055 E ActivityThread: 	at androidx.fragment.app.FragmentController.dispatchActivityCreated(FragmentController.java:251)
02-20 22:02:12.905 17055 17055 E ActivityThread: 	at androidx.fragment.app.FragmentActivity.onStart(FragmentActivity.java:458)
02-20 22:02:12.905 17055 17055 E ActivityThread: 	at android.app.Instrumentation.callActivityOnStart(Instrumentation.java:1435)
02-20 22:02:12.905 17055 17055 E ActivityThread: 	at android.app.Activity.performStart(Activity.java:8097)
02-20 22:02:12.905 17055 17055 E ActivityThread: 	at android.app.ActivityThread.handleStartActivity(ActivityThread.java:3535)
02-20 22:02:12.905 17055 17055 E ActivityThread: 	at android.app.servertransaction.TransactionExecutor.performLifecycleSequence(TransactionExecutor.java:221)
02-20 22:02:12.905 17055 17055 E ActivityThread: 	at android.app.servertransaction.TransactionExecutor.cycleToPath(TransactionExecutor.java:201)
02-20 22:02:12.905 17055 17055 E ActivityThread: 	at android.app.servertransaction.TransactionExecutor.executeLifecycleState(TransactionExecutor.java:173)
02-20 22:02:12.905 17055 17055 E ActivityThread: 	at android.app.servertransaction.TransactionExecutor.execute(TransactionExecutor.java:97)
02-20 22:02:12.905 17055 17055 E ActivityThread: 	at android.app.ActivityThread$H.handleMessage(ActivityThread.java:2108)
02-20 22:02:12.905 17055 17055 E ActivityThread: 	at android.os.Handler.dispatchMessage(Handler.java:106)
02-20 22:02:12.905 17055 17055 E ActivityThread: 	at android.os.Looper.loop(Looper.java:223)
02-20 22:02:12.905 17055 17055 E ActivityThread: 	at android.app.ActivityThread.main(ActivityThread.java:7986)
02-20 22:02:12.905 17055 17055 E ActivityThread: 	at java.lang.reflect.Method.invoke(Native Method)
02-20 22:02:12.905 17055 17055 E ActivityThread: 	at com.android.internal.os.RuntimeInit$MethodAndArgsCaller.run(RuntimeInit.java:603)
02-20 22:02:12.905 17055 17055 E ActivityThread: 	at com.android.internal.os.ZygoteInit.main(ZygoteInit.java:947)
02-20 22:02:12.905   893  3542 W ActivityManager: Unbind failed: could not find connection for android.os.BinderProxy@ece92cb
02-20 22:02:15.276   893   906 I WindowManager: Input focus has changed to Window{a427547 u0 NotificationShade}
02-20 22:02:15.280   893   912 D WindowManager: update input focus to Window{a427547 u0 NotificationShade} , run:true
02-20 22:02:17.103   893  3816 I ActivityTaskManager: START u0 {act=android.settings.APPLICATION_DEVELOPMENT_SETTINGS flg=0x10008000 pkg=com.android.settings cmp=com.android.settings/.Settings$DevelopmentSettingsDashboardActivity} from uid 1000, pid -1
02-20 22:02:17.119   893  3816 I ActivityTaskManager: ->startActivity for ActivityRecord{8a67104 u0 com.android.settings/.Settings$DevelopmentSettingsDashboardActivity t638} result:START_SUCCESS
02-20 22:02:17.127   893   906 W ActivityTaskManager: Tried to set launchTime (0) < mLastActivityLaunchTime (124519841)
02-20 22:02:17.156   893   911 D SSense  : windowsChanged
02-20 22:02:17.189   893   911 D SSense  : windowsChanged
02-20 22:02:17.253   893  2758 E UserRestrictionsUtils: Unknown restriction queried by uid 1000 (com.android.localtransport et al): null
02-20 22:02:17.256   893  2758 I chatty  : uid=1000(system) Binder:893_17 identical 2 lines
02-20 22:02:17.258   893  2758 E UserRestrictionsUtils: Unknown restriction queried by uid 1000 (com.android.localtransport et al): null
02-20 22:02:17.303   893  3816 D ActivityManager: Freezer.killable not present, disabling freezer
02-20 22:02:17.370   893  2758 D ActivityManager: Freezer.killable not present, disabling freezer
02-20 22:02:17.389   893  2758 D ActivityManager: Freezer.killable not present, disabling freezer
02-20 22:02:17.392 17055 17055 I ActivityThread: smart_link is  not supported!!!
02-20 22:02:17.423   893   911 D SSense  : windowsChanged
02-20 22:02:17.563   893  1139 D performance: LRU skip force stop: {com.app.app=favorite, com.android.settings=focus}, swapKill: -1
02-20 22:02:17.642   893  3816 E PowerController: isUltraPowerSaveMode, isUltraPowerSave: false
02-20 22:02:17.681   893  3816 I WindowManager: Input focus has changed to Window{2e50065 u0 com.android.settings/com.android.settings.Settings$DevelopmentSettingsDashboardActivity}
02-20 22:02:17.719   893   912 D WindowManager: update input focus to Window{2e50065 u0 com.android.settings/com.android.settings.Settings$DevelopmentSettingsDashboardActivity} , run:true
02-20 22:02:17.720   893   911 D SSense  : windowsChanged
02-20 22:02:17.746   893   911 D SSense  : windowsChanged
02-20 22:02:19.353   893   908 I RoleManagerService: Granting default roles...
02-20 22:02:19.366   893  2327 V AlarmManager: set(PendingIntent{949c3bb: PendingIntentRecord{bad80d8 com.google.android.gms/ startService}}) : type=3 listener=null listenerTag=null triggerAtTime=315968479719 win=236520000000 tElapsed=315968479719 maxElapsed=552488479719 interval=0 flags=0x0
02-20 22:02:19.406   893  2258 V AlarmManager: set(PendingIntent{59497fa: PendingIntentRecord{bef11ab com.google.android.gms/ startService}}) : type=3 listener=null listenerTag=null triggerAtTime=315968479758 win=236519999999 tElapsed=315968479758 maxElapsed=552488479757 interval=0 flags=0x0
02-20 22:02:19.499   893   908 W Looper  : Slow dispatch took 109ms android.fg h=android.os.Handler c=<recycled PooledLambda@ad21c8f> m=0
02-20 22:02:19.535   893  2233 I ActivityTaskManager: Config changes=4 {0.85 208mcc15mnc [en_US] ldltr sw600dp w961dp h555dp 213dpi lrg land finger -keyb/v/h -nav/h winConfig={ mBounds=Rect(0, 0 - 1280, 800) mAppBounds=Rect(0, 0 - 1280, 779) mWindowingMode=fullscreen mDisplayWindowingMode=fullscreen mActivityType=undefined mAlwaysOnTop=undefined mRotation=ROTATION_90} s.404}
02-20 22:02:19.538   893  2233 I WindowManager: Override config changes=4 {0.85 208mcc15mnc [en_US] ldltr sw600dp w961dp h555dp 213dpi lrg land finger -keyb/v/h -nav/h winConfig={ mBounds=Rect(0, 0 - 1280, 800) mAppBounds=Rect(0, 0 - 1280, 779) mWindowingMode=fullscreen mDisplayWindowingMode=fullscreen mActivityType=undefined mAlwaysOnTop=undefined mRotation=ROTATION_90} s.404} for displayId=0
02-20 22:02:19.591   893  2738 V AlarmManager: set(PendingIntent{1ba6b57: PendingIntentRecord{21f702d com.google.android.gms/com.google.android.gms.tron broadcastIntent}}) : type=3 listener=null listenerTag=null triggerAtTime=619279940 win=8099996 tElapsed=619279940 maxElapsed=627379936 interval=0 flags=0x0
02-20 22:02:19.603   893   918 D CompatibilityChangeReporter: Compat change id reported: 135634846; UID 10133; state: DISABLED
02-20 22:02:19.603   893   918 D CompatibilityChangeReporter: Compat change id reported: 135754954; UID 10133; state: ENABLED
02-20 22:02:19.605   893   919 D CompatibilityChangeReporter: Compat change id reported: 143937733; UID 10133; state: ENABLED
02-20 22:02:19.623   893  2258 D ActivityManager: Freezer.killable not present, disabling freezer
02-20 22:02:19.633   893   908 W Looper  : Slow delivery took 213ms android.fg h=android.os.Handler c=<recycled PooledLambda@9ba05fe> m=0
02-20 22:02:19.638   893   919 I ActivityManager: Start proc 21679:com.android.carrierdefaultapp/u0a133 for broadcast {com.android.carrierdefaultapp/com.android.carrierdefaultapp.CarrierDefaultBroadcastReceiver}
02-20 22:02:19.657   893   893 W Looper  : Slow dispatch took 259ms main h=android.app.ActivityThread$H c=android.app.-$$Lambda$LoadedApk$ReceiverDispatcher$Args$_BumDX2UKsnxLVrE6UJsJZkotuA@f0402f8 m=0
02-20 22:02:19.658   893   893 W Looper  : Slow delivery took 342ms main h=android.os.Handler c=android.app.-$$Lambda$LoadedApk$ReceiverDispatcher$Args$_BumDX2UKsnxLVrE6UJsJZkotuA@16d03d1 m=0
02-20 22:02:19.711   893   893 I Telecom : DefaultDialerCache: Refreshing default dialer for user 0: now com.app.app: DDC.oR@FW4
02-20 22:02:19.776   893   893 D performance: configuration change
02-20 22:02:19.790   893   893 D performance: Locale changed
02-20 22:02:19.793   893  1135 D performance: thumbnail mlocale null, new locale en
02-20 22:02:19.799   893   893 I Telecom : : Locale change; recreating channels.
02-20 22:02:19.866   893   893 W Looper  : Drained
02-20 22:02:19.868   893  3816 D CompatibilityChangeReporter: Compat change id reported: 135634846; UID 1000; state: DISABLED
02-20 22:02:19.868   893  3816 D CompatibilityChangeReporter: Compat change id reported: 135754954; UID 1000; state: DISABLED
02-20 22:02:19.901   893   919 I ActivityManager: Start proc 21726:com.android.deskclock/1000 for broadcast {com.android.deskclock/com.android.deskclock.AlarmInitReceiver}
02-20 22:02:19.971   893  1140 D performance: handleVmpressure, swap:30 pressure:0 thrashing:-1
02-20 22:02:19.994   893  2233 D ActivityManager: Freezer.killable not present, disabling freezer
02-20 22:02:20.031   893   918 D CompatibilityChangeReporter: Compat change id reported: 135634846; UID 10157; state: DISABLED
02-20 22:02:20.031   893   918 D CompatibilityChangeReporter: Compat change id reported: 135754954; UID 10157; state: ENABLED
02-20 22:02:20.032   893   919 D CompatibilityChangeReporter: Compat change id reported: 143937733; UID 10157; state: ENABLED
02-20 22:02:20.065   893   919 I ActivityManager: Start proc 21746:com.android.vending/u0a157 for broadcast {com.android.vending/com.google.android.finsky.setup.LauncherConfigurationReceiver}
02-20 22:02:20.076   893  1176 V UsbDeviceManager: USB UEVENT: {SUBSYSTEM=android_usb, SEQNUM=90412, ACTION=change, USB_STATE=DISCONNECTED, DEVPATH=/devices/virtual/android_usb/android0}
02-20 22:02:20.077   893  1698 W AdbDebuggingManager: Read failed with count -1
02-20 22:02:20.080   893  1698 E AdbDebuggingManager: Caught an exception opening the socket: java.io.IOException: Connection refused
02-20 22:02:20.084   893   908 D AdbDebuggingManager: Received notification that uri content://settings/global/adb_allowed_connection_time was modified; rescheduling keystore job
02-20 22:02:20.089   893   908 D UsbDeviceManager: clear adb notification
02-20 22:02:20.089   893   908 D UsbDeviceManager: Clear notification
02-20 22:02:20.093   893   908 D UsbDeviceManager: push notification:Charging this device via USB
02-20 22:02:20.096   893   908 D UsbDeviceManager: setAdbEnabled: false
02-20 22:02:20.100   893  2233 V AlarmManager: set(PendingIntent{6ed4fcb: PendingIntentRecord{176a9bc com.google.android.gms/com.google.android.gms.gcm broadcastIntent}}) : type=3 listener=null listenerTag=null triggerAtTime=608785381 win=228696 tElapsed=608785381 maxElapsed=609014077 interval=0 flags=0x0
02-20 22:02:20.129   893   908 D UsbDeviceManager: setEnabledFunctions functions=0, forceRestart=true, usbDataUnlocked=false
02-20 22:02:20.129   893   908 I UsbDeviceManager: Setting USB config to mtp
02-20 22:02:20.130   893   908 D UsbDeviceManager: setUsbConfig(none)
02-20 22:02:20.146   893  2758 I Telecom : PhoneAccountRegistrar: Modify account: [ComponentInfo{com.android.phone/com.android.services.telephony.TelephonyConnectionService}, ***, UserHandle{0}]: TSI.rPA@FW8
02-20 22:02:20.150   893  2758 I Telecom : CallsManager: handlePhoneAccountChanged: phoneAccount=[[X] PhoneAccount: ComponentInfo{com.android.phone/com.android.services.telephony.TelephonyConnectionService}, ***, UserHandle{0} Capabilities: CallProvider MultiUser PlaceEmerg SimSub  Audio Routes: BESW Schemes: tel voicemail  Extras: Bundle[{android.telecom.extra.SUPPORTS_VIDEO_CALLING_FALLBACK=true, android.telecom.extra.SORT_ORDER=0}] GroupId: ***]: TSI.rPA@FW8
02-20 22:02:20.185   893   908 D UsbDeviceManager: setUsbConfig(mtp)
02-20 22:02:20.186   893   908 D UsbDeviceManager: broadcasting Intent { act=android.hardware.usb.action.USB_STATE flg=0x31000000 (has extras) } extras: Bundle[{host_connected=false, connected=true, unlocked=false, mtp=true, configured=true}]
02-20 22:02:20.238   893   908 W Looper  : Slow dispatch took 145ms android.fg h=com.android.server.usb.UsbDeviceManager$UsbHandlerLegacy c=null m=1
02-20 22:02:20.276   893  1140 D performance: handleVmpressure, swap:30 pressure:1 thrashing:-1
02-20 22:02:20.284   893  2233 V AlarmManager: set(PendingIntent{3129868: PendingIntentRecord{2d753d8 com.google.android.gms/com.google.android.gms.ota_base broadcastIntent}}) : type=1 listener=null listenerTag=null triggerAtTime=9223372036854775807 win=1644782459646 tElapsed=9223370392072316161 maxElapsed=9223372036854775807 interval=0 flags=0x0
02-20 22:02:20.316   893   893 W NotificationHistory: Attempted to add notif for locked/gone/disabled user 0
02-20 22:02:20.360   893  2733 I Telecom : PhoneAccountRegistrar: Modify account: [ComponentInfo{com.android.phone/com.android.services.telephony.TelephonyConnectionService}, ***, UserHandle{0}]: TSI.rPA@FXE
02-20 22:02:20.362   893  2733 I Telecom : CallsManager: handlePhoneAccountChanged: phoneAccount=[[X] PhoneAccount: ComponentInfo{com.android.phone/com.android.services.telephony.TelephonyConnectionService}, ***, UserHandle{0} Capabilities: CallProvider MultiUser PlaceEmerg SimSub  Audio Routes: BESW Schemes: tel voicemail  Extras: Bundle[{android.telecom.extra.SUPPORTS_VIDEO_CALLING_FALLBACK=true, android.telecom.extra.SORT_ORDER=0}] GroupId: ***]: TSI.rPA@FXE
02-20 22:02:20.372   893  2140 V AlarmManager: set(PendingIntent{b576b74: PendingIntentRecord{176a9bc com.google.android.gms/com.google.android.gms.gcm broadcastIntent}}) : type=3 listener=null listenerTag=null triggerAtTime=608785381 win=228492 tElapsed=608785381 maxElapsed=609013873 interval=0 flags=0x0
02-20 22:02:20.448   893  1176 V UsbDeviceManager: USB UEVENT: {SUBSYSTEM=android_usb, SEQNUM=90414, ACTION=change, USB_STATE=CONNECTED, DEVPATH=/devices/virtual/android_usb/android0}
02-20 22:02:20.461   893  1176 V UsbDeviceManager: USB UEVENT: {SUBSYSTEM=android_usb, SEQNUM=90415, ACTION=change, USB_STATE=CONFIGURED, DEVPATH=/devices/virtual/android_usb/android0}
02-20 22:02:20.568   893  2738 D CompatibilityChangeReporter: Compat change id reported: 135634846; UID 10197; state: DISABLED
02-20 22:02:20.568   893  2738 D CompatibilityChangeReporter: Compat change id reported: 135754954; UID 10197; state: ENABLED
02-20 22:02:20.568   893   919 D CompatibilityChangeReporter: Compat change id reported: 143937733; UID 10197; state: ENABLED
02-20 22:02:20.586   893  1140 D performance: handleVmpressure, swap:30 pressure:1 thrashing:-1
02-20 22:02:20.589   893  1160 D ConnectivityService: receive EVENT_NETWORK_PROPERTIES_CHANGED 
02-20 22:02:20.589   893  1160 D ConnectivityService: Update of LinkProperties for [169 CELLULAR]; created=true; everConnected=true
02-20 22:02:20.590   893  1160 D ConnectivityService: handleUpdateLinkProperties: newLp is {InterfaceName: seth_lte0 LinkAddresses: [ 10.95.134.216/32 ] DnsAddresses: [ /212.27.40.240,/212.27.40.241 ] Domains: null MTU: 1420 TcpBufferSizes: 122334,734003,2202010,32040,192239,576717 Routes: [ 0.0.0.0/0 -> 0.0.0.0 seth_lte0 mtu 1420 ]}
02-20 22:02:20.590   893  1160 D ConnectivityService: updateMtu: IPv4 mtu = 1420, IPv6 mtu = 0
02-20 22:02:20.590   893  1160 D ConnectivityService: identical MTU - not setting
02-20 22:02:20.594   893   919 I ActivityManager: Start proc 21779:com.android.soundrecorder/u0a197 for broadcast {com.android.soundrecorder/com.sprd.soundrecorder.RecorderReceiver}
02-20 22:02:20.885   893  1140 D performance: handleVmpressure, swap:30 pressure:1 thrashing:-1
02-20 22:02:20.914   893  2733 D ConnectivityService: requestNetwork for uid/pid:10157/21746 NetworkRequest [ TRACK_DEFAULT id=1688, [ Capabilities: INTERNET&NOT_RESTRICTED&TRUSTED Uid: 10157 AdministratorUids: [] RequestorUid: 10157 RequestorPackageName: com.android.vending] ]
02-20 22:02:20.915   893  1160 D ConnectivityService: NetworkReassignment :
02-20 22:02:20.915   893  1160 D ConnectivityService:   1688 : null  163
02-20 22:02:20.915   893  1160 D ConnectivityService:    accepting network in place of null
02-20 22:02:20.915   893  1160 D ConnectivityService: sending new Min Network Score(60): NetworkRequest [ TRACK_DEFAULT id=1688, [ Capabilities: INTERNET&NOT_RESTRICTED&TRUSTED Uid: 10157 AdministratorUids: [] RequestorUid: 10157 RequestorPackageName: com.android.vending] ]
02-20 22:02:20.928   893  1160 D ConnectivityService: NetworkReassignment : no changes
02-20 22:02:20.941   893  2738 D CompatibilityChangeReporter: Compat change id reported: 135634846; UID 10156; state: DISABLED
02-20 22:02:20.941   893  2738 D CompatibilityChangeReporter: Compat change id reported: 135754954; UID 10156; state: ENABLED
02-20 22:02:20.942   893   919 D CompatibilityChangeReporter: Compat change id reported: 143937733; UID 10156; state: ENABLED
02-20 22:02:20.967   893   919 I ActivityManager: Start proc 21825:com.google.process.gapps/u0a156 for content provider {com.google.android.gsf/com.google.android.gsf.settings.GoogleSettingsProvider}
02-20 22:02:21.082   893   908 W Looper  : Slow dispatch took 843ms android.fg h=com.android.server.adb.AdbDebuggingManager$AdbDebuggingHandler c=null m=2
02-20 22:02:21.082   893   908 D UsbDeviceManager: skip broadcasting Intent { act=android.hardware.usb.action.USB_STATE flg=0x31000000 (has extras) } extras: Bundle[{host_connected=false, connected=true, unlocked=false, mtp=true, configured=true}]
02-20 22:02:21.082   893   908 W Looper  : Drained
02-20 22:02:21.184   893  1140 D performance: handleVmpressure, swap:30 pressure:1 thrashing:-1
02-20 22:02:21.241 21746 21746 W ActivityThread: Main thread can not be idle for a long time.
02-20 22:02:21.279 21746 21746 W ActivityThread: Main thread can not be idle for a long time.
02-20 22:02:21.314   893  2258 D CompatibilityChangeReporter: Compat change id reported: 135634846; UID 10175; state: DISABLED
02-20 22:02:21.315   893  2258 D CompatibilityChangeReporter: Compat change id reported: 135754954; UID 10175; state: ENABLED
02-20 22:02:21.315   893   919 D CompatibilityChangeReporter: Compat change id reported: 143937733; UID 10175; state: ENABLED
02-20 22:02:21.336   893   919 I ActivityManager: Start proc 21868:com.google.android.apps.docs/u0a175 for broadcast {com.google.android.apps.docs/com.google.android.apps.docs.notification.common.NotificationChannelReceiver}
02-20 22:02:21.397   893  2758 I ActivityManager: Killing 21514:com.android.traceur/u0a130 (adj 985): empty #17
02-20 22:02:21.398   893  2758 I ActivityManager: Killing 21421:com.android.emergency/u0a188 (adj 985): empty #18
02-20 22:02:21.485   893  1140 D performance: handleVmpressure, swap:30 pressure:1 thrashing:-1
02-20 22:02:21.520   893  5101 V ActivityManager: Clean up application record for ProcessRecord{dcca81c 21514:com.android.traceur/u0a130} restarting=false allowRestart=true index=-1 replacingPid=false
02-20 22:02:21.526   893  2758 V ActivityManager: Clean up application record for ProcessRecord{34a662f 21421:com.android.emergency/u0a188} restarting=false allowRestart=true index=-1 replacingPid=false
02-20 22:02:21.797   893  1140 D performance: handleVmpressure, swap:30 pressure:1 thrashing:-1
02-20 22:02:21.965   893   908 V AlarmManager: set(null) : type=3 listener=android.app.AlarmManager$ListenerWrapper@1602ce9 listenerTag=*CountQuotaTracker.cleanup* triggerAtTime=609142318 win=495000 tElapsed=609142318 maxElapsed=609637318 interval=0 flags=0x8
02-20 22:02:21.978   893  2733 D CompatibilityChangeReporter: Compat change id reported: 135634846; UID 10173; state: DISABLED
02-20 22:02:21.979   893  2733 D CompatibilityChangeReporter: Compat change id reported: 135754954; UID 10173; state: ENABLED
02-20 22:02:21.979   893   919 D CompatibilityChangeReporter: Compat change id reported: 143937733; UID 10173; state: ENABLED
02-20 22:02:22.002   893   919 I ActivityManager: Start proc 21947:com.google.android.apps.maps/u0a173 for broadcast {com.google.android.apps.maps/com.google.android.apps.gmm.notification.channels.NotificationChannelBroadcastReceiver}
02-20 22:02:22.096   893  1140 D performance: handleVmpressure, swap:31 pressure:1 thrashing:-1
02-20 22:02:22.515   893  2140 D ConnectivityService: requestNetwork for uid/pid:10173/21947 NetworkRequest [ TRACK_DEFAULT id=1690, [ Capabilities: INTERNET&NOT_RESTRICTED&TRUSTED Uid: 10173 AdministratorUids: [] RequestorUid: 10173 RequestorPackageName: com.google.android.apps.maps] ]
02-20 22:02:22.516   893  1160 D ConnectivityService: NetworkReassignment :
02-20 22:02:22.516   893  1160 D ConnectivityService:   1690 : null  163
02-20 22:02:22.516   893  1160 D ConnectivityService:    accepting network in place of null
02-20 22:02:22.516   893  1160 D ConnectivityService: sending new Min Network Score(60): NetworkRequest [ TRACK_DEFAULT id=1690, [ Capabilities: INTERNET&NOT_RESTRICTED&TRUSTED Uid: 10173 AdministratorUids: [] RequestorUid: 10173 RequestorPackageName: com.google.android.apps.maps] ]
02-20 22:02:22.525   893  2140 D CompatibilityChangeReporter: Compat change id reported: 135634846; UID 10157; state: DISABLED
02-20 22:02:22.525   893  2140 D CompatibilityChangeReporter: Compat change id reported: 135754954; UID 10157; state: ENABLED
02-20 22:02:22.526   893   919 D CompatibilityChangeReporter: Compat change id reported: 143937733; UID 10157; state: ENABLED
02-20 22:02:22.552   893   919 I ActivityManager: Start proc 22016:com.android.vending:background/u0a157 for service {com.android.vending/com.google.android.finsky.ipcservers.background.BackgroundGrpcServerAndroidService}
02-20 22:02:22.612   893  1175 I UsbPortManager: ClientCallback V1_1: port0
02-20 22:02:22.632   893  1176 V UsbDeviceManager: USB UEVENT: {SUBSYSTEM=android_usb, SEQNUM=90418, ACTION=change, USB_STATE=DISCONNECTED, DEVPATH=/devices/virtual/android_usb/android0}
02-20 22:02:22.648   893   918 W BroadcastQueue: Background execution not allowed: receiving Intent { act=android.intent.action.ACTION_POWER_DISCONNECTED flg=0x4000010 (has extras) } to com.google.android.gms/.chimera.GmsIntentOperationService$PersistentTrustedReceiver
02-20 22:02:22.648   893   918 W BroadcastQueue: Background execution not allowed: receiving Intent { act=android.intent.action.ACTION_POWER_DISCONNECTED flg=0x4000010 (has extras) } to com.google.android.projection.gearhead/com.google.android.apps.auto.components.connectivity.impl.ConnectivityEventHandlerImpl$ConnectivityEventBroadcastReceiver
02-20 22:02:22.649   893   932 D PowerManagerService: userActivityNoUpdateLocked: Scene not defined, event:0
02-20 22:02:22.655   893   918 W BroadcastQueue: Background execution not allowed: receiving Intent { act=android.intent.action.ACTION_POWER_DISCONNECTED flg=0x4000010 (has extras) } to com.sprd.maintain/.receiver.MyReceiver
02-20 22:02:22.666   893   908 D UsbDeviceManager: receive power disconnected : usb state DISCONNECTED
02-20 22:02:22.666   893   908 D UsbDeviceManager: clear usb notification
02-20 22:02:22.670   893   908 D UsbDeviceManager: broadcasting Intent { act=android.hardware.usb.action.USB_STATE flg=0x31000000 (has extras) } extras: Bundle[{host_connected=false, connected=false, unlocked=false, mtp=true, configured=false}]
02-20 22:02:22.687   893  3542 D ConnectivityService: requestNetwork for uid/pid:10173/21947 NetworkRequest [ TRACK_DEFAULT id=1691, [ Capabilities: INTERNET&NOT_RESTRICTED&TRUSTED Uid: 10173 AdministratorUids: [] RequestorUid: 10173 RequestorPackageName: com.google.android.apps.maps] ]
02-20 22:02:22.688   893  1160 D ConnectivityService: NetworkReassignment :
02-20 22:02:22.688   893  1160 D ConnectivityService:   1691 : null  163
02-20 22:02:22.688   893  1160 D ConnectivityService:    accepting network in place of null
02-20 22:02:22.688   893  1160 D ConnectivityService: sending new Min Network Score(60): NetworkRequest [ TRACK_DEFAULT id=1691, [ Capabilities: INTERNET&NOT_RESTRICTED&TRUSTED Uid: 10173 AdministratorUids: [] RequestorUid: 10173 RequestorPackageName: com.google.android.apps.maps] ]
02-20 22:02:22.696   893  1160 D ConnectivityService: NetworkReassignment : no changes
02-20 22:02:22.700   893   908 D UsbDeviceManager: setEnabledFunctions functions=0, forceRestart=false, usbDataUnlocked=false
02-20 22:02:22.705   893   935 I AppsFilter: interaction: PackageSetting{2432e06 com.app.app/10228} -> PackageSetting{d449cc7 com.google.android.apps.docs/10175} BLOCKED
02-20 22:02:22.766 21947 21947 W ActivityThread: com.google.android.apps.gmm.cloudmessage.chime.ChimeCloudMessageReceiver running onReceive took long time
02-20 22:02:22.770   893  1175 I UsbPortManager: ClientCallback V1_1: port0
02-20 22:02:22.770   893  1175 I UsbPortManager: ClientCallback V1_1: port0
02-20 22:02:22.772   893  1297 I UsbPortManager: ClientCallback V1_1: port0
02-20 22:02:22.772   893  1297 I UsbPortManager: ClientCallback V1_1: port0
02-20 22:02:22.774   893  1175 I UsbPortManager: ClientCallback V1_1: port0
02-20 22:02:22.774   893  1175 I UsbPortManager: ClientCallback V1_1: port0
02-20 22:02:22.797   893   925 W BatteryExternalStatsWorker: modem info is invalid: ModemActivityInfo{ mTimestamp=0 mSleepTimeMs=0 mIdleTimeMs=0 mTransmitPowerInfo[]=[TransmitPower{ mTimeInMillis=0 mPowerRangeInDbm={-2147483648,0}}, TransmitPower{ mTimeInMillis=0 mPowerRangeInDbm={0,5}}, TransmitPower{ mTimeInMillis=0 mPowerRangeInDbm={5,15}}, TransmitPower{ mTimeInMillis=0 mPowerRangeInDbm={15,20}}, TransmitPower{ mTimeInMillis=0 mPowerRangeInDbm={20,2147483647}}] mRxTimeMs=0}
02-20 22:02:22.798   893   925 I BatteryStatsImpl: Resetting battery stats: level=99 status=2 dischargeLevel=99 lowAmount=0 highAmount=0
02-20 22:02:22.809   893   935 I WindowManager:   Force finishing activity ActivityRecord{8a67104 u0 com.android.settings/.Settings$DevelopmentSettingsDashboardActivity t638}
02-20 22:02:22.830   893   935 I WindowManager:   Force finishing activity ActivityRecord{8a67104 u0 com.android.settings/.Settings$DevelopmentSettingsDashboardActivity t638 f}}
02-20 22:02:22.830   893   935 W ActivityTaskManager: Duplicate finish request for r=ActivityRecord{8a67104 u0 com.android.settings/.Settings$DevelopmentSettingsDashboardActivity t638 f}}
02-20 22:02:22.871   893   911 D SSense  : windowsChanged
02-20 22:02:22.970   893  2270 I WindowManager: Input focus has changed to null
02-20 22:02:22.978   893   912 D WindowManager: update input focus to null , run:true
02-20 22:02:23.017   893   909 W Looper  : Slow dispatch took 149ms android.ui h=com.android.server.am.ActivityManagerService$UiHandler c=null m=31
02-20 22:02:23.044 21348 21348 I ActivityThread: smart_link is  not supported!!!
02-20 22:02:23.066   893  1277 I WindowManager: Input focus has changed to Window{5a2e5e0 u0 com.android.settings.intelligence/com.android.settings.intelligence.search.SearchActivity}
02-20 22:02:23.067   893   912 D WindowManager: update input focus to Window{5a2e5e0 u0 com.android.settings.intelligence/com.android.settings.intelligence.search.SearchActivity} , run:true
02-20 22:02:23.156   893  1139 D performance: LRU skip force stop: {com.android.settings.intelligence=focus, com.app.app=favorite}, swapKill: -1
02-20 22:02:23.230   893   908 W Looper  : Slow delivery took 202ms android.fg h=android.os.Handler c=<recycled PooledLambda@32df42c> m=0
02-20 22:02:23.360   893   908 W Looper  : Slow dispatch took 130ms android.fg h=android.os.Handler c=<recycled PooledLambda@3eaf71> m=0
02-20 22:02:23.444   893  2246 D ConnectivityService: requestNetwork for uid/pid:10157/22016 NetworkRequest [ TRACK_DEFAULT id=1693, [ Capabilities: INTERNET&NOT_RESTRICTED&TRUSTED Uid: 10157 AdministratorUids: [] RequestorUid: 10157 RequestorPackageName: com.android.vending] ]
02-20 22:02:23.444   893  1160 D ConnectivityService: NetworkReassignment :
02-20 22:02:23.444   893  1160 D ConnectivityService:   1693 : null  163
02-20 22:02:23.444   893  1160 D ConnectivityService:    accepting network in place of null
02-20 22:02:23.444   893  1160 D ConnectivityService: sending new Min Network Score(60): NetworkRequest [ TRACK_DEFAULT id=1693, [ Capabilities: INTERNET&NOT_RESTRICTED&TRUSTED Uid: 10157 AdministratorUids: [] RequestorUid: 10157 RequestorPackageName: com.android.vending] ]
02-20 22:02:23.537   893   893 W Looper  : Slow dispatch took 778ms main h=android.app.ActivityThread$H c=android.app.LoadedApk$ServiceDispatcher$RunConnection@244b06c m=0
02-20 22:02:23.537   893   893 W Looper  : Slow delivery took 778ms main h=android.app.ActivityThread$H c=android.app.-$$Lambda$LoadedApk$ReceiverDispatcher$Args$_BumDX2UKsnxLVrE6UJsJZkotuA@4883635 m=0
02-20 22:02:23.573   893  2758 I ActivityManager: Killing 21137:com.google.android.cellbroadcastreceiver/u0a209 (adj 975): empty #17
02-20 22:02:23.652   893  1140 D performance: handleVmpressure, swap:32 pressure:0 thrashing:-1
02-20 22:02:23.690   893  2140 V ActivityManager: Clean up application record for ProcessRecord{631cfbb 21137:com.google.android.cellbroadcastreceiver/u0a209} restarting=false allowRestart=true index=-1 replacingPid=false
02-20 22:02:23.731   893  2758 V AlarmManager: set(PendingIntent{56032d0: PendingIntentRecord{720186b com.sprd.maintain broadcastIntent}}) : type=0 listener=null listenerTag=null triggerAtTime=1645477343674 win=0 tElapsed=694884027 maxElapsed=694884027 interval=0 flags=0x5
02-20 22:02:23.736   893   893 I Telecom : DefaultDialerCache: Refreshing default dialer for user 0: now com.app.app: DDC.oR@FXI
02-20 22:02:23.759   893   911 D SSense  : windowsChanged
02-20 22:02:23.780   893  2758 V AlarmManager: set(PendingIntent{3320932: PendingIntentRecord{46e4825 com.google.android.apps.messaging broadcastIntent}}) : type=0 listener=null listenerTag=null triggerAtTime=1645456969762 win=64800000 tElapsed=674510115 maxElapsed=739310115 interval=86400000 flags=0x0
02-20 22:02:23.802 17055 17055 E ActivityThread: Activity com.android.settings.Settings$DevelopmentSettingsDashboardActivity has leaked ServiceConnection android.bluetooth.BluetoothProfileConnector$2@c65270c that was originally bound here
02-20 22:02:23.802 17055 17055 E ActivityThread: android.app.ServiceConnectionLeaked: Activity com.android.settings.Settings$DevelopmentSettingsDashboardActivity has leaked ServiceConnection android.bluetooth.BluetoothProfileConnector$2@c65270c that was originally bound here
02-20 22:02:23.802 17055 17055 E ActivityThread: 	at android.app.LoadedApk$ServiceDispatcher.<init>(LoadedApk.java:1876)
02-20 22:02:23.802 17055 17055 E ActivityThread: 	at android.app.LoadedApk.getServiceDispatcherCommon(LoadedApk.java:1744)
02-20 22:02:23.802 17055 17055 E ActivityThread: 	at android.app.LoadedApk.getServiceDispatcher(LoadedApk.java:1721)
02-20 22:02:23.802 17055 17055 E ActivityThread: 	at android.app.ContextImpl.bindServiceCommon(ContextImpl.java:1820)
02-20 22:02:23.802 17055 17055 E ActivityThread: 	at android.app.ContextImpl.bindServiceAsUser(ContextImpl.java:1774)
02-20 22:02:23.802 17055 17055 E ActivityThread: 	at android.content.ContextWrapper.bindServiceAsUser(ContextWrapper.java:775)
02-20 22:02:23.802 17055 17055 E ActivityThread: 	at android.bluetooth.BluetoothProfileConnector.doBind(BluetoothProfileConnector.java:90)
02-20 22:02:23.802 17055 17055 E ActivityThread: 	at android.bluetooth.BluetoothProfileConnector.connect(BluetoothProfileConnector.java:130)
02-20 22:02:23.802 17055 17055 E ActivityThread: 	at android.bluetooth.BluetoothA2dp.<init>(BluetoothA2dp.java:244)
02-20 22:02:23.802 17055 17055 E ActivityThread: 	at android.bluetooth.BluetoothAdapter.getProfileProxy(BluetoothAdapter.java:2843)
02-20 22:02:23.802 17055 17055 E ActivityThread: 	at com.android.settings.development.DevelopmentSettingsDashboardFragment.onCreateView(DevelopmentSettingsDashboardFragment.java:214)
02-20 22:02:23.802 17055 17055 E ActivityThread: 	at androidx.fragment.app.Fragment.performCreateView(Fragment.java:2897)
02-20 22:02:23.802 17055 17055 E ActivityThread: 	at androidx.fragment.app.FragmentStateManager.createView(FragmentStateManager.java:527)
02-20 22:02:23.802 17055 17055 E ActivityThread: 	at androidx.fragment.app.FragmentManager.moveToState(FragmentManager.java:1324)
02-20 22:02:23.802 17055 17055 E ActivityThread: 	at androidx.fragment.app.FragmentManager.moveToState(FragmentManager.java:1477)
02-20 22:02:23.802 17055 17055 E ActivityThread: 	at androidx.fragment.app.FragmentManager.moveFragmentToExpectedState(FragmentManager.java:1555)
02-20 22:02:23.802 17055 17055 E ActivityThread: 	at androidx.fragment.app.FragmentManager.moveToState(FragmentManager.java:1608)
02-20 22:02:23.802 17055 17055 E ActivityThread: 	at androidx.fragment.app.FragmentManager.dispatchStateChange(FragmentManager.java:3046)
02-20 22:02:23.802 17055 17055 E ActivityThread: 	at androidx.fragment.app.FragmentManager.dispatchActivityCreated(FragmentManager.java:2990)
02-20 22:02:23.802 17055 17055 E ActivityThread: 	at androidx.fragment.app.FragmentController.dispatchActivityCreated(FragmentController.java:251)
02-20 22:02:23.802 17055 17055 E ActivityThread: 	at androidx.fragment.app.FragmentActivity.onStart(FragmentActivity.java:458)
02-20 22:02:23.802 17055 17055 E ActivityThread: 	at android.app.Instrumentation.callActivityOnStart(Instrumentation.java:1435)
02-20 22:02:23.802 17055 17055 E ActivityThread: 	at android.app.Activity.performStart(Activity.java:8097)
02-20 22:02:23.802 17055 17055 E ActivityThread: 	at android.app.ActivityThread.handleStartActivity(ActivityThread.java:3535)
02-20 22:02:23.802 17055 17055 E ActivityThread: 	at android.app.servertransaction.TransactionExecutor.performLifecycleSequence(TransactionExecutor.java:221)
02-20 22:02:23.802 17055 17055 E ActivityThread: 	at android.app.servertransaction.TransactionExecutor.cycleToPath(TransactionExecutor.java:201)
02-20 22:02:23.802 17055 17055 E ActivityThread: 	at android.app.servertransaction.TransactionExecutor.executeLifecycleState(TransactionExecutor.java:173)
02-20 22:02:23.802 17055 17055 E ActivityThread: 	at android.app.servertransaction.TransactionExecutor.execute(TransactionExecutor.java:97)
02-20 22:02:23.802 17055 17055 E ActivityThread: 	at android.app.ActivityThread$H.handleMessage(ActivityThread.java:2108)
02-20 22:02:23.802 17055 17055 E ActivityThread: 	at android.os.Handler.dispatchMessage(Handler.java:106)
02-20 22:02:23.802 17055 17055 E ActivityThread: 	at android.os.Looper.loop(Looper.java:223)
02-20 22:02:23.802 17055 17055 E ActivityThread: 	at android.app.ActivityThread.main(ActivityThread.java:7986)
02-20 22:02:23.802 17055 17055 E ActivityThread: 	at java.lang.reflect.Method.invoke(Native Method)
02-20 22:02:23.802 17055 17055 E ActivityThread: 	at com.android.internal.os.RuntimeInit$MethodAndArgsCaller.run(RuntimeInit.java:603)
02-20 22:02:23.802 17055 17055 E ActivityThread: 	at com.android.internal.os.ZygoteInit.main(ZygoteInit.java:947)
02-20 22:02:23.810   893   911 D SSense  : windowsChanged
02-20 22:02:23.817   893   893 I Telecom : DefaultDialerCache: Refreshing default dialer for user 0: now com.app.app: DDC.oR@FXM
02-20 22:02:23.839   893   908 I RoleManagerService: Granting default roles...
02-20 22:02:23.839   893  2270 D CompatibilityChangeReporter: Compat change id reported: 135634846; UID 10179; state: DISABLED
02-20 22:02:23.839   893  2270 D CompatibilityChangeReporter: Compat change id reported: 135754954; UID 10179; state: ENABLED
02-20 22:02:23.840   893   908 W Looper  : Drained
02-20 22:02:23.841   893   919 D CompatibilityChangeReporter: Compat change id reported: 143937733; UID 10179; state: ENABLED
02-20 22:02:23.891   893   919 W ActivityManager: Slow operation: 53ms so far, now at startProcess: done updating battery stats
02-20 22:02:23.891   893   919 W ActivityManager: Slow operation: 53ms so far, now at startProcess: building log message
02-20 22:02:23.891   893   919 I ActivityManager: Start proc 22082:com.google.android.apps.photos/u0a179 for broadcast {com.google.android.apps.photos/com.google.android.apps.photos.localization.LocaleChangedReceiver}
02-20 22:02:23.891   893   919 W ActivityManager: Slow operation: 53ms so far, now at startProcess: starting to update pids map
02-20 22:02:23.895   893   919 W ActivityManager: Slow operation: 57ms so far, now at startProcess: done updating pids map
02-20 22:02:23.913   893   914 E Watchdog: WDT_Monitor: checkSFStatus sfBlocked=false
02-20 22:02:23.913   893   914 E Watchdog: WDT_Monitor: writeWDTMonitor duration=50,shutdowning=false
02-20 22:02:23.960   893  1140 D performance: handleVmpressure, swap:32 pressure:0 thrashing:-1
02-20 22:02:24.216   893   893 V AlarmManager: set(null) : type=3 listener=android.app.AlarmManager$ListenerWrapper@89222be listenerTag=*job.quota_check* triggerAtTime=657620581 win=36852008 tElapsed=657620581 maxElapsed=694472589 interval=0 flags=0x8
02-20 22:02:24.218   893   893 V AlarmManager: set(null) : type=3 listener=android.app.AlarmManager$ListenerWrapper@89222be listenerTag=*job.quota_check* triggerAtTime=649360429 win=30656893 tElapsed=649360429 maxElapsed=680017322 interval=0 flags=0x8
02-20 22:02:24.220   893   893 V AlarmManager: set(null) : type=3 listener=android.app.AlarmManager$ListenerWrapper@89222be listenerTag=*job.quota_check* triggerAtTime=619880382 win=8546856 tElapsed=619880382 maxElapsed=628427238 interval=0 flags=0x8
02-20 22:02:24.222   893   893 W Looper  : Slow dispatch took 374ms main h=android.app.ActivityThread$H c=android.app.-$$Lambda$LoadedApk$ReceiverDispatcher$Args$_BumDX2UKsnxLVrE6UJsJZkotuA@5c0b01f m=0
02-20 22:02:24.259   893  2758 V AlarmManager: set(null) : type=3 listener=android.app.AlarmManager$ListenerWrapper@ee384f8 listenerTag=*job.delay* triggerAtTime=608793355 win=231556 tElapsed=608793355 maxElapsed=609024911 interval=0 flags=0x0
02-20 22:02:24.261   893  1140 D performance: handleVmpressure, swap:33 pressure:0 thrashing:-1
02-20 22:02:24.263   893  2758 V AlarmManager: set(null) : type=2 listener=android.app.AlarmManager$ListenerWrapper@c2bcefc listenerTag=*job.deadline* triggerAtTime=609711747 win=920348 tElapsed=609711747 maxElapsed=610632095 interval=0 flags=0x0
02-20 22:02:24.282   893   908 W Looper  : Slow dispatch took 442ms android.fg h=com.android.server.AppStateTracker$MyHandler c=null m=0
02-20 22:02:24.289   893   908 W Looper  : Slow delivery took 447ms android.fg h=com.android.server.AppStateTracker$MyHandler c=null m=14
02-20 22:02:24.293   893   908 W Looper  : Drained
02-20 22:02:24.312   893   893 W Looper  : Drained
02-20 22:02:24.572   893  1140 D performance: handleVmpressure, swap:33 pressure:0 thrashing:-1
02-20 22:02:24.648 22082 22082 W ActivityThread: Main thread can not be idle for a long time.
02-20 22:02:24.777   893  2250 D PackageInstallerSession: Ignoring abandon after commit relinquished control
02-20 22:02:24.786   893  2758 D ConnectivityService: requestNetwork for uid/pid:10179/22082 NetworkRequest [ TRACK_DEFAULT id=1694, [ Capabilities: INTERNET&NOT_RESTRICTED&TRUSTED Uid: 10179 AdministratorUids: [] RequestorUid: 10179 RequestorPackageName: com.google.android.apps.photos] ]
02-20 22:02:24.787   893  1160 D ConnectivityService: NetworkReassignment :
02-20 22:02:24.787   893  1160 D ConnectivityService:   1694 : null  163
02-20 22:02:24.787   893  1160 D ConnectivityService:    accepting network in place of null
02-20 22:02:24.787   893  1160 D ConnectivityService: sending new Min Network Score(60): NetworkRequest [ TRACK_DEFAULT id=1694, [ Capabilities: INTERNET&NOT_RESTRICTED&TRUSTED Uid: 10179 AdministratorUids: [] RequestorUid: 10179 RequestorPackageName: com.google.android.apps.photos] ]
02-20 22:02:24.857   893  2758 D CompatibilityChangeReporter: Compat change id reported: 135634846; UID 10181; state: DISABLED
02-20 22:02:24.857   893  2758 D CompatibilityChangeReporter: Compat change id reported: 135754954; UID 10181; state: ENABLED
02-20 22:02:24.858   893   919 D CompatibilityChangeReporter: Compat change id reported: 143937733; UID 10181; state: ENABLED
02-20 22:02:24.877   893  1140 D performance: handleVmpressure, swap:33 pressure:1 thrashing:-1
02-20 22:02:24.879   893   919 I ActivityManager: Start proc 22133:com.google.android.apps.tachyon/u0a181 for broadcast {com.google.android.apps.tachyon/com.google.android.apps.tachyon.common.applifecycle.LocaleChangeReceiver}
02-20 22:02:25.175   893  1140 D performance: handleVmpressure, swap:33 pressure:1 thrashing:-1
02-20 22:02:25.372   893  2758 D ConnectivityService: Returning BLOCKED NetworkInfo to uid=10181
02-20 22:02:25.406   893  2738 V AlarmManager: set(null) : type=2 listener=android.app.AlarmManager$ListenerWrapper@c2bcefc listenerTag=*job.deadline* triggerAtTime=608541176 win=41562 tElapsed=608541176 maxElapsed=608582738 interval=0 flags=0x0
02-20 22:02:25.438 22133 22133 W ActivityThread: Main thread can not be idle for a long time.
02-20 22:02:25.439   893  2738 V AlarmManager: set(null) : type=3 listener=android.app.AlarmManager$ListenerWrapper@ee384f8 listenerTag=*job.delay* triggerAtTime=608511176 win=19038 tElapsed=608511176 maxElapsed=608530214 interval=0 flags=0x0
02-20 22:02:25.476   893  1140 D performance: handleVmpressure, swap:33 pressure:1 thrashing:-1
02-20 22:02:25.500   893  1249 E SyncManager: SYNC_OP_STATE_INVALID: account doesn't exist.
02-20 22:02:25.510   893   918 I DropBoxManagerService: add tag=system_server_wtf isTagEnabled=true flags=0x2
02-20 22:02:25.587   893  5505 D ConnectivityService: Returning UNBLOCKED NetworkInfo to uid=10181
02-20 22:02:25.872   893  2233 V AlarmManager: set(PendingIntent{1beb3b7: PendingIntentRecord{176a9bc com.google.android.gms/com.google.android.gms.gcm broadcastIntent}}) : type=3 listener=null listenerTag=null triggerAtTime=608785381 win=224366 tElapsed=608785381 maxElapsed=609009747 interval=0 flags=0x0
02-20 22:02:25.883   893  2233 I ActivityManager: Killing 21534:com.google.android.gms.ui/u0a156 (adj 975): empty #17
02-20 22:02:25.887   893  2233 I ActivityManager: Killing 21591:com.google.android.projection.gearhead:projection/u0a150 (adj 985): empty #17
02-20 22:02:25.945   893  5505 V ActivityManager: Clean up application record for ProcessRecord{3dff485 21591:com.google.android.projection.gearhead:projection/u0a150} restarting=false allowRestart=true index=-1 replacingPid=false
02-20 22:02:25.961   893  2248 V ActivityManager: Clean up application record for ProcessRecord{b28cd23 21534:com.google.android.gms.ui/u0a156} restarting=false allowRestart=true index=-1 replacingPid=false
02-20 22:02:26.337   893  1277 D ConnectivityService: ConnectivityService NetworkRequestInfo binderDied(NetworkRequest [ TRACK_DEFAULT id=1688, [ Capabilities: INTERNET&NOT_RESTRICTED&TRUSTED Uid: 10157 AdministratorUids: [] RequestorUid: 10157 RequestorPackageName: com.android.vending] ], android.os.BinderProxy@b0d66)
02-20 22:02:26.337   893  2248 D ConnectivityService: ConnectivityService NetworkRequestInfo binderDied(NetworkRequest [ LISTEN id=1689, [ Capabilities: INTERNET&NOT_RESTRICTED&TRUSTED Uid: 10157 AdministratorUids: [] RequestorUid: 10157 RequestorPackageName: com.android.vending] ], android.os.BinderProxy@5adf8a7)
02-20 22:02:26.337   893  2250 I ActivityManager: Process com.android.vending (pid 21746) has died: cch+5 CEM 
02-20 22:02:26.337   893  2250 V ActivityManager: Clean up application record for ProcessRecord{2aebe1 21746:com.android.vending/u0a157} restarting=false allowRestart=true index=-1 replacingPid=false
02-20 22:02:26.338   893  1160 D ConnectivityService: releasing NetworkRequest [ TRACK_DEFAULT id=1688, [ Capabilities: INTERNET&NOT_RESTRICTED&TRUSTED Uid: 10157 AdministratorUids: [] RequestorUid: 10157 RequestorPackageName: com.android.vending] ] (release request)
02-20 22:02:26.338   893  1160 D ConnectivityService:  Removing from current network [163 WIFI], leaving 37 requests.
02-20 22:02:26.403   893  1175 I UsbPortManager: ClientCallback V1_1: port0
